Archive member included to satisfy reference by file (symbol)

C:/ST/STM32CubeCLT_1.18.0/GNU-tools-for-STM32/bin/../lib/gcc/arm-none-eabi/13.3.1/../../../../arm-none-eabi/lib/thumb/v7e-m+fp/softfp\libc_nano.a(libc_a-exit.o)
                              C:/ST/STM32CubeCLT_1.18.0/GNU-tools-for-STM32/bin/../lib/gcc/arm-none-eabi/13.3.1/../../../../arm-none-eabi/lib/thumb/v7e-m+fp/softfp/crt0.o (exit)
C:/ST/STM32CubeCLT_1.18.0/GNU-tools-for-STM32/bin/../lib/gcc/arm-none-eabi/13.3.1/../../../../arm-none-eabi/lib/thumb/v7e-m+fp/softfp\libc_nano.a(libc_a-findfp.o)
                              C:/ST/STM32CubeCLT_1.18.0/GNU-tools-for-STM32/bin/../lib/gcc/arm-none-eabi/13.3.1/../../../../arm-none-eabi/lib/thumb/v7e-m+fp/softfp\libc_nano.a(libc_a-exit.o) (__stdio_exit_handler)
C:/ST/STM32CubeCLT_1.18.0/GNU-tools-for-STM32/bin/../lib/gcc/arm-none-eabi/13.3.1/../../../../arm-none-eabi/lib/thumb/v7e-m+fp/softfp\libc_nano.a(libc_a-fwalk.o)
                              C:/ST/STM32CubeCLT_1.18.0/GNU-tools-for-STM32/bin/../lib/gcc/arm-none-eabi/13.3.1/../../../../arm-none-eabi/lib/thumb/v7e-m+fp/softfp\libc_nano.a(libc_a-findfp.o) (_fwalk_sglue)
C:/ST/STM32CubeCLT_1.18.0/GNU-tools-for-STM32/bin/../lib/gcc/arm-none-eabi/13.3.1/../../../../arm-none-eabi/lib/thumb/v7e-m+fp/softfp\libc_nano.a(libc_a-stdio.o)
                              C:/ST/STM32CubeCLT_1.18.0/GNU-tools-for-STM32/bin/../lib/gcc/arm-none-eabi/13.3.1/../../../../arm-none-eabi/lib/thumb/v7e-m+fp/softfp\libc_nano.a(libc_a-findfp.o) (__sread)
C:/ST/STM32CubeCLT_1.18.0/GNU-tools-for-STM32/bin/../lib/gcc/arm-none-eabi/13.3.1/../../../../arm-none-eabi/lib/thumb/v7e-m+fp/softfp\libc_nano.a(libc_a-memset.o)
                              C:/ST/STM32CubeCLT_1.18.0/GNU-tools-for-STM32/bin/../lib/gcc/arm-none-eabi/13.3.1/../../../../arm-none-eabi/lib/thumb/v7e-m+fp/softfp/crt0.o (memset)
C:/ST/STM32CubeCLT_1.18.0/GNU-tools-for-STM32/bin/../lib/gcc/arm-none-eabi/13.3.1/../../../../arm-none-eabi/lib/thumb/v7e-m+fp/softfp\libc_nano.a(libc_a-closer.o)
                              C:/ST/STM32CubeCLT_1.18.0/GNU-tools-for-STM32/bin/../lib/gcc/arm-none-eabi/13.3.1/../../../../arm-none-eabi/lib/thumb/v7e-m+fp/softfp\libc_nano.a(libc_a-stdio.o) (_close_r)
C:/ST/STM32CubeCLT_1.18.0/GNU-tools-for-STM32/bin/../lib/gcc/arm-none-eabi/13.3.1/../../../../arm-none-eabi/lib/thumb/v7e-m+fp/softfp\libc_nano.a(libc_a-reent.o)
                              C:/ST/STM32CubeCLT_1.18.0/GNU-tools-for-STM32/bin/../lib/gcc/arm-none-eabi/13.3.1/../../../../arm-none-eabi/lib/thumb/v7e-m+fp/softfp\libc_nano.a(libc_a-closer.o) (errno)
C:/ST/STM32CubeCLT_1.18.0/GNU-tools-for-STM32/bin/../lib/gcc/arm-none-eabi/13.3.1/../../../../arm-none-eabi/lib/thumb/v7e-m+fp/softfp\libc_nano.a(libc_a-impure.o)
                              C:/ST/STM32CubeCLT_1.18.0/GNU-tools-for-STM32/bin/../lib/gcc/arm-none-eabi/13.3.1/../../../../arm-none-eabi/lib/thumb/v7e-m+fp/softfp\libc_nano.a(libc_a-reent.o) (_impure_ptr)
C:/ST/STM32CubeCLT_1.18.0/GNU-tools-for-STM32/bin/../lib/gcc/arm-none-eabi/13.3.1/../../../../arm-none-eabi/lib/thumb/v7e-m+fp/softfp\libc_nano.a(libc_a-lseekr.o)
                              C:/ST/STM32CubeCLT_1.18.0/GNU-tools-for-STM32/bin/../lib/gcc/arm-none-eabi/13.3.1/../../../../arm-none-eabi/lib/thumb/v7e-m+fp/softfp\libc_nano.a(libc_a-stdio.o) (_lseek_r)
C:/ST/STM32CubeCLT_1.18.0/GNU-tools-for-STM32/bin/../lib/gcc/arm-none-eabi/13.3.1/../../../../arm-none-eabi/lib/thumb/v7e-m+fp/softfp\libc_nano.a(libc_a-readr.o)
                              C:/ST/STM32CubeCLT_1.18.0/GNU-tools-for-STM32/bin/../lib/gcc/arm-none-eabi/13.3.1/../../../../arm-none-eabi/lib/thumb/v7e-m+fp/softfp\libc_nano.a(libc_a-stdio.o) (_read_r)
C:/ST/STM32CubeCLT_1.18.0/GNU-tools-for-STM32/bin/../lib/gcc/arm-none-eabi/13.3.1/../../../../arm-none-eabi/lib/thumb/v7e-m+fp/softfp\libc_nano.a(libc_a-writer.o)
                              C:/ST/STM32CubeCLT_1.18.0/GNU-tools-for-STM32/bin/../lib/gcc/arm-none-eabi/13.3.1/../../../../arm-none-eabi/lib/thumb/v7e-m+fp/softfp\libc_nano.a(libc_a-stdio.o) (_write_r)
C:/ST/STM32CubeCLT_1.18.0/GNU-tools-for-STM32/bin/../lib/gcc/arm-none-eabi/13.3.1/../../../../arm-none-eabi/lib/thumb/v7e-m+fp/softfp\libc_nano.a(libc_a-init.o)
                              C:/ST/STM32CubeCLT_1.18.0/GNU-tools-for-STM32/bin/../lib/gcc/arm-none-eabi/13.3.1/../../../../arm-none-eabi/lib/thumb/v7e-m+fp/softfp/crt0.o (__libc_init_array)
C:/ST/STM32CubeCLT_1.18.0/GNU-tools-for-STM32/bin/../lib/gcc/arm-none-eabi/13.3.1/../../../../arm-none-eabi/lib/thumb/v7e-m+fp/softfp\libc_nano.a(libc_a-lock.o)
                              C:/ST/STM32CubeCLT_1.18.0/GNU-tools-for-STM32/bin/../lib/gcc/arm-none-eabi/13.3.1/../../../../arm-none-eabi/lib/thumb/v7e-m+fp/softfp\libc_nano.a(libc_a-findfp.o) (__retarget_lock_init_recursive)
C:/ST/STM32CubeCLT_1.18.0/GNU-tools-for-STM32/bin/../lib/gcc/arm-none-eabi/13.3.1/../../../../arm-none-eabi/lib/thumb/v7e-m+fp/softfp\libc_nano.a(libc_a-freer.o)
[...]
Memory Configuration

Name             Origin             Length             Attributes
RAM              0x20000000         0x00020000         xrw
CCMRAM           0x10000000         0x00010000         xrw
FLASH            0x08000000         0x00100000         xr
*default*        0x00000000         0xffffffff

Linker script and memory map

LOAD C:/ST/STM32CubeCLT_1.18.0/GNU-tools-for-STM32/bin/../lib/gcc/arm-none-eabi/13.3.1/thumb/v7e-m+fp/softfp/crti.o
LOAD C:/ST/STM32CubeCLT_1.18.0/GNU-tools-for-STM32/bin/../lib/gcc/arm-none-eabi/13.3.1/thumb/v7e-m+fp/softfp/crtbegin.o
LOAD C:/ST/STM32CubeCLT_1.18.0/GNU-tools-for-STM32/bin/../lib/gcc/arm-none-eabi/13.3.1/../../../../arm-none-eabi/lib/thumb/v7e-m+fp/softfp/crt0.o
START GROUP
LOAD C:/ST/STM32CubeCLT_1.18.0/GNU-tools-for-STM32/bin/../lib/gcc/arm-none-eabi/13.3.1/../../../../arm-none-eabi/lib/thumb/v7e-m+fp/softfp\libc_nano.a
LOAD C:/ST/STM32CubeCLT_1.18.0/GNU-tools-for-STM32/bin/../lib/gcc/arm-none-eabi/13.3.1/../../../../arm-none-eabi/lib/thumb/v7e-m+fp/softfp\libm.a
END GROUP
LOAD cmake/stm32cubemx/CMakeFiles/STM32_Drivers.dir/__/__/Core/Src/system_stm32f4xx.c.obj
LOAD cmake/stm32cubemx/CMakeFiles/STM32_Drivers.dir/__/__/Drivers/STM32F4xx_HAL_Driver/Src/stm32f4xx_hal_i2s.c.obj
LOAD cmake/stm32cubemx/CMakeFiles/STM32_Drivers.dir/__/__/Drivers/STM32F4xx_HAL_Driver/Src/stm32f4xx_hal_i2s_ex.c.obj
LOAD cmake/stm32cubemx/CMakeFiles/STM32_Drivers.dir/__/__/Drivers/STM32F4xx_HAL_Driver/Src/stm32f4xx_hal_rcc.c.obj
LOAD cmake/stm32cubemx/CMakeFiles/STM32_Drivers.dir/__/__/Drivers/STM32F4xx_HAL_Driver/Src/stm32f4xx_hal_rcc_ex.c.obj
LOAD cmake/stm32cubemx/CMakeFiles/STM32_Drivers.dir/__/__/Drivers/STM32F4xx_HAL_Driver/Src/stm32f4xx_hal_flash.c.obj
LOAD cmake/stm32cubemx/CMakeFiles/STM32_Drivers.dir/__/__/Drivers/STM32F4xx_HAL_Driver/Src/stm32f4xx_hal_flash_ex.c.obj
LOAD cmake/stm32cubemx/CMakeFiles/STM32_Drivers.dir/__/__/Drivers/STM32F4xx_HAL_Driver/Src/stm32f4xx_hal_flash_ramfunc.c.obj
LOAD cmake/stm32cubemx/CMakeFiles/STM32_Drivers.dir/__/__/Drivers/STM32F4xx_HAL_Driver/Src/stm32f4xx_hal_gpio.c.obj
LOAD cmake/stm32cubemx/CMakeFiles/STM32_Drivers.dir/__/__/Drivers/STM32F4xx_HAL_Driver/Src/stm32f4xx_hal_dma_ex.c.obj
LOAD cmake/stm32cubemx/CMakeFiles/STM32_Drivers.dir/__/__/Drivers/STM32F4xx_HAL_Driver/Src/stm32f4xx_hal_dma.c.obj
LOAD cmake/stm32cubemx/CMakeFiles/STM32_Drivers.dir/__/__/Drivers/STM32F4xx_HAL_Driver/Src/stm32f4xx_hal_pwr.c.obj
LOAD cmake/stm32cubemx/CMakeFiles/STM32_Drivers.dir/__/__/Drivers/STM32F4xx_HAL_Driver/Src/stm32f4xx_hal_pwr_ex.c.obj
LOAD cmake/stm32cubemx/CMakeFiles/STM32_Drivers.dir/__/__/Drivers/STM32F4xx_HAL_Driver/Src/stm32f4xx_hal_cortex.c.obj
LOAD cmake/stm32cubemx/CMakeFiles/STM32_Drivers.dir/__/__/Drivers/STM32F4xx_HAL_Driver/Src/stm32f4xx_hal.c.obj
LOAD cmake/stm32cubemx/CMakeFiles/STM32_Drivers.dir/__/__/Drivers/STM32F4xx_HAL_Driver/Src/stm32f4xx_hal_exti.c.obj
LOAD cmake/stm32cubemx/CMakeFiles/STM32_Drivers.dir/__/__/Drivers/STM32F4xx_HAL_Driver/Src/stm32f4xx_ll_rcc.c.obj
LOAD cmake/stm32cubemx/CMakeFiles/STM32_Drivers.dir/__/__/Drivers/STM32F4xx_HAL_Driver/Src/stm32f4xx_ll_utils.c.obj
LOAD cmake/stm32cubemx/CMakeFiles/STM32_Drivers.dir/__/__/Drivers/STM32F4xx_HAL_Driver/Src/stm32f4xx_ll_exti.c.obj
LOAD cmake/stm32cubemx/CMakeFiles/STM32_Drivers.dir/__/__/Drivers/STM32F4xx_HAL_Driver/Src/stm32f4xx_ll_sdmmc.c.obj
LOAD cmake/stm32cubemx/CMakeFiles/STM32_Drivers.dir/__/__/Drivers/STM32F4xx_HAL_Driver/Src/stm32f4xx_hal_sd.c.obj
LOAD cmake/stm32cubemx/CMakeFiles/STM32_Drivers.dir/__/__/Drivers/STM32F4xx_HAL_Driver/Src/stm32f4xx_hal_mmc.c.obj
LOAD cmake/stm32cubemx/CMakeFiles/STM32_Drivers.dir/__/__/Drivers/STM32F4xx_HAL_Driver/Src/stm32f4xx_ll_tim.c.obj
LOAD cmake/stm32cubemx/CMakeFiles/STM32_Drivers.dir/__/__/Drivers/STM32F4xx_HAL_Driver/Src/stm32f4xx_ll_gpio.c.obj
LOAD cmake/stm32cubemx/CMakeFiles/STM32_Drivers.dir/__/__/Drivers/STM32F4xx_HAL_Driver/Src/stm32f4xx_ll_dma.c.obj
LOAD cmake/stm32cubemx/CMakeFiles/STM32_Drivers.dir/__/__/Drivers/STM32F4xx_HAL_Driver/Src/stm32f4xx_ll_usart.c.obj
LOAD CMakeFiles/OpenMp3Trigger.dir/Core/Src/main.c.obj
LOAD CMakeFiles/OpenMp3Trigger.dir/Core/Src/stm32f4xx_it.c.obj
LOAD CMakeFiles/OpenMp3Trigger.dir/Core/Src/stm32f4xx_hal_msp.c.obj
LOAD CMakeFiles/OpenMp3Trigger.dir/Core/Src/sysmem.c.obj
LOAD CMakeFiles/OpenMp3Trigger.dir/Core/Src/syscalls.c.obj
LOAD CMakeFiles/OpenMp3Trigger.dir/startup_stm32f405xx.s.obj
LOAD CMakeFiles/OpenMp3Trigger.dir/App/Src/memory.c.obj
LOAD CMakeFiles/OpenMp3Trigger.dir/App/Src/bios.c.obj
LOAD CMakeFiles/OpenMp3Trigger.dir/App/Src/player.c.obj
LOAD CMakeFiles/OpenMp3Trigger.dir/App/Src/mp3decode.c.obj
LOAD CMakeFiles/OpenMp3Trigger.dir/App/Src/dsp.c.obj
LOAD CMakeFiles/OpenMp3Trigger.dir/App/Src/mp3.c.obj
LOAD CMakeFiles/OpenMp3Trigger.dir/App/Src/ffdisk.c.obj
LOAD CMakeFiles/OpenMp3Trigger.dir/App/FatFs/ff.c.obj
LOAD C:/Projects/STM32-VSC/OpenMP3Trigger/App/Lib\lib_mp3decoder_cortex_m4_v2.2.0.a
START GROUP
LOAD C:/ST/STM32CubeCLT_1.18.0/GNU-tools-for-STM32/bin/../lib/gcc/arm-none-eabi/13.3.1/thumb/v7e-m+fp/softfp\libgcc.a
LOAD C:/ST/STM32CubeCLT_1.18.0/GNU-tools-for-STM32/bin/../lib/gcc/arm-none-eabi/13.3.1/../../../../arm-none-eabi/lib/thumb/v7e-m+fp/softfp\libg_nano.a
LOAD C:/ST/STM32CubeCLT_1.18.0/GNU-tools-for-STM32/bin/../lib/gcc/arm-none-eabi/13.3.1/../../../../arm-none-eabi/lib/thumb/v7e-m+fp/softfp\libc_nano.a
END GROUP
START GROUP
LOAD C:/ST/STM32CubeCLT_1.18.0/GNU-tools-for-STM32/bin/../lib/gcc/arm-none-eabi/13.3.1/thumb/v7e-m+fp/softfp\libgcc.a
LOAD C:/ST/STM32CubeCLT_1.18.0/GNU-tools-for-STM32/bin/../lib/gcc/arm-none-eabi/13.3.1/../../../../arm-none-eabi/lib/thumb/v7e-m+fp/softfp\libc_nano.a
END GROUP
LOAD C:/ST/STM32CubeCLT_1.18.0/GNU-tools-for-STM32/bin/../lib/gcc/arm-none-eabi/13.3.1/thumb/v7e-m+fp/softfp/crtend.o
LOAD C:/ST/STM32CubeCLT_1.18.0/GNU-tools-for-STM32/bin/../lib/gcc/arm-none-eabi/13.3.1/thumb/v7e-m+fp/softfp/crtn.o
                0x20020000                        _estack = (ORIGIN (RAM) + LENGTH (RAM))
                0x00000200                        _Min_Heap_Size = 0x200
                0x00000800                        _Min_Stack_Size = 0x800

.isr_vector     0x08000000      0x188
                0x08000000                        . = ALIGN (0x4)
 *(.isr_vector)
 .isr_vector    0x08000000      0x188 CMakeFiles/OpenMp3Trigger.dir/startup_stm32f405xx.s.obj
                0x08000000                g_pfnVectors
                0x08000188                        . = ALIGN (0x4)

.text           0x08000188     0x9a2c
                0x08000188                        . = ALIGN (0x4)
 *(.text)
 .text          0x08000188       0x40 C:/ST/STM32CubeCLT_1.18.0/GNU-tools-for-STM32/bin/../lib/gcc/arm-none-eabi/13.3.1/thumb/v7e-m+fp/softfp/crtbegin.o
 .text          0x080001c8     0x11e8 C:/Projects/STM32-VSC/OpenMP3Trigger/App/Lib\lib_mp3decoder_cortex_m4_v2.2.0.a(mp3d_htab_armv4.o)
                0x080001c8                MP3D_SPCORP_Symbol_007
                0x080001dc                MP3D_SPCORP_Symbol_011
                0x0800020e                MP3D_SPCORP_Symbol_019
                0x0800023c                MP3D_SPCORP_Symbol_021
                0x08000260                MP3D_SPCORP_Symbol_018
                0x080002be                MP3D_SPCORP_Symbol_022
                0x080002d6                MP3D_SPCORP_Symbol_023
                0x080002f8                MP3D_SPCORP_Symbol_002
                0x08000370                MP3D_SPCORP_Symbol_003
                0x08000374                MP3D_SPCORP_Symbol_017
                0x080003a0                MP3D_SPCORP_Symbol_016
                0x080003e0                MP3D_SPCORP_Symbol_004
                0x08000490                MP3D_SPCORP_Symbol_005
                0x0800049e                MP3D_SPCORP_Symbol_010
                0x08000642                MP3D_SPCORP_Symbol_008
                0x08000652                MP3D_SPCORP_Symbol_009
                0x0800065e                MP3D_SPCORP_Symbol_020
                0x08000734                MP3D_SPCORP_Symbol_025
                0x080008a0                MP3D_SPCORP_Symbol_026
                0x08000a1a                MP3D_SPCORP_Symbol_015
                0x08000d9a                MP3D_SPCORP_Symbol_014
                0x08000e68                MP3D_SPCORP_Symbol_034
                0x08000eba                SpiritMP3DecoderInit
                0x08000f04                SpiritMP3Decode
                0x08001022                SpiritMP3DecoderGetPersistentSize
 .text          0x080013b0      0x168 C:/Projects/STM32-VSC/OpenMP3Trigger/App/Lib\lib_mp3decoder_cortex_m4_v2.2.0.a(mp3d_bitio_armv4.o)
                0x080013b0                MP3D_SPCORP_Symbol_006
                0x0800146c                MP3D_SPCORP_Symbol_012
 .text          0x08001518      0x19a C:/Projects/STM32-VSC/OpenMP3Trigger/App/Lib\lib_mp3decoder_cortex_m4_v2.2.0.a(mp3d_copypcmsamples_armv4.o)
                0x08001518                MP3D_SPCORP_Symbol_013
 *fill*         0x080016b2        0x2 
 .text          0x080016b4       0xc0 C:/Projects/STM32-VSC/OpenMP3Trigger/App/Lib\lib_mp3decoder_cortex_m4_v2.2.0.a(mp3d_dealias_armv5e.o)
                0x080016b4                MP3D_SPCORP_Symbol_001
 .text          0x08001774      0x578 C:/Projects/STM32-VSC/OpenMP3Trigger/App/Lib\lib_mp3decoder_cortex_m4_v2.2.0.a(mp3d_huffdec_armv7e-m.o)
                0x0800189c                MP3D_SPCORP_Symbol_027
                0x08001b68                MP3D_SPCORP_Symbol_000
 .text          0x08001cec      0x708 C:/Projects/STM32-VSC/OpenMP3Trigger/App/Lib\lib_mp3decoder_cortex_m4_v2.2.0.a(mp3d_imdct3612_armv5e.o)
                0x08002394                MP3D_SPCORP_Symbol_028
 .text          0x080023f4       0xb4 C:/Projects/STM32-VSC/OpenMP3Trigger/App/Lib\lib_mp3decoder_cortex_m4_v2.2.0.a(mp3d_reorder_armv4.o)
                0x080023f4                MP3D_SPCORP_Symbol_032
 .text          0x080024a8      0x234 C:/Projects/STM32-VSC/OpenMP3Trigger/App/Lib\lib_mp3decoder_cortex_m4_v2.2.0.a(mp3d_stereo_armv4.o)
                0x080024a8                MP3D_SPCORP_Symbol_031
                0x08002544                MP3D_SPCORP_Symbol_029
 .text          0x080026dc      0xd5c C:/Projects/STM32-VSC/OpenMP3Trigger/App/Lib\lib_mp3decoder_cortex_m4_v2.2.0.a(mp3d_synfilt_armv7e-m.o)
                0x080033f8                MP3D_SPCORP_Symbol_033
 .text          0x08003438       0x30 C:/ST/STM32CubeCLT_1.18.0/GNU-tools-for-STM32/bin/../lib/gcc/arm-none-eabi/13.3.1/thumb/v7e-m+fp/softfp\libgcc.a(_aeabi_uldivmod.o)
                0x08003438                __aeabi_uldivmod
 .text          0x08003468      0x2f8 C:/ST/STM32CubeCLT_1.18.0/GNU-tools-for-STM32/bin/../lib/gcc/arm-none-eabi/13.3.1/thumb/v7e-m+fp/softfp\libgcc.a(_udivmoddi4.o)
                0x08003468                __udivmoddi4
 .text          0x08003760        0x4 C:/ST/STM32CubeCLT_1.18.0/GNU-tools-for-STM32/bin/../lib/gcc/arm-none-eabi/13.3.1/thumb/v7e-m+fp/softfp\libgcc.a(_dvmd_tls.o)
                0x08003760                __aeabi_idiv0
                0x08003760                __aeabi_ldiv0
 *(.text*)
 .text.memset   0x08003764       0x10 C:/ST/STM32CubeCLT_1.18.0/GNU-tools-for-STM32/bin/../lib/gcc/arm-none-eabi/13.3.1/../../../../arm-none-eabi/lib/thumb/v7e-m+fp/softfp\libc_nano.a(libc_a-memset.o)
                0x08003764                memset
 .text.__libc_init_array
                0x08003774       0x48 C:/ST/STM32CubeCLT_1.18.0/GNU-tools-for-STM32/bin/../lib/gcc/arm-none-eabi/13.3.1/../../../../arm-none-eabi/lib/thumb/v7e-m+fp/softfp\libc_nano.a(libc_a-init.o)
                0x08003774                __libc_init_array
 .text.SystemInit
                0x080037bc       0x24 cmake/stm32cubemx/CMakeFiles/STM32_Drivers.dir/__/__/Core/Src/system_stm32f4xx.c.obj
                0x080037bc                SystemInit
 .text.HAL_I2S_Init
                0x080037e0      0x280 cmake/stm32cubemx/CMakeFiles/STM32_Drivers.dir/__/__/Drivers/STM32F4xx_HAL_Driver/Src/stm32f4xx_hal_i2s.c.obj
                0x080037e0                HAL_I2S_Init
 .text.HAL_I2S_IRQHandler
                0x08003a60       0x18 cmake/stm32cubemx/CMakeFiles/STM32_Drivers.dir/__/__/Drivers/STM32F4xx_HAL_Driver/Src/stm32f4xx_hal_i2s.c.obj
                0x08003a60                HAL_I2S_IRQHandler
 .text.HAL_I2S_TxCpltCallback
                0x08003a78       0x14 cmake/stm32cubemx/CMakeFiles/STM32_Drivers.dir/__/__/Drivers/STM32F4xx_HAL_Driver/Src/stm32f4xx_hal_i2s.c.obj
                0x08003a78                HAL_I2S_TxCpltCallback
 .text.HAL_I2S_RxCpltCallback
                0x08003a8c       0x14 cmake/stm32cubemx/CMakeFiles/STM32_Drivers.dir/__/__/Drivers/STM32F4xx_HAL_Driver/Src/stm32f4xx_hal_i2s.c.obj
                0x08003a8c                HAL_I2S_RxCpltCallback
 .text.HAL_I2S_ErrorCallback
                0x08003aa0       0x14 cmake/stm32cubemx/CMakeFiles/STM32_Drivers.dir/__/__/Drivers/STM32F4xx_HAL_Driver/Src/stm32f4xx_hal_i2s.c.obj
                0x08003aa0                HAL_I2S_ErrorCallback
 .text.I2S_Transmit_IT
                0x08003ab4       0x5c cmake/stm32cubemx/CMakeFiles/STM32_Drivers.dir/__/__/Drivers/STM32F4xx_HAL_Driver/Src/stm32f4xx_hal_i2s.c.obj
 .text.I2S_Receive_IT
                0x08003b10       0x5e cmake/stm32cubemx/CMakeFiles/STM32_Drivers.dir/__/__/Drivers/STM32F4xx_HAL_Driver/Src/stm32f4xx_hal_i2s.c.obj
 .text.I2S_IRQHandler
                0x08003b6e      0x114 cmake/stm32cubemx/CMakeFiles/STM32_Drivers.dir/__/__/Drivers/STM32F4xx_HAL_Driver/Src/stm32f4xx_hal_i2s.c.obj
 *fill*         0x08003c82        0x2 
 .text.HAL_I2SEx_FullDuplex_IRQHandler
                0x08003c84      0x2a8 cmake/stm32cubemx/CMakeFiles/STM32_Drivers.dir/__/__/Drivers/STM32F4xx_HAL_Driver/Src/stm32f4xx_hal_i2s_ex.c.obj
                0x08003c84                HAL_I2SEx_FullDuplex_IRQHandler
 .text.HAL_I2SEx_TxRxCpltCallback
                0x08003f2c       0x14 cmake/stm32cubemx/CMakeFiles/STM32_Drivers.dir/__/__/Drivers/STM32F4xx_HAL_Driver/Src/stm32f4xx_hal_i2s_ex.c.obj
                0x08003f2c                HAL_I2SEx_TxRxCpltCallback
 .text.I2SEx_TxISR_I2S
                0x08003f40       0x62 cmake/stm32cubemx/CMakeFiles/STM32_Drivers.dir/__/__/Drivers/STM32F4xx_HAL_Driver/Src/stm32f4xx_hal_i2s_ex.c.obj
 *fill*         0x08003fa2        0x2 
 .text.I2SEx_TxISR_I2SExt
                0x08003fa4       0x98 cmake/stm32cubemx/CMakeFiles/STM32_Drivers.dir/__/__/Drivers/STM32F4xx_HAL_Driver/Src/stm32f4xx_hal_i2s_ex.c.obj
 .text.I2SEx_RxISR_I2S
                0x0800403c       0x64 cmake/stm32cubemx/CMakeFiles/STM32_Drivers.dir/__/__/Drivers/STM32F4xx_HAL_Driver/Src/stm32f4xx_hal_i2s_ex.c.obj
 .text.I2SEx_RxISR_I2SExt
                0x080040a0       0x98 cmake/stm32cubemx/CMakeFiles/STM32_Drivers.dir/__/__/Drivers/STM32F4xx_HAL_Driver/Src/stm32f4xx_hal_i2s_ex.c.obj
 .text.HAL_RCC_OscConfig
                0x08004138      0x4f0 cmake/stm32cubemx/CMakeFiles/STM32_Drivers.dir/__/__/Drivers/STM32F4xx_HAL_Driver/Src/stm32f4xx_hal_rcc.c.obj
                0x08004138                HAL_RCC_OscConfig
 .text.HAL_RCC_ClockConfig
                0x08004628      0x1cc cmake/stm32cubemx/CMakeFiles/STM32_Drivers.dir/__/__/Drivers/STM32F4xx_HAL_Driver/Src/stm32f4xx_hal_rcc.c.obj
                0x08004628                HAL_RCC_ClockConfig
 .text.HAL_RCC_GetSysClockFreq
                0x080047f4      0x20c cmake/stm32cubemx/CMakeFiles/STM32_Drivers.dir/__/__/Drivers/STM32F4xx_HAL_Driver/Src/stm32f4xx_hal_rcc.c.obj
                0x080047f4                HAL_RCC_GetSysClockFreq
 .text.HAL_RCCEx_PeriphCLKConfig
                0x08004a00      0x1c4 cmake/stm32cubemx/CMakeFiles/STM32_Drivers.dir/__/__/Drivers/STM32F4xx_HAL_Driver/Src/stm32f4xx_hal_rcc_ex.c.obj
                0x08004a00                HAL_RCCEx_PeriphCLKConfig
 .text.HAL_RCCEx_GetPeriphCLKFreq
                0x08004bc4       0xc0 cmake/stm32cubemx/CMakeFiles/STM32_Drivers.dir/__/__/Drivers/STM32F4xx_HAL_Driver/Src/stm32f4xx_hal_rcc_ex.c.obj
                0x08004bc4                HAL_RCCEx_GetPeriphCLKFreq
 .text.HAL_GPIO_Init
                0x08004c84      0x338 cmake/stm32cubemx/CMakeFiles/STM32_Drivers.dir/__/__/Drivers/STM32F4xx_HAL_Driver/Src/stm32f4xx_hal_gpio.c.obj
                0x08004c84                HAL_GPIO_Init
 .text.HAL_GPIO_ReadPin
                0x08004fbc       0x30 cmake/stm32cubemx/CMakeFiles/STM32_Drivers.dir/__/__/Drivers/STM32F4xx_HAL_Driver/Src/stm32f4xx_hal_gpio.c.obj
                0x08004fbc                HAL_GPIO_ReadPin
 .text.HAL_GPIO_WritePin
                0x08004fec       0x32 cmake/stm32cubemx/CMakeFiles/STM32_Drivers.dir/__/__/Drivers/STM32F4xx_HAL_Driver/Src/stm32f4xx_hal_gpio.c.obj
                0x08004fec                HAL_GPIO_WritePin
 *fill*         0x0800501e        0x2 
 .text.HAL_DMA_Init
                0x08005020      0x15c cmake/stm32cubemx/CMakeFiles/STM32_Drivers.dir/__/__/Drivers/STM32F4xx_HAL_Driver/Src/stm32f4xx_hal_dma.c.obj
                0x08005020                HAL_DMA_Init
 .text.HAL_DMA_Abort_IT
                0x0800517c       0x44 cmake/stm32cubemx/CMakeFiles/STM32_Drivers.dir/__/__/Drivers/STM32F4xx_HAL_Driver/Src/stm32f4xx_hal_dma.c.obj
                0x0800517c                HAL_DMA_Abort_IT
 .text.HAL_DMA_IRQHandler
                0x080051c0      0x314 cmake/stm32cubemx/CMakeFiles/STM32_Drivers.dir/__/__/Drivers/STM32F4xx_HAL_Driver/Src/stm32f4xx_hal_dma.c.obj
                0x080051c0                HAL_DMA_IRQHandler
 .text.DMA_CalcBaseAndBitshift
                0x080054d4       0x6c cmake/stm32cubemx/CMakeFiles/STM32_Drivers.dir/__/__/Drivers/STM32F4xx_HAL_Driver/Src/stm32f4xx_hal_dma.c.obj
 .text.DMA_CheckFifoParam
                0x08005540       0xf8 cmake/stm32cubemx/CMakeFiles/STM32_Drivers.dir/__/__/Drivers/STM32F4xx_HAL_Driver/Src/stm32f4xx_hal_dma.c.obj
 .text.__NVIC_SetPriorityGrouping
                0x08005638       0x48 cmake/stm32cubemx/CMakeFiles/STM32_Drivers.dir/__/__/Drivers/STM32F4xx_HAL_Driver/Src/stm32f4xx_hal_cortex.c.obj
 .text.__NVIC_GetPriorityGrouping
                0x08005680       0x1c cmake/stm32cubemx/CMakeFiles/STM32_Drivers.dir/__/__/Drivers/STM32F4xx_HAL_Driver/Src/stm32f4xx_hal_cortex.c.obj
 .text.__NVIC_EnableIRQ
                0x0800569c       0x3c cmake/stm32cubemx/CMakeFiles/STM32_Drivers.dir/__/__/Drivers/STM32F4xx_HAL_Driver/Src/stm32f4xx_hal_cortex.c.obj
 .text.__NVIC_SetPriority
                0x080056d8       0x54 cmake/stm32cubemx/CMakeFiles/STM32_Drivers.dir/__/__/Drivers/STM32F4xx_HAL_Driver/Src/stm32f4xx_hal_cortex.c.obj
 .text.NVIC_EncodePriority
                0x0800572c       0x66 cmake/stm32cubemx/CMakeFiles/STM32_Drivers.dir/__/__/Drivers/STM32F4xx_HAL_Driver/Src/stm32f4xx_hal_cortex.c.obj
 *fill*         0x08005792        0x2 
 .text.SysTick_Config
                0x08005794       0x44 cmake/stm32cubemx/CMakeFiles/STM32_Drivers.dir/__/__/Drivers/STM32F4xx_HAL_Driver/Src/stm32f4xx_hal_cortex.c.obj
 .text.HAL_NVIC_SetPriorityGrouping
                0x080057d8       0x16 cmake/stm32cubemx/CMakeFiles/STM32_Drivers.dir/__/__/Drivers/STM32F4xx_HAL_Driver/Src/stm32f4xx_hal_cortex.c.obj
                0x080057d8                HAL_NVIC_SetPriorityGrouping
 .text.HAL_NVIC_SetPriority
                0x080057ee       0x38 cmake/stm32cubemx/CMakeFiles/STM32_Drivers.dir/__/__/Drivers/STM32F4xx_HAL_Driver/Src/stm32f4xx_hal_cortex.c.obj
                0x080057ee                HAL_NVIC_SetPriority
 .text.HAL_NVIC_EnableIRQ
                0x08005826       0x1c cmake/stm32cubemx/CMakeFiles/STM32_Drivers.dir/__/__/Drivers/STM32F4xx_HAL_Driver/Src/stm32f4xx_hal_cortex.c.obj
                0x08005826                HAL_NVIC_EnableIRQ
 .text.HAL_SYSTICK_Config
                0x08005842       0x18 cmake/stm32cubemx/CMakeFiles/STM32_Drivers.dir/__/__/Drivers/STM32F4xx_HAL_Driver/Src/stm32f4xx_hal_cortex.c.obj
                0x08005842                HAL_SYSTICK_Config
 *fill*         0x0800585a        0x2 
 .text.HAL_Init
                0x0800585c       0x44 cmake/stm32cubemx/CMakeFiles/STM32_Drivers.dir/__/__/Drivers/STM32F4xx_HAL_Driver/Src/stm32f4xx_hal.c.obj
                0x0800585c                HAL_Init
 .text.HAL_InitTick
                0x080058a0       0x60 cmake/stm32cubemx/CMakeFiles/STM32_Drivers.dir/__/__/Drivers/STM32F4xx_HAL_Driver/Src/stm32f4xx_hal.c.obj
                0x080058a0                HAL_InitTick
 .text.HAL_IncTick
                0x08005900       0x28 cmake/stm32cubemx/CMakeFiles/STM32_Drivers.dir/__/__/Drivers/STM32F4xx_HAL_Driver/Src/stm32f4xx_hal.c.obj
                0x08005900                HAL_IncTick
 .text.HAL_GetTick
                0x08005928       0x18 cmake/stm32cubemx/CMakeFiles/STM32_Drivers.dir/__/__/Drivers/STM32F4xx_HAL_Driver/Src/stm32f4xx_hal.c.obj
                0x08005928                HAL_GetTick
 .text.HAL_Delay
                0x08005940       0x48 cmake/stm32cubemx/CMakeFiles/STM32_Drivers.dir/__/__/Drivers/STM32F4xx_HAL_Driver/Src/stm32f4xx_hal.c.obj
                0x08005940                HAL_Delay
 .text.LL_RCC_GetSysClkSource
                0x08005988       0x1c cmake/stm32cubemx/CMakeFiles/STM32_Drivers.dir/__/__/Drivers/STM32F4xx_HAL_Driver/Src/stm32f4xx_ll_rcc.c.obj
 .text.LL_RCC_GetAHBPrescaler
                0x080059a4       0x1c cmake/stm32cubemx/CMakeFiles/STM32_Drivers.dir/__/__/Drivers/STM32F4xx_HAL_Driver/Src/stm32f4xx_ll_rcc.c.obj
 .text.LL_RCC_GetAPB1Prescaler
                0x080059c0       0x1c cmake/stm32cubemx/CMakeFiles/STM32_Drivers.dir/__/__/Drivers/STM32F4xx_HAL_Driver/Src/stm32f4xx_ll_rcc.c.obj
 .text.LL_RCC_GetAPB2Prescaler
                0x080059dc       0x1c cmake/stm32cubemx/CMakeFiles/STM32_Drivers.dir/__/__/Drivers/STM32F4xx_HAL_Driver/Src/stm32f4xx_ll_rcc.c.obj
 .text.LL_RCC_PLL_GetMainSource
                0x080059f8       0x1c cmake/stm32cubemx/CMakeFiles/STM32_Drivers.dir/__/__/Drivers/STM32F4xx_HAL_Driver/Src/stm32f4xx_ll_rcc.c.obj
 .text.LL_RCC_PLL_GetN
                0x08005a14       0x1c cmake/stm32cubemx/CMakeFiles/STM32_Drivers.dir/__/__/Drivers/STM32F4xx_HAL_Driver/Src/stm32f4xx_ll_rcc.c.obj
 .text.LL_RCC_PLL_GetP
                0x08005a30       0x1c cmake/stm32cubemx/CMakeFiles/STM32_Drivers.dir/__/__/Drivers/STM32F4xx_HAL_Driver/Src/stm32f4xx_ll_rcc.c.obj
 .text.LL_RCC_PLL_GetDivider
                0x08005a4c       0x1c cmake/stm32cubemx/CMakeFiles/STM32_Drivers.dir/__/__/Drivers/STM32F4xx_HAL_Driver/Src/stm32f4xx_ll_rcc.c.obj
 .text.LL_RCC_GetSystemClocksFreq
                0x08005a68       0x4a cmake/stm32cubemx/CMakeFiles/STM32_Drivers.dir/__/__/Drivers/STM32F4xx_HAL_Driver/Src/stm32f4xx_ll_rcc.c.obj
                0x08005a68                LL_RCC_GetSystemClocksFreq
 *fill*         0x08005ab2        0x2 
 .text.RCC_GetSystemClockFreq
                0x08005ab4       0x50 cmake/stm32cubemx/CMakeFiles/STM32_Drivers.dir/__/__/Drivers/STM32F4xx_HAL_Driver/Src/stm32f4xx_ll_rcc.c.obj
                0x08005ab4                RCC_GetSystemClockFreq
 .text.RCC_GetHCLKClockFreq
                0x08005b04       0x2c cmake/stm32cubemx/CMakeFiles/STM32_Drivers.dir/__/__/Drivers/STM32F4xx_HAL_Driver/Src/stm32f4xx_ll_rcc.c.obj
                0x08005b04                RCC_GetHCLKClockFreq
 .text.RCC_GetPCLK1ClockFreq
                0x08005b30       0x28 cmake/stm32cubemx/CMakeFiles/STM32_Drivers.dir/__/__/Drivers/STM32F4xx_HAL_Driver/Src/stm32f4xx_ll_rcc.c.obj
                0x08005b30                RCC_GetPCLK1ClockFreq
 .text.RCC_GetPCLK2ClockFreq
                0x08005b58       0x28 cmake/stm32cubemx/CMakeFiles/STM32_Drivers.dir/__/__/Drivers/STM32F4xx_HAL_Driver/Src/stm32f4xx_ll_rcc.c.obj
                0x08005b58                RCC_GetPCLK2ClockFreq
 .text.RCC_PLL_GetFreqDomain_SYS
                0x08005b80       0x7c cmake/stm32cubemx/CMakeFiles/STM32_Drivers.dir/__/__/Drivers/STM32F4xx_HAL_Driver/Src/stm32f4xx_ll_rcc.c.obj
                0x08005b80                RCC_PLL_GetFreqDomain_SYS
 .text.SDIO_Init
                0x08005bfc       0x56 cmake/stm32cubemx/CMakeFiles/STM32_Drivers.dir/__/__/Drivers/STM32F4xx_HAL_Driver/Src/stm32f4xx_ll_sdmmc.c.obj
                0x08005bfc                SDIO_Init
 .text.SDIO_ReadFIFO
                0x08005c52       0x1a cmake/stm32cubemx/CMakeFiles/STM32_Drivers.dir/__/__/Drivers/STM32F4xx_HAL_Driver/Src/stm32f4xx_ll_sdmmc.c.obj
                0x08005c52                SDIO_ReadFIFO
 .text.SDIO_WriteFIFO
                0x08005c6c       0x22 cmake/stm32cubemx/CMakeFiles/STM32_Drivers.dir/__/__/Drivers/STM32F4xx_HAL_Driver/Src/stm32f4xx_ll_sdmmc.c.obj
                0x08005c6c                SDIO_WriteFIFO
 .text.SDIO_PowerState_ON
                0x08005c8e       0x1c cmake/stm32cubemx/CMakeFiles/STM32_Drivers.dir/__/__/Drivers/STM32F4xx_HAL_Driver/Src/stm32f4xx_ll_sdmmc.c.obj
                0x08005c8e                SDIO_PowerState_ON
 .text.SDIO_GetPowerState
                0x08005caa       0x1c cmake/stm32cubemx/CMakeFiles/STM32_Drivers.dir/__/__/Drivers/STM32F4xx_HAL_Driver/Src/stm32f4xx_ll_sdmmc.c.obj
                0x08005caa                SDIO_GetPowerState
 .text.SDIO_SendCommand
                0x08005cc6       0x54 cmake/stm32cubemx/CMakeFiles/STM32_Drivers.dir/__/__/Drivers/STM32F4xx_HAL_Driver/Src/stm32f4xx_ll_sdmmc.c.obj
                0x08005cc6                SDIO_SendCommand
 .text.SDIO_GetCommandResponse
                0x08005d1a       0x1a cmake/stm32cubemx/CMakeFiles/STM32_Drivers.dir/__/__/Drivers/STM32F4xx_HAL_Driver/Src/stm32f4xx_ll_sdmmc.c.obj
                0x08005d1a                SDIO_GetCommandResponse
 .text.SDIO_GetResponse
                0x08005d34       0x26 cmake/stm32cubemx/CMakeFiles/STM32_Drivers.dir/__/__/Drivers/STM32F4xx_HAL_Driver/Src/stm32f4xx_ll_sdmmc.c.obj
                0x08005d34                SDIO_GetResponse
 .text.SDIO_ConfigData
                0x08005d5a       0x58 cmake/stm32cubemx/CMakeFiles/STM32_Drivers.dir/__/__/Drivers/STM32F4xx_HAL_Driver/Src/stm32f4xx_ll_sdmmc.c.obj
                0x08005d5a                SDIO_ConfigData
 .text.SDMMC_CmdBlockLength
                0x08005db2       0x44 cmake/stm32cubemx/CMakeFiles/STM32_Drivers.dir/__/__/Drivers/STM32F4xx_HAL_Driver/Src/stm32f4xx_ll_sdmmc.c.obj
                0x08005db2                SDMMC_CmdBlockLength
 *fill*         0x08005df6        0x2 
 .text.SDMMC_CmdStopTransfer
                0x08005df8       0x44 cmake/stm32cubemx/CMakeFiles/STM32_Drivers.dir/__/__/Drivers/STM32F4xx_HAL_Driver/Src/stm32f4xx_ll_sdmmc.c.obj
                0x08005df8                SDMMC_CmdStopTransfer
 .text.SDMMC_CmdSelDesel
                0x08005e3c       0x46 cmake/stm32cubemx/CMakeFiles/STM32_Drivers.dir/__/__/Drivers/STM32F4xx_HAL_Driver/Src/stm32f4xx_ll_sdmmc.c.obj
                0x08005e3c                SDMMC_CmdSelDesel
 .text.SDMMC_CmdGoIdleState
                0x08005e82       0x3c cmake/stm32cubemx/CMakeFiles/STM32_Drivers.dir/__/__/Drivers/STM32F4xx_HAL_Driver/Src/stm32f4xx_ll_sdmmc.c.obj
                0x08005e82                SDMMC_CmdGoIdleState
 .text.SDMMC_CmdOperCond
                0x08005ebe       0x3e cmake/stm32cubemx/CMakeFiles/STM32_Drivers.dir/__/__/Drivers/STM32F4xx_HAL_Driver/Src/stm32f4xx_ll_sdmmc.c.obj
                0x08005ebe                SDMMC_CmdOperCond
 .text.SDMMC_CmdAppCommand
                0x08005efc       0x44 cmake/stm32cubemx/CMakeFiles/STM32_Drivers.dir/__/__/Drivers/STM32F4xx_HAL_Driver/Src/stm32f4xx_ll_sdmmc.c.obj
                0x08005efc                SDMMC_CmdAppCommand
 .text.SDMMC_CmdAppOperCommand
                0x08005f40       0x46 cmake/stm32cubemx/CMakeFiles/STM32_Drivers.dir/__/__/Drivers/STM32F4xx_HAL_Driver/Src/stm32f4xx_ll_sdmmc.c.obj
                0x08005f40                SDMMC_CmdAppOperCommand
 .text.SDMMC_CmdBusWidth
                0x08005f86       0x44 cmake/stm32cubemx/CMakeFiles/STM32_Drivers.dir/__/__/Drivers/STM32F4xx_HAL_Driver/Src/stm32f4xx_ll_sdmmc.c.obj
                0x08005f86                SDMMC_CmdBusWidth
 .text.SDMMC_CmdSendSCR
                0x08005fca       0x42 cmake/stm32cubemx/CMakeFiles/STM32_Drivers.dir/__/__/Drivers/STM32F4xx_HAL_Driver/Src/stm32f4xx_ll_sdmmc.c.obj
                0x08005fca                SDMMC_CmdSendSCR
 .text.SDMMC_CmdSendCID
                0x0800600c       0x3c cmake/stm32cubemx/CMakeFiles/STM32_Drivers.dir/__/__/Drivers/STM32F4xx_HAL_Driver/Src/stm32f4xx_ll_sdmmc.c.obj
                0x0800600c                SDMMC_CmdSendCID
 .text.SDMMC_CmdSendCSD
                0x08006048       0x3e cmake/stm32cubemx/CMakeFiles/STM32_Drivers.dir/__/__/Drivers/STM32F4xx_HAL_Driver/Src/stm32f4xx_ll_sdmmc.c.obj
                0x08006048                SDMMC_CmdSendCSD
 .text.SDMMC_CmdSetRelAdd
                0x08006086       0x42 cmake/stm32cubemx/CMakeFiles/STM32_Drivers.dir/__/__/Drivers/STM32F4xx_HAL_Driver/Src/stm32f4xx_ll_sdmmc.c.obj
                0x08006086                SDMMC_CmdSetRelAdd
 .text.SDMMC_CmdSendStatus
                0x080060c8       0x44 cmake/stm32cubemx/CMakeFiles/STM32_Drivers.dir/__/__/Drivers/STM32F4xx_HAL_Driver/Src/stm32f4xx_ll_sdmmc.c.obj
                0x080060c8                SDMMC_CmdSendStatus
 .text.SDMMC_GetCmdResp1
                0x0800610c      0x1dc cmake/stm32cubemx/CMakeFiles/STM32_Drivers.dir/__/__/Drivers/STM32F4xx_HAL_Driver/Src/stm32f4xx_ll_sdmmc.c.obj
                0x0800610c                SDMMC_GetCmdResp1
 .text.SDMMC_GetCmdResp2
                0x080062e8       0x90 cmake/stm32cubemx/CMakeFiles/STM32_Drivers.dir/__/__/Drivers/STM32F4xx_HAL_Driver/Src/stm32f4xx_ll_sdmmc.c.obj
                0x080062e8                SDMMC_GetCmdResp2
 .text.SDMMC_GetCmdResp3
                0x08006378       0x7c cmake/stm32cubemx/CMakeFiles/STM32_Drivers.dir/__/__/Drivers/STM32F4xx_HAL_Driver/Src/stm32f4xx_ll_sdmmc.c.obj
                0x08006378                SDMMC_GetCmdResp3
 .text.SDMMC_GetCmdResp6
                0x080063f4       0xec cmake/stm32cubemx/CMakeFiles/STM32_Drivers.dir/__/__/Drivers/STM32F4xx_HAL_Driver/Src/stm32f4xx_ll_sdmmc.c.obj
                0x080063f4                SDMMC_GetCmdResp6
 .text.SDMMC_GetCmdResp7
                0x080064e0       0x9c cmake/stm32cubemx/CMakeFiles/STM32_Drivers.dir/__/__/Drivers/STM32F4xx_HAL_Driver/Src/stm32f4xx_ll_sdmmc.c.obj
                0x080064e0                SDMMC_GetCmdResp7
 .text.SDMMC_GetCmdError
                0x0800657c       0x58 cmake/stm32cubemx/CMakeFiles/STM32_Drivers.dir/__/__/Drivers/STM32F4xx_HAL_Driver/Src/stm32f4xx_ll_sdmmc.c.obj
 .text.HAL_SD_Init
                0x080065d4       0x60 cmake/stm32cubemx/CMakeFiles/STM32_Drivers.dir/__/__/Drivers/STM32F4xx_HAL_Driver/Src/stm32f4xx_hal_sd.c.obj
                0x080065d4                HAL_SD_Init
 .text.HAL_SD_InitCard
                0x08006634      0x100 cmake/stm32cubemx/CMakeFiles/STM32_Drivers.dir/__/__/Drivers/STM32F4xx_HAL_Driver/Src/stm32f4xx_hal_sd.c.obj
                0x08006634                HAL_SD_InitCard
 .text.HAL_SD_IRQHandler
                0x08006734      0x30c cmake/stm32cubemx/CMakeFiles/STM32_Drivers.dir/__/__/Drivers/STM32F4xx_HAL_Driver/Src/stm32f4xx_hal_sd.c.obj
                0x08006734                HAL_SD_IRQHandler
 .text.HAL_SD_ErrorCallback
                0x08006a40       0x14 cmake/stm32cubemx/CMakeFiles/STM32_Drivers.dir/__/__/Drivers/STM32F4xx_HAL_Driver/Src/stm32f4xx_hal_sd.c.obj
                0x08006a40                HAL_SD_ErrorCallback
 .text.HAL_SD_AbortCallback
                0x08006a54       0x14 cmake/stm32cubemx/CMakeFiles/STM32_Drivers.dir/__/__/Drivers/STM32F4xx_HAL_Driver/Src/stm32f4xx_hal_sd.c.obj
                0x08006a54                HAL_SD_AbortCallback
 .text.HAL_SD_GetCardCID
                0x08006a68       0xae cmake/stm32cubemx/CMakeFiles/STM32_Drivers.dir/__/__/Drivers/STM32F4xx_HAL_Driver/Src/stm32f4xx_hal_sd.c.obj
                0x08006a68                HAL_SD_GetCardCID
 *fill*         0x08006b16        0x2 
 .text.HAL_SD_GetCardCSD
                0x08006b18      0x348 cmake/stm32cubemx/CMakeFiles/STM32_Drivers.dir/__/__/Drivers/STM32F4xx_HAL_Driver/Src/stm32f4xx_hal_sd.c.obj
                0x08006b18                HAL_SD_GetCardCSD
 .text.HAL_SD_GetCardInfo
                0x08006e60       0x58 cmake/stm32cubemx/CMakeFiles/STM32_Drivers.dir/__/__/Drivers/STM32F4xx_HAL_Driver/Src/stm32f4xx_hal_sd.c.obj
                0x08006e60                HAL_SD_GetCardInfo
 .text.HAL_SD_ConfigWideBusOperation
                0x08006eb8      0x134 cmake/stm32cubemx/CMakeFiles/STM32_Drivers.dir/__/__/Drivers/STM32F4xx_HAL_Driver/Src/stm32f4xx_hal_sd.c.obj
                0x08006eb8                HAL_SD_ConfigWideBusOperation
 .text.HAL_SD_GetCardState
                0x08006fec       0x40 cmake/stm32cubemx/CMakeFiles/STM32_Drivers.dir/__/__/Drivers/STM32F4xx_HAL_Driver/Src/stm32f4xx_hal_sd.c.obj
                0x08006fec                HAL_SD_GetCardState
 .text.SD_DMATxAbort
                0x0800702c       0x6e cmake/stm32cubemx/CMakeFiles/STM32_Drivers.dir/__/__/Drivers/STM32F4xx_HAL_Driver/Src/stm32f4xx_hal_sd.c.obj
 .text.SD_DMARxAbort
                0x0800709a       0x6e cmake/stm32cubemx/CMakeFiles/STM32_Drivers.dir/__/__/Drivers/STM32F4xx_HAL_Driver/Src/stm32f4xx_hal_sd.c.obj
 .text.SD_InitCard
                0x08007108      0x19c cmake/stm32cubemx/CMakeFiles/STM32_Drivers.dir/__/__/Drivers/STM32F4xx_HAL_Driver/Src/stm32f4xx_hal_sd.c.obj
 .text.SD_PowerON
                0x080072a4      0x11c cmake/stm32cubemx/CMakeFiles/STM32_Drivers.dir/__/__/Drivers/STM32F4xx_HAL_Driver/Src/stm32f4xx_hal_sd.c.obj
 .text.SD_SendStatus
                0x080073c0       0x50 cmake/stm32cubemx/CMakeFiles/STM32_Drivers.dir/__/__/Drivers/STM32F4xx_HAL_Driver/Src/stm32f4xx_hal_sd.c.obj
 .text.SD_WideBus_Enable
                0x08007410       0x96 cmake/stm32cubemx/CMakeFiles/STM32_Drivers.dir/__/__/Drivers/STM32F4xx_HAL_Driver/Src/stm32f4xx_hal_sd.c.obj
 .text.SD_WideBus_Disable
                0x080074a6       0x96 cmake/stm32cubemx/CMakeFiles/STM32_Drivers.dir/__/__/Drivers/STM32F4xx_HAL_Driver/Src/stm32f4xx_hal_sd.c.obj
 .text.SD_FindSCR
                0x0800753c      0x1b4 cmake/stm32cubemx/CMakeFiles/STM32_Drivers.dir/__/__/Drivers/STM32F4xx_HAL_Driver/Src/stm32f4xx_hal_sd.c.obj
 .text.SD_Read_IT
                0x080076f0       0xa2 cmake/stm32cubemx/CMakeFiles/STM32_Drivers.dir/__/__/Drivers/STM32F4xx_HAL_Driver/Src/stm32f4xx_hal_sd.c.obj
 .text.SD_Write_IT
                0x08007792       0xaa cmake/stm32cubemx/CMakeFiles/STM32_Drivers.dir/__/__/Drivers/STM32F4xx_HAL_Driver/Src/stm32f4xx_hal_sd.c.obj
 .text.LL_TIM_SetPrescaler
                0x0800783c       0x1c cmake/stm32cubemx/CMakeFiles/STM32_Drivers.dir/__/__/Drivers/STM32F4xx_HAL_Driver/Src/stm32f4xx_ll_tim.c.obj
 .text.LL_TIM_SetAutoReload
                0x08007858       0x1c cmake/stm32cubemx/CMakeFiles/STM32_Drivers.dir/__/__/Drivers/STM32F4xx_HAL_Driver/Src/stm32f4xx_ll_tim.c.obj
 .text.LL_TIM_SetRepetitionCounter
                0x08007874       0x1c cmake/stm32cubemx/CMakeFiles/STM32_Drivers.dir/__/__/Drivers/STM32F4xx_HAL_Driver/Src/stm32f4xx_ll_tim.c.obj
 .text.LL_TIM_GenerateEvent_UPDATE
                0x08007890       0x20 cmake/stm32cubemx/CMakeFiles/STM32_Drivers.dir/__/__/Drivers/STM32F4xx_HAL_Driver/Src/stm32f4xx_ll_tim.c.obj
 .text.LL_TIM_Init
                0x080078b0      0x134 cmake/stm32cubemx/CMakeFiles/STM32_Drivers.dir/__/__/Drivers/STM32F4xx_HAL_Driver/Src/stm32f4xx_ll_tim.c.obj
                0x080078b0                LL_TIM_Init
 .text.LL_GPIO_SetPinMode
                0x080079e4       0x7a cmake/stm32cubemx/CMakeFiles/STM32_Drivers.dir/__/__/Drivers/STM32F4xx_HAL_Driver/Src/stm32f4xx_ll_gpio.c.obj
 .text.LL_GPIO_SetPinOutputType
                0x08007a5e       0x30 cmake/stm32cubemx/CMakeFiles/STM32_Drivers.dir/__/__/Drivers/STM32F4xx_HAL_Driver/Src/stm32f4xx_ll_gpio.c.obj
 .text.LL_GPIO_SetPinSpeed
                0x08007a8e       0x7a cmake/stm32cubemx/CMakeFiles/STM32_Drivers.dir/__/__/Drivers/STM32F4xx_HAL_Driver/Src/stm32f4xx_ll_gpio.c.obj
 .text.LL_GPIO_SetPinPull
                0x08007b08       0x7a cmake/stm32cubemx/CMakeFiles/STM32_Drivers.dir/__/__/Drivers/STM32F4xx_HAL_Driver/Src/stm32f4xx_ll_gpio.c.obj
 .text.LL_GPIO_SetAFPin_0_7
                0x08007b82       0x7a cmake/stm32cubemx/CMakeFiles/STM32_Drivers.dir/__/__/Drivers/STM32F4xx_HAL_Driver/Src/stm32f4xx_ll_gpio.c.obj
 .text.LL_GPIO_SetAFPin_8_15
                0x08007bfc       0x7e cmake/stm32cubemx/CMakeFiles/STM32_Drivers.dir/__/__/Drivers/STM32F4xx_HAL_Driver/Src/stm32f4xx_ll_gpio.c.obj
 .text.LL_GPIO_Init
                0x08007c7a      0x102 cmake/stm32cubemx/CMakeFiles/STM32_Drivers.dir/__/__/Drivers/STM32F4xx_HAL_Driver/Src/stm32f4xx_ll_gpio.c.obj
                0x08007c7a                LL_GPIO_Init
 .text.LL_USART_IsEnabled
                0x08007d7c       0x28 cmake/stm32cubemx/CMakeFiles/STM32_Drivers.dir/__/__/Drivers/STM32F4xx_HAL_Driver/Src/stm32f4xx_ll_usart.c.obj
 .text.LL_USART_SetStopBitsLength
                0x08007da4       0x26 cmake/stm32cubemx/CMakeFiles/STM32_Drivers.dir/__/__/Drivers/STM32F4xx_HAL_Driver/Src/stm32f4xx_ll_usart.c.obj
 .text.LL_USART_SetHWFlowCtrl
                0x08007dca       0x26 cmake/stm32cubemx/CMakeFiles/STM32_Drivers.dir/__/__/Drivers/STM32F4xx_HAL_Driver/Src/stm32f4xx_ll_usart.c.obj
 .text.LL_USART_SetBaudRate
                0x08007df0      0x45c cmake/stm32cubemx/CMakeFiles/STM32_Drivers.dir/__/__/Drivers/STM32F4xx_HAL_Driver/Src/stm32f4xx_ll_usart.c.obj
 .text.LL_USART_Init
                0x0800824c      0x100 cmake/stm32cubemx/CMakeFiles/STM32_Drivers.dir/__/__/Drivers/STM32F4xx_HAL_Driver/Src/stm32f4xx_ll_usart.c.obj
                0x0800824c                LL_USART_Init
 .text.__NVIC_GetPriorityGrouping
                0x0800834c       0x1c CMakeFiles/OpenMp3Trigger.dir/Core/Src/main.c.obj
 .text.__NVIC_EnableIRQ
                0x08008368       0x3c CMakeFiles/OpenMp3Trigger.dir/Core/Src/main.c.obj
 .text.__NVIC_SetPriority
                0x080083a4       0x54 CMakeFiles/OpenMp3Trigger.dir/Core/Src/main.c.obj
 .text.NVIC_EncodePriority
                0x080083f8       0x66 CMakeFiles/OpenMp3Trigger.dir/Core/Src/main.c.obj
 .text.LL_TIM_DisableARRPreload
                0x0800845e       0x20 CMakeFiles/OpenMp3Trigger.dir/Core/Src/main.c.obj
 .text.LL_TIM_SetClockSource
                0x0800847e       0x2a CMakeFiles/OpenMp3Trigger.dir/Core/Src/main.c.obj
 .text.LL_TIM_SetTriggerOutput
                0x080084a8       0x26 CMakeFiles/OpenMp3Trigger.dir/Core/Src/main.c.obj
 .text.LL_TIM_DisableMasterSlaveMode
                0x080084ce       0x20 CMakeFiles/OpenMp3Trigger.dir/Core/Src/main.c.obj
 .text.LL_USART_Enable
                0x080084ee       0x20 CMakeFiles/OpenMp3Trigger.dir/Core/Src/main.c.obj
 .text.LL_USART_ConfigAsyncMode
                0x0800850e       0x2c CMakeFiles/OpenMp3Trigger.dir/Core/Src/main.c.obj
 *fill*         0x0800853a        0x2 
 .text.LL_AHB1_GRP1_EnableClock
                0x0800853c       0x30 CMakeFiles/OpenMp3Trigger.dir/Core/Src/main.c.obj
 .text.LL_APB1_GRP1_EnableClock
                0x0800856c       0x30 CMakeFiles/OpenMp3Trigger.dir/Core/Src/main.c.obj
 .text.LL_APB2_GRP1_EnableClock
                0x0800859c       0x30 CMakeFiles/OpenMp3Trigger.dir/Core/Src/main.c.obj
 .text.main     0x080085cc       0x2e CMakeFiles/OpenMp3Trigger.dir/Core/Src/main.c.obj
                0x080085cc                main
 *fill*         0x080085fa        0x2 
 .text.SystemClock_Config
                0x080085fc       0xd4 CMakeFiles/OpenMp3Trigger.dir/Core/Src/main.c.obj
                0x080085fc                SystemClock_Config
 .text.MX_I2S2_Init
                0x080086d0       0x5c CMakeFiles/OpenMp3Trigger.dir/Core/Src/main.c.obj
 .text.MX_SDIO_SD_Init
                0x0800872c       0x80 CMakeFiles/OpenMp3Trigger.dir/Core/Src/main.c.obj
 .text.MX_TIM2_Init
                0x080087ac       0x64 CMakeFiles/OpenMp3Trigger.dir/Core/Src/main.c.obj
 .text.MX_USART1_UART_Init
                0x08008810       0xc0 CMakeFiles/OpenMp3Trigger.dir/Core/Src/main.c.obj
 .text.MX_DMA_Init
                0x080088d0       0x7c CMakeFiles/OpenMp3Trigger.dir/Core/Src/main.c.obj
 .text.MX_GPIO_Init
                0x0800894c       0xf4 CMakeFiles/OpenMp3Trigger.dir/Core/Src/main.c.obj
 .text.Error_Handler
                0x08008a40        0xc CMakeFiles/OpenMp3Trigger.dir/Core/Src/main.c.obj
                0x08008a40                Error_Handler
 .text.NMI_Handler
                0x08008a4c        0x8 CMakeFiles/OpenMp3Trigger.dir/Core/Src/stm32f4xx_it.c.obj
                0x08008a4c                NMI_Handler
 .text.HardFault_Handler
                0x08008a54        0x8 CMakeFiles/OpenMp3Trigger.dir/Core/Src/stm32f4xx_it.c.obj
                0x08008a54                HardFault_Handler
 .text.MemManage_Handler
                0x08008a5c        0x8 CMakeFiles/OpenMp3Trigger.dir/Core/Src/stm32f4xx_it.c.obj
                0x08008a5c                MemManage_Handler
 .text.BusFault_Handler
                0x08008a64        0x8 CMakeFiles/OpenMp3Trigger.dir/Core/Src/stm32f4xx_it.c.obj
                0x08008a64                BusFault_Handler
 .text.UsageFault_Handler
                0x08008a6c        0x8 CMakeFiles/OpenMp3Trigger.dir/Core/Src/stm32f4xx_it.c.obj
                0x08008a6c                UsageFault_Handler
 .text.SVC_Handler
                0x08008a74        0xe CMakeFiles/OpenMp3Trigger.dir/Core/Src/stm32f4xx_it.c.obj
                0x08008a74                SVC_Handler
 .text.DebugMon_Handler
                0x08008a82        0xe CMakeFiles/OpenMp3Trigger.dir/Core/Src/stm32f4xx_it.c.obj
                0x08008a82                DebugMon_Handler
 .text.PendSV_Handler
                0x08008a90        0xe CMakeFiles/OpenMp3Trigger.dir/Core/Src/stm32f4xx_it.c.obj
                0x08008a90                PendSV_Handler
 .text.SysTick_Handler
                0x08008a9e       0x10 CMakeFiles/OpenMp3Trigger.dir/Core/Src/stm32f4xx_it.c.obj
                0x08008a9e                SysTick_Handler
 *fill*         0x08008aae        0x2 
 .text.DMA1_Stream4_IRQHandler
                0x08008ab0       0x14 CMakeFiles/OpenMp3Trigger.dir/Core/Src/stm32f4xx_it.c.obj
                0x08008ab0                DMA1_Stream4_IRQHandler
 .text.SPI2_IRQHandler
                0x08008ac4       0x14 CMakeFiles/OpenMp3Trigger.dir/Core/Src/stm32f4xx_it.c.obj
                0x08008ac4                SPI2_IRQHandler
 .text.USART1_IRQHandler
                0x08008ad8        0xc CMakeFiles/OpenMp3Trigger.dir/Core/Src/stm32f4xx_it.c.obj
                0x08008ad8                USART1_IRQHandler
 .text.SDIO_IRQHandler
                0x08008ae4       0x14 CMakeFiles/OpenMp3Trigger.dir/Core/Src/stm32f4xx_it.c.obj
                0x08008ae4                SDIO_IRQHandler
 .text.DMA2_Stream3_IRQHandler
                0x08008af8       0x14 CMakeFiles/OpenMp3Trigger.dir/Core/Src/stm32f4xx_it.c.obj
                0x08008af8                DMA2_Stream3_IRQHandler
 .text.DMA2_Stream6_IRQHandler
                0x08008b0c       0x14 CMakeFiles/OpenMp3Trigger.dir/Core/Src/stm32f4xx_it.c.obj
                0x08008b0c                DMA2_Stream6_IRQHandler
 .text.HAL_MspInit
                0x08008b20       0x50 CMakeFiles/OpenMp3Trigger.dir/Core/Src/stm32f4xx_hal_msp.c.obj
                0x08008b20                HAL_MspInit
 .text.HAL_I2S_MspInit
                0x08008b70      0x138 CMakeFiles/OpenMp3Trigger.dir/Core/Src/stm32f4xx_hal_msp.c.obj
                0x08008b70                HAL_I2S_MspInit
 .text.HAL_SD_MspInit
                0x08008ca8      0x1e0 CMakeFiles/OpenMp3Trigger.dir/Core/Src/stm32f4xx_hal_msp.c.obj
                0x08008ca8                HAL_SD_MspInit
 .text.Reset_Handler
                0x08008e88       0x50 CMakeFiles/OpenMp3Trigger.dir/startup_stm32f405xx.s.obj
                0x08008e88                Reset_Handler
 .text.Default_Handler
                0x08008ed8        0x2 CMakeFiles/OpenMp3Trigger.dir/startup_stm32f405xx.s.obj
                0x08008ed8                RTC_Alarm_IRQHandler
                0x08008ed8                HASH_RNG_IRQHandler
                0x08008ed8                EXTI2_IRQHandler
                0x08008ed8                TIM8_CC_IRQHandler
                0x08008ed8                TIM1_CC_IRQHandler
                0x08008ed8                DMA2_Stream5_IRQHandler
                0x08008ed8                DMA1_Stream5_IRQHandler
                0x08008ed8                PVD_IRQHandler
                0x08008ed8                TAMP_STAMP_IRQHandler
                0x08008ed8                CAN2_RX1_IRQHandler
                0x08008ed8                EXTI3_IRQHandler
                0x08008ed8                TIM8_TRG_COM_TIM14_IRQHandler
                0x08008ed8                TIM1_UP_TIM10_IRQHandler
                0x08008ed8                TIM8_UP_TIM13_IRQHandler
                0x08008ed8                I2C3_ER_IRQHandler
                0x08008ed8                EXTI0_IRQHandler
                0x08008ed8                I2C2_EV_IRQHandler
                0x08008ed8                DMA1_Stream2_IRQHandler
                0x08008ed8                CAN1_RX0_IRQHandler
                0x08008ed8                FPU_IRQHandler
                0x08008ed8                OTG_HS_WKUP_IRQHandler
                0x08008ed8                CAN2_SCE_IRQHandler
                0x08008ed8                DMA2_Stream2_IRQHandler
                0x08008ed8                SPI1_IRQHandler
                0x08008ed8                TIM6_DAC_IRQHandler
                0x08008ed8                TIM1_BRK_TIM9_IRQHandler
                0x08008ed8                CAN2_RX0_IRQHandler
                0x08008ed8                USART6_IRQHandler
                0x08008ed8                USART3_IRQHandler
                0x08008ed8                CAN1_RX1_IRQHandler
                0x08008ed8                UART5_IRQHandler
                0x08008ed8                DMA2_Stream0_IRQHandler
                0x08008ed8                TIM4_IRQHandler
                0x08008ed8                I2C1_EV_IRQHandler
                0x08008ed8                DMA1_Stream6_IRQHandler
                0x08008ed8                DMA1_Stream1_IRQHandler
                0x08008ed8                UART4_IRQHandler
                0x08008ed8                TIM3_IRQHandler
                0x08008ed8                RCC_IRQHandler
                0x08008ed8                TIM8_BRK_TIM12_IRQHandler
                0x08008ed8                Default_Handler
                0x08008ed8                EXTI15_10_IRQHandler
                0x08008ed8                ADC_IRQHandler
                0x08008ed8                DMA1_Stream7_IRQHandler
                0x08008ed8                TIM7_IRQHandler
                0x08008ed8                CAN2_TX_IRQHandler
                0x08008ed8                TIM5_IRQHandler
                0x08008ed8                DMA2_Stream7_IRQHandler
                0x08008ed8                I2C3_EV_IRQHandler
                0x08008ed8                EXTI9_5_IRQHandler
                0x08008ed8                RTC_WKUP_IRQHandler
                0x08008ed8                OTG_HS_EP1_IN_IRQHandler
                0x08008ed8                DMA1_Stream0_IRQHandler
                0x08008ed8                CAN1_TX_IRQHandler
                0x08008ed8                EXTI4_IRQHandler
                0x08008ed8                FSMC_IRQHandler
                0x08008ed8                OTG_HS_EP1_OUT_IRQHandler
                0x08008ed8                WWDG_IRQHandler
                0x08008ed8                TIM2_IRQHandler
                0x08008ed8                OTG_FS_WKUP_IRQHandler
                0x08008ed8                TIM1_TRG_COM_TIM11_IRQHandler
                0x08008ed8                OTG_HS_IRQHandler
                0x08008ed8                EXTI1_IRQHandler
                0x08008ed8                USART2_IRQHandler
                0x08008ed8                I2C2_ER_IRQHandler
                0x08008ed8                DMA2_Stream1_IRQHandler
                0x08008ed8                CAN1_SCE_IRQHandler
                0x08008ed8                FLASH_IRQHandler
                0x08008ed8                DMA2_Stream4_IRQHandler
                0x08008ed8                OTG_FS_IRQHandler
                0x08008ed8                SPI3_IRQHandler
                0x08008ed8                I2C1_ER_IRQHandler
                0x08008ed8                DMA1_Stream3_IRQHandler
 .text.LL_TIM_EnableCounter
                0x08008eda       0x20 CMakeFiles/OpenMp3Trigger.dir/App/Src/bios.c.obj
 .text.LL_USART_IsActiveFlag_ORE
                0x08008efa       0x26 CMakeFiles/OpenMp3Trigger.dir/App/Src/bios.c.obj
 .text.LL_USART_IsActiveFlag_RXNE
                0x08008f20       0x26 CMakeFiles/OpenMp3Trigger.dir/App/Src/bios.c.obj
 .text.LL_USART_IsActiveFlag_TXE
                0x08008f46       0x26 CMakeFiles/OpenMp3Trigger.dir/App/Src/bios.c.obj
 .text.LL_USART_ClearFlag_ORE
                0x08008f6c       0x24 CMakeFiles/OpenMp3Trigger.dir/App/Src/bios.c.obj
 .text.LL_USART_EnableIT_RXNE
                0x08008f90       0x46 CMakeFiles/OpenMp3Trigger.dir/App/Src/bios.c.obj
 .text.LL_USART_DisableIT_TXE
                0x08008fd6       0x46 CMakeFiles/OpenMp3Trigger.dir/App/Src/bios.c.obj
 .text.LL_USART_ReceiveData8
                0x0800901c       0x1a CMakeFiles/OpenMp3Trigger.dir/App/Src/bios.c.obj
 .text.LL_USART_TransmitData8
                0x08009036       0x1e CMakeFiles/OpenMp3Trigger.dir/App/Src/bios.c.obj
 .text.biosSystemInit
                0x08009054       0x20 CMakeFiles/OpenMp3Trigger.dir/App/Src/bios.c.obj
                0x08009054                biosSystemInit
 .text.biosSdInit
                0x08009074       0x34 CMakeFiles/OpenMp3Trigger.dir/App/Src/bios.c.obj
                0x08009074                biosSdInit
 .text.biosIsSdCardInstalled
                0x080090a8       0x20 CMakeFiles/OpenMp3Trigger.dir/App/Src/bios.c.obj
                0x080090a8                biosIsSdCardInstalled
 .text.biosLED  0x080090c8       0x34 CMakeFiles/OpenMp3Trigger.dir/App/Src/bios.c.obj
                0x080090c8                biosLED
 .text.biosSerialInit
                0x080090fc       0x84 CMakeFiles/OpenMp3Trigger.dir/App/Src/bios.c.obj
                0x080090fc                biosSerialInit
 .text.HAL_SD_RxCpltCallback
                0x08009180       0x20 CMakeFiles/OpenMp3Trigger.dir/App/Src/bios.c.obj
                0x08009180                HAL_SD_RxCpltCallback
 .text.HAL_SD_TxCpltCallback
                0x080091a0       0x20 CMakeFiles/OpenMp3Trigger.dir/App/Src/bios.c.obj
                0x080091a0                HAL_SD_TxCpltCallback
 .text.biosUSART1_IRQHandler
                0x080091c0       0xe0 CMakeFiles/OpenMp3Trigger.dir/App/Src/bios.c.obj
                0x080091c0                biosUSART1_IRQHandler
 .text.sdTestInit
                0x080092a0       0xe0 CMakeFiles/OpenMp3Trigger.dir/App/Src/player.c.obj
                0x080092a0                sdTestInit
 .text.sdTestProcess
                0x08009380       0x8c CMakeFiles/OpenMp3Trigger.dir/App/Src/player.c.obj
                0x08009380                sdTestProcess
 .text.delayMs  0x0800940c       0x30 CMakeFiles/OpenMp3Trigger.dir/App/Src/player.c.obj
                0x0800940c                delayMs
 .text.doBlink  0x0800943c       0x76 CMakeFiles/OpenMp3Trigger.dir/App/Src/player.c.obj
                0x0800943c                doBlink
 .text.doFlash  0x080094b2       0x46 CMakeFiles/OpenMp3Trigger.dir/App/Src/player.c.obj
                0x080094b2                doFlash
 .text.mySysTick_Handler
                0x080094f8       0x40 CMakeFiles/OpenMp3Trigger.dir/App/Src/player.c.obj
                0x080094f8                mySysTick_Handler
 .text.mp3DecodeCallback
                0x08009538       0x46 CMakeFiles/OpenMp3Trigger.dir/App/Src/mp3decode.c.obj
                0x08009538                mp3DecodeCallback
 *fill*         0x0800957e        0x2 
 .text.mp3DecodeInit
                0x08009580       0x5c CMakeFiles/OpenMp3Trigger.dir/App/Src/mp3decode.c.obj
                0x08009580                mp3DecodeInit
 .text.mp3CheckSdMp3Space
                0x080095dc       0xb0 CMakeFiles/OpenMp3Trigger.dir/App/Src/mp3.c.obj
                0x080095dc                mp3CheckSdMp3Space
 .text.mp3ReadSdMp3Data
                0x0800968c      0x2f8 CMakeFiles/OpenMp3Trigger.dir/App/Src/mp3.c.obj
                0x0800968c                mp3ReadSdMp3Data
 .text.mp3FetchMp3Data
                0x08009984      0x1fc CMakeFiles/OpenMp3Trigger.dir/App/Src/mp3.c.obj
                0x08009984                mp3FetchMp3Data
 .text.memcpy   0x08009b80       0x1c C:/ST/STM32CubeCLT_1.18.0/GNU-tools-for-STM32/bin/../lib/gcc/arm-none-eabi/13.3.1/../../../../arm-none-eabi/lib/thumb/v7e-m+fp/softfp\libg_nano.a(libc_a-memcpy-stub.o)
                0x08009b80                memcpy
 *(.glue_7)
 .glue_7        0x08009b9c        0x0 linker stubs
 *(.glue_7t)
 .glue_7t       0x08009b9c        0x0 linker stubs
 *(.eh_frame)
 .eh_frame      0x08009b9c        0x0 C:/ST/STM32CubeCLT_1.18.0/GNU-tools-for-STM32/bin/../lib/gcc/arm-none-eabi/13.3.1/thumb/v7e-m+fp/softfp/crtbegin.o
 *(.init)
 .init          0x08009b9c        0x4 C:/ST/STM32CubeCLT_1.18.0/GNU-tools-for-STM32/bin/../lib/gcc/arm-none-eabi/13.3.1/thumb/v7e-m+fp/softfp/crti.o
                0x08009b9c                _init
 .init          0x08009ba0        0x8 C:/ST/STM32CubeCLT_1.18.0/GNU-tools-for-STM32/bin/../lib/gcc/arm-none-eabi/13.3.1/thumb/v7e-m+fp/softfp/crtn.o
 *(.fini)
 .fini          0x08009ba8        0x4 C:/ST/STM32CubeCLT_1.18.0/GNU-tools-for-STM32/bin/../lib/gcc/arm-none-eabi/13.3.1/thumb/v7e-m+fp/softfp/crti.o
                0x08009ba8                _fini
 .fini          0x08009bac        0x8 C:/ST/STM32CubeCLT_1.18.0/GNU-tools-for-STM32/bin/../lib/gcc/arm-none-eabi/13.3.1/thumb/v7e-m+fp/softfp/crtn.o
                0x08009bb4                        . = ALIGN (0x4)
                0x08009bb4                        _etext = .

.vfp11_veneer   0x08009bb4        0x0
 .vfp11_veneer  0x08009bb4        0x0 linker stubs

.v4_bx          0x08009bb4        0x0
 .v4_bx         0x08009bb4        0x0 linker stubs

.iplt           0x08009bb4        0x0
 .iplt          0x08009bb4        0x0 C:/ST/STM32CubeCLT_1.18.0/GNU-tools-for-STM32/bin/../lib/gcc/arm-none-eabi/13.3.1/thumb/v7e-m+fp/softfp/crtbegin.o

.rodata         0x08009bb4       0x20
                0x08009bb4                        . = ALIGN (0x4)
 *(.rodata)
 *(.rodata*)
 .rodata.AHBPrescTable
                0x08009bb4       0x10 cmake/stm32cubemx/CMakeFiles/STM32_Drivers.dir/__/__/Core/Src/system_stm32f4xx.c.obj
                0x08009bb4                AHBPrescTable
 .rodata.APBPrescTable
                0x08009bc4        0x8 cmake/stm32cubemx/CMakeFiles/STM32_Drivers.dir/__/__/Core/Src/system_stm32f4xx.c.obj
                0x08009bc4                APBPrescTable
 .rodata.flagBitshiftOffset.0
                0x08009bcc        0x8 cmake/stm32cubemx/CMakeFiles/STM32_Drivers.dir/__/__/Drivers/STM32F4xx_HAL_Driver/Src/stm32f4xx_hal_dma.c.obj
                0x08009bd4                        . = ALIGN (0x4)

.constdata      0x08009be0     0x1a48
 .constdata     0x08009be0     0x10ec C:/Projects/STM32-VSC/OpenMP3Trigger/App/Lib\lib_mp3decoder_cortex_m4_v2.2.0.a(mp3d_htab_armv4.o)
                0x08009be0                MP3D_SPCORP_Symbol_024
 .constdata     0x0800accc      0x310 C:/Projects/STM32-VSC/OpenMP3Trigger/App/Lib\lib_mp3decoder_cortex_m4_v2.2.0.a(mp3d_htab_armv4.o)
 *fill*         0x0800afdc        0x4 
 .constdata     0x0800afe0       0x20 C:/Projects/STM32-VSC/OpenMP3Trigger/App/Lib\lib_mp3decoder_cortex_m4_v2.2.0.a(mp3d_dealias_armv5e.o)
 .constdata     0x0800b000      0x2d0 C:/Projects/STM32-VSC/OpenMP3Trigger/App/Lib\lib_mp3decoder_cortex_m4_v2.2.0.a(mp3d_huffdec_armv7e-m.o)
 .constdata     0x0800b2d0       0x24 C:/Projects/STM32-VSC/OpenMP3Trigger/App/Lib\lib_mp3decoder_cortex_m4_v2.2.0.a(mp3d_imdct3612_armv5e.o)
 .constdata     0x0800b2f4       0x50 C:/Projects/STM32-VSC/OpenMP3Trigger/App/Lib\lib_mp3decoder_cortex_m4_v2.2.0.a(mp3d_reorder_armv4.o)
 .constdata     0x0800b344       0x44 C:/Projects/STM32-VSC/OpenMP3Trigger/App/Lib\lib_mp3decoder_cortex_m4_v2.2.0.a(mp3d_stereo_armv4.o)
 .constdata     0x0800b388      0x2a0 C:/Projects/STM32-VSC/OpenMP3Trigger/App/Lib\lib_mp3decoder_cortex_m4_v2.2.0.a(mp3d_synfilt_armv7e-m.o)

.ARM.extab      0x0800b628        0x0
                0x0800b628                        . = ALIGN (0x4)
 *(.ARM.extab* .gnu.linkonce.armextab.*)
                0x0800b628                        . = ALIGN (0x4)

.ARM            0x0800b628        0x8
                0x0800b628                        . = ALIGN (0x4)
                0x0800b628                        __exidx_start = .
 *(.ARM.exidx*)
 .ARM.exidx     0x0800b628        0x8 C:/ST/STM32CubeCLT_1.18.0/GNU-tools-for-STM32/bin/../lib/gcc/arm-none-eabi/13.3.1/thumb/v7e-m+fp/softfp\libgcc.a(_udivmoddi4.o)
                0x0800b630                        __exidx_end = .
                0x0800b630                        . = ALIGN (0x4)

.preinit_array  0x0800b630        0x0
                0x0800b630                        . = ALIGN (0x4)
                0x0800b630                        PROVIDE (__preinit_array_start = .)
 *(.preinit_array*)
                0x0800b630                        PROVIDE (__preinit_array_end = .)
                0x0800b630                        . = ALIGN (0x4)

.init_array     0x0800b630        0x4
                0x0800b630                        . = ALIGN (0x4)
                0x0800b630                        PROVIDE (__init_array_start = .)
 *(SORT_BY_NAME(.init_array.*))
 *(.init_array*)
 .init_array    0x0800b630        0x4 C:/ST/STM32CubeCLT_1.18.0/GNU-tools-for-STM32/bin/../lib/gcc/arm-none-eabi/13.3.1/thumb/v7e-m+fp/softfp/crtbegin.o
                0x0800b634                        PROVIDE (__init_array_end = .)
                0x0800b634                        . = ALIGN (0x4)

.fini_array     0x0800b634        0x4
                0x0800b634                        . = ALIGN (0x4)
                [!provide]                        PROVIDE (__fini_array_start = .)
 *(SORT_BY_NAME(.fini_array.*))
 *(.fini_array*)
 .fini_array    0x0800b634        0x4 C:/ST/STM32CubeCLT_1.18.0/GNU-tools-for-STM32/bin/../lib/gcc/arm-none-eabi/13.3.1/thumb/v7e-m+fp/softfp/crtbegin.o
                [!provide]                        PROVIDE (__fini_array_end = .)
                0x0800b638                        . = ALIGN (0x4)
                0x0800b638                        _sidata = LOADADDR (.data)

.rel.dyn        0x0800b638        0x0
 .rel.iplt      0x0800b638        0x0 C:/ST/STM32CubeCLT_1.18.0/GNU-tools-for-STM32/bin/../lib/gcc/arm-none-eabi/13.3.1/thumb/v7e-m+fp/softfp/crtbegin.o

.data           0x20000000        0xc load address 0x0800b638
                0x20000000                        . = ALIGN (0x4)
                0x20000000                        _sdata = .
 *(.data)
 *(.data*)
 .data.SystemCoreClock
                0x20000000        0x4 cmake/stm32cubemx/CMakeFiles/STM32_Drivers.dir/__/__/Core/Src/system_stm32f4xx.c.obj
                0x20000000                SystemCoreClock
 .data.uwTickPrio
                0x20000004        0x4 cmake/stm32cubemx/CMakeFiles/STM32_Drivers.dir/__/__/Drivers/STM32F4xx_HAL_Driver/Src/stm32f4xx_hal.c.obj
                0x20000004                uwTickPrio
 .data.uwTickFreq
                0x20000008        0x1 cmake/stm32cubemx/CMakeFiles/STM32_Drivers.dir/__/__/Drivers/STM32F4xx_HAL_Driver/Src/stm32f4xx_hal.c.obj
                0x20000008                uwTickFreq
 *(.RamFunc)
 *(.RamFunc*)
                0x2000000c                        . = ALIGN (0x4)
 *fill*         0x20000009        0x3 
                0x2000000c                        _edata = .
                0x0800b644                        _siccmram = LOADADDR (.ccmram)

.igot.plt       0x2000000c        0x0 load address 0x0800b644
 .igot.plt      0x2000000c        0x0 C:/ST/STM32CubeCLT_1.18.0/GNU-tools-for-STM32/bin/../lib/gcc/arm-none-eabi/13.3.1/thumb/v7e-m+fp/softfp/crtbegin.o

.ccmram         0x10000000        0x0 load address 0x0800b644
                0x10000000                        . = ALIGN (0x4)
                0x10000000                        _sccmram = .
 *(.ccmram)
 *(.ccmram*)
                0x10000000                        . = ALIGN (0x4)
                0x10000000                        _eccmram = .
                0x10000000                        . = ALIGN (0x4)

.bss            0x20000020     0xe99c
                0x20000020                        _sbss = .
                0x20000020                        __bss_start__ = _sbss
 *(.bss)
 .bss           0x20000020       0x1c C:/ST/STM32CubeCLT_1.18.0/GNU-tools-for-STM32/bin/../lib/gcc/arm-none-eabi/13.3.1/thumb/v7e-m+fp/softfp/crtbegin.o
 *(.bss*)
 .bss.uwTick    0x2000003c        0x4 cmake/stm32cubemx/CMakeFiles/STM32_Drivers.dir/__/__/Drivers/STM32F4xx_HAL_Driver/Src/stm32f4xx_hal.c.obj
                0x2000003c                uwTick
 .bss.hi2s2     0x20000040       0x48 CMakeFiles/OpenMp3Trigger.dir/Core/Src/main.c.obj
                0x20000040                hi2s2
 .bss.hdma_spi2_tx
                0x20000088       0x60 CMakeFiles/OpenMp3Trigger.dir/Core/Src/main.c.obj
                0x20000088                hdma_spi2_tx
 .bss.hsd       0x200000e8       0x84 CMakeFiles/OpenMp3Trigger.dir/Core/Src/main.c.obj
                0x200000e8                hsd
 .bss.hdma_sdio_rx
                0x2000016c       0x60 CMakeFiles/OpenMp3Trigger.dir/Core/Src/main.c.obj
                0x2000016c                hdma_sdio_rx
 .bss.hdma_sdio_tx
                0x200001cc       0x60 CMakeFiles/OpenMp3Trigger.dir/Core/Src/main.c.obj
                0x200001cc                hdma_sdio_tx
 *fill*         0x2000022c       0x14 
 .bss.mp3       0x20000240     0x7972 CMakeFiles/OpenMp3Trigger.dir/App/Src/memory.c.obj
                0x20000240                mp3
 *fill*         0x20007bb2        0xe 
 .bss.gVoiceSdBuff
                0x20007bc0      0x800 CMakeFiles/OpenMp3Trigger.dir/App/Src/memory.c.obj
                0x20007bc0                gVoiceSdBuff
 .bss.gMmcDoneFlag
                0x200083c0        0x1 CMakeFiles/OpenMp3Trigger.dir/App/Src/bios.c.obj
                0x200083c0                gMmcDoneFlag
 *fill*         0x200083c1        0x3 
 .bss.pCID      0x200083c4       0x18 CMakeFiles/OpenMp3Trigger.dir/App/Src/bios.c.obj
                0x200083c4                pCID
 .bss.pCSD      0x200083dc       0x2c CMakeFiles/OpenMp3Trigger.dir/App/Src/bios.c.obj
                0x200083dc                pCSD
 .bss.pCardInfo
                0x20008408       0x20 CMakeFiles/OpenMp3Trigger.dir/App/Src/bios.c.obj
                0x20008408                pCardInfo
 .bss.gTxBuffer
                0x20008428      0x400 CMakeFiles/OpenMp3Trigger.dir/App/Src/bios.c.obj
                0x20008428                gTxBuffer
 .bss.gTxInPtr  0x20008828        0x2 CMakeFiles/OpenMp3Trigger.dir/App/Src/bios.c.obj
                0x20008828                gTxInPtr
 .bss.gTxOutPtr
                0x2000882a        0x2 CMakeFiles/OpenMp3Trigger.dir/App/Src/bios.c.obj
                0x2000882a                gTxOutPtr
 .bss.gTxIpFlag
                0x2000882c        0x1 CMakeFiles/OpenMp3Trigger.dir/App/Src/bios.c.obj
                0x2000882c                gTxIpFlag
 *fill*         0x2000882d        0x3 
 .bss.gRxBuffer
                0x20008830      0x100 CMakeFiles/OpenMp3Trigger.dir/App/Src/bios.c.obj
                0x20008830                gRxBuffer
 .bss.gRxInPtr  0x20008930        0x2 CMakeFiles/OpenMp3Trigger.dir/App/Src/bios.c.obj
                0x20008930                gRxInPtr
 .bss.gRxOutPtr
                0x20008932        0x2 CMakeFiles/OpenMp3Trigger.dir/App/Src/bios.c.obj
                0x20008932                gRxOutPtr
 .bss.gCardInstalledFlag
                0x20008934        0x1 CMakeFiles/OpenMp3Trigger.dir/App/Src/player.c.obj
                0x20008934                gCardInstalledFlag
 .bss.gSysFlags
                0x20008935        0x1 CMakeFiles/OpenMp3Trigger.dir/App/Src/player.c.obj
                0x20008935                gSysFlags
 .bss.gNumMP3Voices
                0x20008936        0x1 CMakeFiles/OpenMp3Trigger.dir/App/Src/player.c.obj
                0x20008936                gNumMP3Voices
 *fill*         0x20008937        0x1 
 .bss.gMsTicks  0x20008938        0x4 CMakeFiles/OpenMp3Trigger.dir/App/Src/player.c.obj
                0x20008938                gMsTicks
 .bss.gLED0_timeout
                0x2000893c        0x2 CMakeFiles/OpenMp3Trigger.dir/App/Src/player.c.obj
                0x2000893c                gLED0_timeout
 *fill*         0x2000893e        0x2 
 .bss.lastHeartBeatTicks
                0x20008940        0x4 CMakeFiles/OpenMp3Trigger.dir/App/Src/player.c.obj
                0x20008940                lastHeartBeatTicks
 .bss.lastSdCardCheckTicks
                0x20008944        0x4 CMakeFiles/OpenMp3Trigger.dir/App/Src/player.c.obj
                0x20008944                lastSdCardCheckTicks
 .bss.gMP3VoiceNum
                0x20008948        0x2 CMakeFiles/OpenMp3Trigger.dir/App/Src/mp3decode.c.obj
                0x20008948                gMP3VoiceNum
 .bss.mp3StreamErrorFlag
                0x2000894a        0x1 CMakeFiles/OpenMp3Trigger.dir/App/Src/mp3decode.c.obj
                0x2000894a                mp3StreamErrorFlag
 *fill*         0x2000894b        0x1 
 .bss.g_MP3Decoder
                0x2000894c     0x6070 CMakeFiles/OpenMp3Trigger.dir/App/Src/mp3decode.c.obj
                0x2000894c                g_MP3Decoder
 *(COMMON)
                0x2000e9bc                        . = ALIGN (0x4)
                0x2000e9bc                        _ebss = .
                0x2000e9bc                        __bss_end__ = _ebss

._user_heap_stack
                0x2000e9bc      0xa04
                0x2000e9c0                        . = ALIGN (0x8)
 *fill*         0x2000e9bc        0x4 
                [!provide]                        PROVIDE (end = .)
                0x2000e9c0                        PROVIDE (_end = .)
                0x2000ebc0                        . = (. + _Min_Heap_Size)
 *fill*         0x2000e9c0      0x200 
                0x2000f3c0                        . = (. + _Min_Stack_Size)
 *fill*         0x2000ebc0      0x800 
                0x2000f3c0                        . = ALIGN (0x8)

/DISCARD/
 libc.a(*)
 libm.a(*)
 libgcc.a(*)
OUTPUT(OpenMp3Trigger.elf elf32-littlearm)
LOAD linker stubs
LOAD C:/ST/STM32CubeCLT_1.18.0/GNU-tools-for-STM32/bin/../lib/gcc/arm-none-eabi/13.3.1/../../../../arm-none-eabi/lib/thumb/v7e-m+fp/softfp\libc.a
LOAD C:/ST/STM32CubeCLT_1.18.0/GNU-tools-for-STM32/bin/../lib/gcc/arm-none-eabi/13.3.1/../../../../arm-none-eabi/lib/thumb/v7e-m+fp/softfp\libm.a
LOAD C:/ST/STM32CubeCLT_1.18.0/GNU-tools-for-STM32/bin/../lib/gcc/arm-none-eabi/13.3.1/thumb/v7e-m+fp/softfp\libgcc.a

.ARM.attributes
                0x00000000       0x30
 .ARM.attributes
                0x00000000       0x22 C:/ST/STM32CubeCLT_1.18.0/GNU-tools-for-STM32/bin/../lib/gcc/arm-none-eabi/13.3.1/thumb/v7e-m+fp/softfp/crti.o
 .ARM.attributes
                0x00000022       0x32 C:/ST/STM32CubeCLT_1.18.0/GNU-tools-for-STM32/bin/../lib/gcc/arm-none-eabi/13.3.1/thumb/v7e-m+fp/softfp/crtbegin.o
 .ARM.attributes
                0x00000054       0x32 C:/ST/STM32CubeCLT_1.18.0/GNU-tools-for-STM32/bin/../lib/gcc/arm-none-eabi/13.3.1/../../../../arm-none-eabi/lib/thumb/v7e-m+fp/softfp\libc_nano.a(libc_a-memset.o)
 .ARM.attributes
                0x00000086       0x32 C:/ST/STM32CubeCLT_1.18.0/GNU-tools-for-STM32/bin/../lib/gcc/arm-none-eabi/13.3.1/../../../../arm-none-eabi/lib/thumb/v7e-m+fp/softfp\libc_nano.a(libc_a-init.o)
 .ARM.attributes
                0x000000b8       0x32 cmake/stm32cubemx/CMakeFiles/STM32_Drivers.dir/__/__/Core/Src/system_stm32f4xx.c.obj
 .ARM.attributes
                0x000000ea       0x32 cmake/stm32cubemx/CMakeFiles/STM32_Drivers.dir/__/__/Drivers/STM32F4xx_HAL_Driver/Src/stm32f4xx_hal_i2s.c.obj
 .ARM.attributes
                0x0000011c       0x32 cmake/stm32cubemx/CMakeFiles/STM32_Drivers.dir/__/__/Drivers/STM32F4xx_HAL_Driver/Src/stm32f4xx_hal_i2s_ex.c.obj
 .ARM.attributes
                0x0000014e       0x32 cmake/stm32cubemx/CMakeFiles/STM32_Drivers.dir/__/__/Drivers/STM32F4xx_HAL_Driver/Src/stm32f4xx_hal_rcc.c.obj
 .ARM.attributes
                0x00000180       0x32 cmake/stm32cubemx/CMakeFiles/STM32_Drivers.dir/__/__/Drivers/STM32F4xx_HAL_Driver/Src/stm32f4xx_hal_rcc_ex.c.obj
 .ARM.attributes
                0x000001b2       0x32 cmake/stm32cubemx/CMakeFiles/STM32_Drivers.dir/__/__/Drivers/STM32F4xx_HAL_Driver/Src/stm32f4xx_hal_gpio.c.obj
 .ARM.attributes
                0x000001e4       0x32 cmake/stm32cubemx/CMakeFiles/STM32_Drivers.dir/__/__/Drivers/STM32F4xx_HAL_Driver/Src/stm32f4xx_hal_dma.c.obj
 .ARM.attributes
                0x00000216       0x32 cmake/stm32cubemx/CMakeFiles/STM32_Drivers.dir/__/__/Drivers/STM32F4xx_HAL_Driver/Src/stm32f4xx_hal_cortex.c.obj
 .ARM.attributes
                0x00000248       0x32 cmake/stm32cubemx/CMakeFiles/STM32_Drivers.dir/__/__/Drivers/STM32F4xx_HAL_Driver/Src/stm32f4xx_hal.c.obj
 .ARM.attributes
                0x0000027a       0x32 cmake/stm32cubemx/CMakeFiles/STM32_Drivers.dir/__/__/Drivers/STM32F4xx_HAL_Driver/Src/stm32f4xx_ll_rcc.c.obj
 .ARM.attributes
                0x000002ac       0x32 cmake/stm32cubemx/CMakeFiles/STM32_Drivers.dir/__/__/Drivers/STM32F4xx_HAL_Driver/Src/stm32f4xx_ll_sdmmc.c.obj
 .ARM.attributes
                0x000002de       0x32 cmake/stm32cubemx/CMakeFiles/STM32_Drivers.dir/__/__/Drivers/STM32F4xx_HAL_Driver/Src/stm32f4xx_hal_sd.c.obj
 .ARM.attributes
                0x00000310       0x32 cmake/stm32cubemx/CMakeFiles/STM32_Drivers.dir/__/__/Drivers/STM32F4xx_HAL_Driver/Src/stm32f4xx_ll_tim.c.obj
 .ARM.attributes
                0x00000342       0x32 cmake/stm32cubemx/CMakeFiles/STM32_Drivers.dir/__/__/Drivers/STM32F4xx_HAL_Driver/Src/stm32f4xx_ll_gpio.c.obj
 .ARM.attributes
                0x00000374       0x32 cmake/stm32cubemx/CMakeFiles/STM32_Drivers.dir/__/__/Drivers/STM32F4xx_HAL_Driver/Src/stm32f4xx_ll_usart.c.obj
 .ARM.attributes
                0x000003a6       0x32 CMakeFiles/OpenMp3Trigger.dir/Core/Src/main.c.obj
 .ARM.attributes
                0x000003d8       0x32 CMakeFiles/OpenMp3Trigger.dir/Core/Src/stm32f4xx_it.c.obj
 .ARM.attributes
                0x0000040a       0x32 CMakeFiles/OpenMp3Trigger.dir/Core/Src/stm32f4xx_hal_msp.c.obj
 .ARM.attributes
                0x0000043c       0x21 CMakeFiles/OpenMp3Trigger.dir/startup_stm32f405xx.s.obj
 .ARM.attributes
                0x0000045d       0x32 CMakeFiles/OpenMp3Trigger.dir/App/Src/memory.c.obj
 .ARM.attributes
                0x0000048f       0x32 CMakeFiles/OpenMp3Trigger.dir/App/Src/bios.c.obj
 .ARM.attributes
                0x000004c1       0x32 CMakeFiles/OpenMp3Trigger.dir/App/Src/player.c.obj
 .ARM.attributes
                0x000004f3       0x32 CMakeFiles/OpenMp3Trigger.dir/App/Src/mp3decode.c.obj
 .ARM.attributes
                0x00000525       0x32 CMakeFiles/OpenMp3Trigger.dir/App/Src/mp3.c.obj
 .ARM.attributes
                0x00000557       0x43 C:/Projects/STM32-VSC/OpenMP3Trigger/App/Lib\lib_mp3decoder_cortex_m4_v2.2.0.a(mp3d_htab_armv4.o)
 .ARM.attributes
                0x0000059a       0x39 C:/Projects/STM32-VSC/OpenMP3Trigger/App/Lib\lib_mp3decoder_cortex_m4_v2.2.0.a(mp3d_bitio_armv4.o)
 .ARM.attributes
                0x000005d3       0x39 C:/Projects/STM32-VSC/OpenMP3Trigger/App/Lib\lib_mp3decoder_cortex_m4_v2.2.0.a(mp3d_copypcmsamples_armv4.o)
 .ARM.attributes
                0x0000060c       0x39 C:/Projects/STM32-VSC/OpenMP3Trigger/App/Lib\lib_mp3decoder_cortex_m4_v2.2.0.a(mp3d_dealias_armv5e.o)
 .ARM.attributes
                0x00000645       0x39 C:/Projects/STM32-VSC/OpenMP3Trigger/App/Lib\lib_mp3decoder_cortex_m4_v2.2.0.a(mp3d_huffdec_armv7e-m.o)
 .ARM.attributes
                0x0000067e       0x39 C:/Projects/STM32-VSC/OpenMP3Trigger/App/Lib\lib_mp3decoder_cortex_m4_v2.2.0.a(mp3d_imdct3612_armv5e.o)
 .ARM.attributes
                0x000006b7       0x39 C:/Projects/STM32-VSC/OpenMP3Trigger/App/Lib\lib_mp3decoder_cortex_m4_v2.2.0.a(mp3d_reorder_armv4.o)
 .ARM.attributes
                0x000006f0       0x39 C:/Projects/STM32-VSC/OpenMP3Trigger/App/Lib\lib_mp3decoder_cortex_m4_v2.2.0.a(mp3d_stereo_armv4.o)
 .ARM.attributes
                0x00000729       0x39 C:/Projects/STM32-VSC/OpenMP3Trigger/App/Lib\lib_mp3decoder_cortex_m4_v2.2.0.a(mp3d_synfilt_armv7e-m.o)
 .ARM.attributes
                0x00000762       0x22 C:/ST/STM32CubeCLT_1.18.0/GNU-tools-for-STM32/bin/../lib/gcc/arm-none-eabi/13.3.1/thumb/v7e-m+fp/softfp\libgcc.a(_aeabi_uldivmod.o)
 .ARM.attributes
                0x00000784       0x32 C:/ST/STM32CubeCLT_1.18.0/GNU-tools-for-STM32/bin/../lib/gcc/arm-none-eabi/13.3.1/thumb/v7e-m+fp/softfp\libgcc.a(_udivmoddi4.o)
 .ARM.attributes
                0x000007b6       0x22 C:/ST/STM32CubeCLT_1.18.0/GNU-tools-for-STM32/bin/../lib/gcc/arm-none-eabi/13.3.1/thumb/v7e-m+fp/softfp\libgcc.a(_dvmd_tls.o)
 .ARM.attributes
                0x000007d8       0x32 C:/ST/STM32CubeCLT_1.18.0/GNU-tools-for-STM32/bin/../lib/gcc/arm-none-eabi/13.3.1/../../../../arm-none-eabi/lib/thumb/v7e-m+fp/softfp\libg_nano.a(libc_a-memcpy-stub.o)
 .ARM.attributes
                0x0000080a       0x22 C:/ST/STM32CubeCLT_1.18.0/GNU-tools-for-STM32/bin/../lib/gcc/arm-none-eabi/13.3.1/thumb/v7e-m+fp/softfp/crtn.o

.comment        0x00000000      0xb53
 .comment       0x00000000       0x43 cmake/stm32cubemx/CMakeFiles/STM32_Drivers.dir/__/__/Core/Src/system_stm32f4xx.c.obj
                                 0x44 (size before relaxing)
 .comment       0x00000043       0x44 cmake/stm32cubemx/CMakeFiles/STM32_Drivers.dir/__/__/Drivers/STM32F4xx_HAL_Driver/Src/stm32f4xx_hal_i2s.c.obj
 .comment       0x00000043       0x44 cmake/stm32cubemx/CMakeFiles/STM32_Drivers.dir/__/__/Drivers/STM32F4xx_HAL_Driver/Src/stm32f4xx_hal_i2s_ex.c.obj
 .comment       0x00000043       0x44 cmake/stm32cubemx/CMakeFiles/STM32_Drivers.dir/__/__/Drivers/STM32F4xx_HAL_Driver/Src/stm32f4xx_hal_rcc.c.obj
 .comment       0x00000043       0x44 cmake/stm32cubemx/CMakeFiles/STM32_Drivers.dir/__/__/Drivers/STM32F4xx_HAL_Driver/Src/stm32f4xx_hal_rcc_ex.c.obj
 .comment       0x00000043       0x44 cmake/stm32cubemx/CMakeFiles/STM32_Drivers.dir/__/__/Drivers/STM32F4xx_HAL_Driver/Src/stm32f4xx_hal_gpio.c.obj
 .comment       0x00000043       0x44 cmake/stm32cubemx/CMakeFiles/STM32_Drivers.dir/__/__/Drivers/STM32F4xx_HAL_Driver/Src/stm32f4xx_hal_dma.c.obj
 .comment       0x00000043       0x44 cmake/stm32cubemx/CMakeFiles/STM32_Drivers.dir/__/__/Drivers/STM32F4xx_HAL_Driver/Src/stm32f4xx_hal_cortex.c.obj
 .comment       0x00000043       0x44 cmake/stm32cubemx/CMakeFiles/STM32_Drivers.dir/__/__/Drivers/STM32F4xx_HAL_Driver/Src/stm32f4xx_hal.c.obj
 .comment       0x00000043       0x44 cmake/stm32cubemx/CMakeFiles/STM32_Drivers.dir/__/__/Drivers/STM32F4xx_HAL_Driver/Src/stm32f4xx_ll_rcc.c.obj
 .comment       0x00000043       0x44 cmake/stm32cubemx/CMakeFiles/STM32_Drivers.dir/__/__/Drivers/STM32F4xx_HAL_Driver/Src/stm32f4xx_ll_sdmmc.c.obj
 .comment       0x00000043       0x44 cmake/stm32cubemx/CMakeFiles/STM32_Drivers.dir/__/__/Drivers/STM32F4xx_HAL_Driver/Src/stm32f4xx_hal_sd.c.obj
 .comment       0x00000043       0x44 cmake/stm32cubemx/CMakeFiles/STM32_Drivers.dir/__/__/Drivers/STM32F4xx_HAL_Driver/Src/stm32f4xx_ll_tim.c.obj
 .comment       0x00000043       0x44 cmake/stm32cubemx/CMakeFiles/STM32_Drivers.dir/__/__/Drivers/STM32F4xx_HAL_Driver/Src/stm32f4xx_ll_gpio.c.obj
 .comment       0x00000043       0x44 cmake/stm32cubemx/CMakeFiles/STM32_Drivers.dir/__/__/Drivers/STM32F4xx_HAL_Driver/Src/stm32f4xx_ll_usart.c.obj
 .comment       0x00000043       0x44 CMakeFiles/OpenMp3Trigger.dir/Core/Src/main.c.obj
 .comment       0x00000043       0x44 CMakeFiles/OpenMp3Trigger.dir/Core/Src/stm32f4xx_it.c.obj
 .comment       0x00000043       0x44 CMakeFiles/OpenMp3Trigger.dir/Core/Src/stm32f4xx_hal_msp.c.obj
 .comment       0x00000043       0x44 CMakeFiles/OpenMp3Trigger.dir/App/Src/memory.c.obj
 .comment       0x00000043       0x44 CMakeFiles/OpenMp3Trigger.dir/App/Src/bios.c.obj
 .comment       0x00000043       0x44 CMakeFiles/OpenMp3Trigger.dir/App/Src/player.c.obj
 .comment       0x00000043       0x44 CMakeFiles/OpenMp3Trigger.dir/App/Src/mp3decode.c.obj
 .comment       0x00000043       0x44 CMakeFiles/OpenMp3Trigger.dir/App/Src/mp3.c.obj
 .comment       0x00000043      0x21c C:/Projects/STM32-VSC/OpenMP3Trigger/App/Lib\lib_mp3decoder_cortex_m4_v2.2.0.a(mp3d_htab_armv4.o)
 .comment       0x0000025f      0x114 C:/Projects/STM32-VSC/OpenMP3Trigger/App/Lib\lib_mp3decoder_cortex_m4_v2.2.0.a(mp3d_bitio_armv4.o)
 .comment       0x00000373      0x128 C:/Projects/STM32-VSC/OpenMP3Trigger/App/Lib\lib_mp3decoder_cortex_m4_v2.2.0.a(mp3d_copypcmsamples_armv4.o)
 .comment       0x0000049b      0x11c C:/Projects/STM32-VSC/OpenMP3Trigger/App/Lib\lib_mp3decoder_cortex_m4_v2.2.0.a(mp3d_dealias_armv5e.o)
 .comment       0x000005b7      0x124 C:/Projects/STM32-VSC/OpenMP3Trigger/App/Lib\lib_mp3decoder_cortex_m4_v2.2.0.a(mp3d_huffdec_armv7e-m.o)
 .comment       0x000006db      0x124 C:/Projects/STM32-VSC/OpenMP3Trigger/App/Lib\lib_mp3decoder_cortex_m4_v2.2.0.a(mp3d_imdct3612_armv5e.o)
 .comment       0x000007ff      0x118 C:/Projects/STM32-VSC/OpenMP3Trigger/App/Lib\lib_mp3decoder_cortex_m4_v2.2.0.a(mp3d_reorder_armv4.o)
 .comment       0x00000917      0x118 C:/Projects/STM32-VSC/OpenMP3Trigger/App/Lib\lib_mp3decoder_cortex_m4_v2.2.0.a(mp3d_stereo_armv4.o)
 .comment       0x00000a2f      0x124 C:/Projects/STM32-VSC/OpenMP3Trigger/App/Lib\lib_mp3decoder_cortex_m4_v2.2.0.a(mp3d_synfilt_armv7e-m.o)
 .comment       0x00000b53       0x44 C:/ST/STM32CubeCLT_1.18.0/GNU-tools-for-STM32/bin/../lib/gcc/arm-none-eabi/13.3.1/../../../../arm-none-eabi/lib/thumb/v7e-m+fp/softfp\libg_nano.a(libc_a-memcpy-stub.o)

.arm_vfe_header
                0x00000000        0x4
 .arm_vfe_header
                0x00000000        0x4 C:/Projects/STM32-VSC/OpenMP3Trigger/App/Lib\lib_mp3decoder_cortex_m4_v2.2.0.a(mp3d_htab_armv4.o)

.debug_frame    0x00000000     0x469c
 .debug_frame   0x00000000       0x20 C:/ST/STM32CubeCLT_1.18.0/GNU-tools-for-STM32/bin/../lib/gcc/arm-none-eabi/13.3.1/../../../../arm-none-eabi/lib/thumb/v7e-m+fp/softfp\libc_nano.a(libc_a-memset.o)
 .debug_frame   0x00000020       0x2c C:/ST/STM32CubeCLT_1.18.0/GNU-tools-for-STM32/bin/../lib/gcc/arm-none-eabi/13.3.1/../../../../arm-none-eabi/lib/thumb/v7e-m+fp/softfp\libc_nano.a(libc_a-init.o)
 .debug_frame   0x0000004c       0x58 cmake/stm32cubemx/CMakeFiles/STM32_Drivers.dir/__/__/Core/Src/system_stm32f4xx.c.obj
 .debug_frame   0x000000a4      0x484 cmake/stm32cubemx/CMakeFiles/STM32_Drivers.dir/__/__/Drivers/STM32F4xx_HAL_Driver/Src/stm32f4xx_hal_i2s.c.obj
 .debug_frame   0x00000528      0x220 cmake/stm32cubemx/CMakeFiles/STM32_Drivers.dir/__/__/Drivers/STM32F4xx_HAL_Driver/Src/stm32f4xx_hal_i2s_ex.c.obj
 .debug_frame   0x00000748      0x1f4 cmake/stm32cubemx/CMakeFiles/STM32_Drivers.dir/__/__/Drivers/STM32F4xx_HAL_Driver/Src/stm32f4xx_hal_rcc.c.obj
 .debug_frame   0x0000093c       0xf0 cmake/stm32cubemx/CMakeFiles/STM32_Drivers.dir/__/__/Drivers/STM32F4xx_HAL_Driver/Src/stm32f4xx_hal_rcc_ex.c.obj
 .debug_frame   0x00000a2c      0x14c cmake/stm32cubemx/CMakeFiles/STM32_Drivers.dir/__/__/Drivers/STM32F4xx_HAL_Driver/Src/stm32f4xx_hal_gpio.c.obj
 .debug_frame   0x00000b78      0x250 cmake/stm32cubemx/CMakeFiles/STM32_Drivers.dir/__/__/Drivers/STM32F4xx_HAL_Driver/Src/stm32f4xx_hal_dma.c.obj
 .debug_frame   0x00000dc8      0x508 cmake/stm32cubemx/CMakeFiles/STM32_Drivers.dir/__/__/Drivers/STM32F4xx_HAL_Driver/Src/stm32f4xx_hal_cortex.c.obj
 .debug_frame   0x000012d0      0x374 cmake/stm32cubemx/CMakeFiles/STM32_Drivers.dir/__/__/Drivers/STM32F4xx_HAL_Driver/Src/stm32f4xx_hal.c.obj
 .debug_frame   0x00001644      0x460 cmake/stm32cubemx/CMakeFiles/STM32_Drivers.dir/__/__/Drivers/STM32F4xx_HAL_Driver/Src/stm32f4xx_ll_rcc.c.obj
 .debug_frame   0x00001aa4      0x6d0 cmake/stm32cubemx/CMakeFiles/STM32_Drivers.dir/__/__/Drivers/STM32F4xx_HAL_Driver/Src/stm32f4xx_ll_sdmmc.c.obj
 .debug_frame   0x00002174      0x650 cmake/stm32cubemx/CMakeFiles/STM32_Drivers.dir/__/__/Drivers/STM32F4xx_HAL_Driver/Src/stm32f4xx_hal_sd.c.obj
 .debug_frame   0x000027c4      0x538 cmake/stm32cubemx/CMakeFiles/STM32_Drivers.dir/__/__/Drivers/STM32F4xx_HAL_Driver/Src/stm32f4xx_ll_tim.c.obj
 .debug_frame   0x00002cfc      0x1c0 cmake/stm32cubemx/CMakeFiles/STM32_Drivers.dir/__/__/Drivers/STM32F4xx_HAL_Driver/Src/stm32f4xx_ll_gpio.c.obj
 .debug_frame   0x00002ebc      0x240 cmake/stm32cubemx/CMakeFiles/STM32_Drivers.dir/__/__/Drivers/STM32F4xx_HAL_Driver/Src/stm32f4xx_ll_usart.c.obj
 .debug_frame   0x000030fc      0x330 CMakeFiles/OpenMp3Trigger.dir/Core/Src/main.c.obj
 .debug_frame   0x0000342c      0x1ac CMakeFiles/OpenMp3Trigger.dir/Core/Src/stm32f4xx_it.c.obj
 .debug_frame   0x000035d8       0xc8 CMakeFiles/OpenMp3Trigger.dir/Core/Src/stm32f4xx_hal_msp.c.obj
 .debug_frame   0x000036a0      0x3d0 CMakeFiles/OpenMp3Trigger.dir/App/Src/bios.c.obj
 .debug_frame   0x00003a70       0xfc CMakeFiles/OpenMp3Trigger.dir/App/Src/player.c.obj
 .debug_frame   0x00003b6c       0x7c CMakeFiles/OpenMp3Trigger.dir/App/Src/mp3decode.c.obj
 .debug_frame   0x00003be8      0x2a8 CMakeFiles/OpenMp3Trigger.dir/App/Src/mp3.c.obj
 .debug_frame   0x00003e90      0x4e4 C:/Projects/STM32-VSC/OpenMP3Trigger/App/Lib\lib_mp3decoder_cortex_m4_v2.2.0.a(mp3d_htab_armv4.o)
 .debug_frame   0x00004374       0x54 C:/Projects/STM32-VSC/OpenMP3Trigger/App/Lib\lib_mp3decoder_cortex_m4_v2.2.0.a(mp3d_bitio_armv4.o)
 .debug_frame   0x000043c8       0x48 C:/Projects/STM32-VSC/OpenMP3Trigger/App/Lib\lib_mp3decoder_cortex_m4_v2.2.0.a(mp3d_copypcmsamples_armv4.o)
 .debug_frame   0x00004410       0x44 C:/Projects/STM32-VSC/OpenMP3Trigger/App/Lib\lib_mp3decoder_cortex_m4_v2.2.0.a(mp3d_dealias_armv5e.o)
 .debug_frame   0x00004454       0x48 C:/Projects/STM32-VSC/OpenMP3Trigger/App/Lib\lib_mp3decoder_cortex_m4_v2.2.0.a(mp3d_huffdec_armv7e-m.o)
 .debug_frame   0x0000449c       0x74 C:/Projects/STM32-VSC/OpenMP3Trigger/App/Lib\lib_mp3decoder_cortex_m4_v2.2.0.a(mp3d_imdct3612_armv5e.o)
 .debug_frame   0x00004510       0x48 C:/Projects/STM32-VSC/OpenMP3Trigger/App/Lib\lib_mp3decoder_cortex_m4_v2.2.0.a(mp3d_reorder_armv4.o)
 .debug_frame   0x00004558       0x64 C:/Projects/STM32-VSC/OpenMP3Trigger/App/Lib\lib_mp3decoder_cortex_m4_v2.2.0.a(mp3d_stereo_armv4.o)
 .debug_frame   0x000045bc       0x58 C:/Projects/STM32-VSC/OpenMP3Trigger/App/Lib\lib_mp3decoder_cortex_m4_v2.2.0.a(mp3d_synfilt_armv7e-m.o)
 .debug_frame   0x00004614       0x2c C:/ST/STM32CubeCLT_1.18.0/GNU-tools-for-STM32/bin/../lib/gcc/arm-none-eabi/13.3.1/thumb/v7e-m+fp/softfp\libgcc.a(_aeabi_uldivmod.o)
 .debug_frame   0x00004640       0x34 C:/ST/STM32CubeCLT_1.18.0/GNU-tools-for-STM32/bin/../lib/gcc/arm-none-eabi/13.3.1/thumb/v7e-m+fp/softfp\libgcc.a(_udivmoddi4.o)
 .debug_frame   0x00004674       0x28 C:/ST/STM32CubeCLT_1.18.0/GNU-tools-for-STM32/bin/../lib/gcc/arm-none-eabi/13.3.1/../../../../arm-none-eabi/lib/thumb/v7e-m+fp/softfp\libg_nano.a(libc_a-memcpy-stub.o)

.debug_info     0x00000000    0x10def
 .debug_info    0x00000000      0x512 cmake/stm32cubemx/CMakeFiles/STM32_Drivers.dir/__/__/Core/Src/system_stm32f4xx.c.obj
 .debug_info    0x00000512      0xdf8 cmake/stm32cubemx/CMakeFiles/STM32_Drivers.dir/__/__/Drivers/STM32F4xx_HAL_Driver/Src/stm32f4xx_hal_i2s.c.obj
 .debug_info    0x0000130a      0xa9f cmake/stm32cubemx/CMakeFiles/STM32_Drivers.dir/__/__/Drivers/STM32F4xx_HAL_Driver/Src/stm32f4xx_hal_i2s_ex.c.obj
 .debug_info    0x00001da9      0x8af cmake/stm32cubemx/CMakeFiles/STM32_Drivers.dir/__/__/Drivers/STM32F4xx_HAL_Driver/Src/stm32f4xx_hal_rcc.c.obj
 .debug_info    0x00002658      0x536 cmake/stm32cubemx/CMakeFiles/STM32_Drivers.dir/__/__/Drivers/STM32F4xx_HAL_Driver/Src/stm32f4xx_hal_rcc_ex.c.obj
 .debug_info    0x00002b8e      0x6c3 cmake/stm32cubemx/CMakeFiles/STM32_Drivers.dir/__/__/Drivers/STM32F4xx_HAL_Driver/Src/stm32f4xx_hal_gpio.c.obj
 .debug_info    0x00003251      0x8e7 cmake/stm32cubemx/CMakeFiles/STM32_Drivers.dir/__/__/Drivers/STM32F4xx_HAL_Driver/Src/stm32f4xx_hal_dma.c.obj
 .debug_info    0x00003b38      0xd7a cmake/stm32cubemx/CMakeFiles/STM32_Drivers.dir/__/__/Drivers/STM32F4xx_HAL_Driver/Src/stm32f4xx_hal_cortex.c.obj
 .debug_info    0x000048b2      0x932 cmake/stm32cubemx/CMakeFiles/STM32_Drivers.dir/__/__/Drivers/STM32F4xx_HAL_Driver/Src/stm32f4xx_hal.c.obj
 .debug_info    0x000051e4      0x74b cmake/stm32cubemx/CMakeFiles/STM32_Drivers.dir/__/__/Drivers/STM32F4xx_HAL_Driver/Src/stm32f4xx_ll_rcc.c.obj
 .debug_info    0x0000592f     0x10c4 cmake/stm32cubemx/CMakeFiles/STM32_Drivers.dir/__/__/Drivers/STM32F4xx_HAL_Driver/Src/stm32f4xx_ll_sdmmc.c.obj
 .debug_info    0x000069f3     0x1c0a cmake/stm32cubemx/CMakeFiles/STM32_Drivers.dir/__/__/Drivers/STM32F4xx_HAL_Driver/Src/stm32f4xx_hal_sd.c.obj
 .debug_info    0x000085fd      0xf47 cmake/stm32cubemx/CMakeFiles/STM32_Drivers.dir/__/__/Drivers/STM32F4xx_HAL_Driver/Src/stm32f4xx_ll_tim.c.obj
 .debug_info    0x00009544      0x927 cmake/stm32cubemx/CMakeFiles/STM32_Drivers.dir/__/__/Drivers/STM32F4xx_HAL_Driver/Src/stm32f4xx_ll_gpio.c.obj
 .debug_info    0x00009e6b      0x6f2 cmake/stm32cubemx/CMakeFiles/STM32_Drivers.dir/__/__/Drivers/STM32F4xx_HAL_Driver/Src/stm32f4xx_ll_usart.c.obj
 .debug_info    0x0000a55d     0x1d0d CMakeFiles/OpenMp3Trigger.dir/Core/Src/main.c.obj
 .debug_info    0x0000c26a      0xafd CMakeFiles/OpenMp3Trigger.dir/Core/Src/stm32f4xx_it.c.obj
 .debug_info    0x0000cd67     0x1179 CMakeFiles/OpenMp3Trigger.dir/Core/Src/stm32f4xx_hal_msp.c.obj
 .debug_info    0x0000dee0       0x30 CMakeFiles/OpenMp3Trigger.dir/startup_stm32f405xx.s.obj
 .debug_info    0x0000df10      0x43d CMakeFiles/OpenMp3Trigger.dir/App/Src/memory.c.obj
 .debug_info    0x0000e34d     0x14c4 CMakeFiles/OpenMp3Trigger.dir/App/Src/bios.c.obj
 .debug_info    0x0000f811      0x644 CMakeFiles/OpenMp3Trigger.dir/App/Src/player.c.obj
 .debug_info    0x0000fe55      0x4a8 CMakeFiles/OpenMp3Trigger.dir/App/Src/mp3decode.c.obj
 .debug_info    0x000102fd      0x9d1 CMakeFiles/OpenMp3Trigger.dir/App/Src/mp3.c.obj
 .debug_info    0x00010cce      0x121 C:/ST/STM32CubeCLT_1.18.0/GNU-tools-for-STM32/bin/../lib/gcc/arm-none-eabi/13.3.1/../../../../arm-none-eabi/lib/thumb/v7e-m+fp/softfp\libg_nano.a(libc_a-memcpy-stub.o)

.debug_abbrev   0x00000000     0x341f
 .debug_abbrev  0x00000000      0x11a cmake/stm32cubemx/CMakeFiles/STM32_Drivers.dir/__/__/Core/Src/system_stm32f4xx.c.obj
 .debug_abbrev  0x0000011a      0x256 cmake/stm32cubemx/CMakeFiles/STM32_Drivers.dir/__/__/Drivers/STM32F4xx_HAL_Driver/Src/stm32f4xx_hal_i2s.c.obj
 .debug_abbrev  0x00000370      0x276 cmake/stm32cubemx/CMakeFiles/STM32_Drivers.dir/__/__/Drivers/STM32F4xx_HAL_Driver/Src/stm32f4xx_hal_i2s_ex.c.obj
 .debug_abbrev  0x000005e6      0x2b7 cmake/stm32cubemx/CMakeFiles/STM32_Drivers.dir/__/__/Drivers/STM32F4xx_HAL_Driver/Src/stm32f4xx_hal_rcc.c.obj
 .debug_abbrev  0x0000089d      0x1b0 cmake/stm32cubemx/CMakeFiles/STM32_Drivers.dir/__/__/Drivers/STM32F4xx_HAL_Driver/Src/stm32f4xx_hal_rcc_ex.c.obj
 .debug_abbrev  0x00000a4d      0x1d4 cmake/stm32cubemx/CMakeFiles/STM32_Drivers.dir/__/__/Drivers/STM32F4xx_HAL_Driver/Src/stm32f4xx_hal_gpio.c.obj
 .debug_abbrev  0x00000c21      0x264 cmake/stm32cubemx/CMakeFiles/STM32_Drivers.dir/__/__/Drivers/STM32F4xx_HAL_Driver/Src/stm32f4xx_hal_dma.c.obj
 .debug_abbrev  0x00000e85      0x31d cmake/stm32cubemx/CMakeFiles/STM32_Drivers.dir/__/__/Drivers/STM32F4xx_HAL_Driver/Src/stm32f4xx_hal_cortex.c.obj
 .debug_abbrev  0x000011a2      0x214 cmake/stm32cubemx/CMakeFiles/STM32_Drivers.dir/__/__/Drivers/STM32F4xx_HAL_Driver/Src/stm32f4xx_hal.c.obj
 .debug_abbrev  0x000013b6      0x1ed cmake/stm32cubemx/CMakeFiles/STM32_Drivers.dir/__/__/Drivers/STM32F4xx_HAL_Driver/Src/stm32f4xx_ll_rcc.c.obj
 .debug_abbrev  0x000015a3      0x1d6 cmake/stm32cubemx/CMakeFiles/STM32_Drivers.dir/__/__/Drivers/STM32F4xx_HAL_Driver/Src/stm32f4xx_ll_sdmmc.c.obj
 .debug_abbrev  0x00001779      0x297 cmake/stm32cubemx/CMakeFiles/STM32_Drivers.dir/__/__/Drivers/STM32F4xx_HAL_Driver/Src/stm32f4xx_hal_sd.c.obj
 .debug_abbrev  0x00001a10      0x20f cmake/stm32cubemx/CMakeFiles/STM32_Drivers.dir/__/__/Drivers/STM32F4xx_HAL_Driver/Src/stm32f4xx_ll_tim.c.obj
 .debug_abbrev  0x00001c1f      0x237 cmake/stm32cubemx/CMakeFiles/STM32_Drivers.dir/__/__/Drivers/STM32F4xx_HAL_Driver/Src/stm32f4xx_ll_gpio.c.obj
 .debug_abbrev  0x00001e56      0x1f2 cmake/stm32cubemx/CMakeFiles/STM32_Drivers.dir/__/__/Drivers/STM32F4xx_HAL_Driver/Src/stm32f4xx_ll_usart.c.obj
 .debug_abbrev  0x00002048      0x348 CMakeFiles/OpenMp3Trigger.dir/Core/Src/main.c.obj
 .debug_abbrev  0x00002390      0x1db CMakeFiles/OpenMp3Trigger.dir/Core/Src/stm32f4xx_it.c.obj
 .debug_abbrev  0x0000256b      0x242 CMakeFiles/OpenMp3Trigger.dir/Core/Src/stm32f4xx_hal_msp.c.obj
 .debug_abbrev  0x000027ad       0x24 CMakeFiles/OpenMp3Trigger.dir/startup_stm32f405xx.s.obj
 .debug_abbrev  0x000027d1      0x11c CMakeFiles/OpenMp3Trigger.dir/App/Src/memory.c.obj
 .debug_abbrev  0x000028ed      0x3b6 CMakeFiles/OpenMp3Trigger.dir/App/Src/bios.c.obj
 .debug_abbrev  0x00002ca3      0x234 CMakeFiles/OpenMp3Trigger.dir/App/Src/player.c.obj
 .debug_abbrev  0x00002ed7      0x1b8 CMakeFiles/OpenMp3Trigger.dir/App/Src/mp3decode.c.obj
 .debug_abbrev  0x0000308f      0x2cf CMakeFiles/OpenMp3Trigger.dir/App/Src/mp3.c.obj
 .debug_abbrev  0x0000335e       0xc1 C:/ST/STM32CubeCLT_1.18.0/GNU-tools-for-STM32/bin/../lib/gcc/arm-none-eabi/13.3.1/../../../../arm-none-eabi/lib/thumb/v7e-m+fp/softfp\libg_nano.a(libc_a-memcpy-stub.o)

.debug_aranges  0x00000000      0xfb8
 .debug_aranges
                0x00000000       0x28 cmake/stm32cubemx/CMakeFiles/STM32_Drivers.dir/__/__/Core/Src/system_stm32f4xx.c.obj
 .debug_aranges
                0x00000028      0x108 cmake/stm32cubemx/CMakeFiles/STM32_Drivers.dir/__/__/Drivers/STM32F4xx_HAL_Driver/Src/stm32f4xx_hal_i2s.c.obj
 .debug_aranges
                0x00000130       0x88 cmake/stm32cubemx/CMakeFiles/STM32_Drivers.dir/__/__/Drivers/STM32F4xx_HAL_Driver/Src/stm32f4xx_hal_i2s_ex.c.obj
 .debug_aranges
                0x000001b8       0x88 cmake/stm32cubemx/CMakeFiles/STM32_Drivers.dir/__/__/Drivers/STM32F4xx_HAL_Driver/Src/stm32f4xx_hal_rcc.c.obj
 .debug_aranges
                0x00000240       0x48 cmake/stm32cubemx/CMakeFiles/STM32_Drivers.dir/__/__/Drivers/STM32F4xx_HAL_Driver/Src/stm32f4xx_hal_rcc_ex.c.obj
 .debug_aranges
                0x00000288       0x58 cmake/stm32cubemx/CMakeFiles/STM32_Drivers.dir/__/__/Drivers/STM32F4xx_HAL_Driver/Src/stm32f4xx_hal_gpio.c.obj
 .debug_aranges
                0x000002e0       0x90 cmake/stm32cubemx/CMakeFiles/STM32_Drivers.dir/__/__/Drivers/STM32F4xx_HAL_Driver/Src/stm32f4xx_hal_dma.c.obj
 .debug_aranges
                0x00000370      0x130 cmake/stm32cubemx/CMakeFiles/STM32_Drivers.dir/__/__/Drivers/STM32F4xx_HAL_Driver/Src/stm32f4xx_hal_cortex.c.obj
 .debug_aranges
                0x000004a0       0xf0 cmake/stm32cubemx/CMakeFiles/STM32_Drivers.dir/__/__/Drivers/STM32F4xx_HAL_Driver/Src/stm32f4xx_hal.c.obj
 .debug_aranges
                0x00000590      0x118 cmake/stm32cubemx/CMakeFiles/STM32_Drivers.dir/__/__/Drivers/STM32F4xx_HAL_Driver/Src/stm32f4xx_ll_rcc.c.obj
 .debug_aranges
                0x000006a8      0x188 cmake/stm32cubemx/CMakeFiles/STM32_Drivers.dir/__/__/Drivers/STM32F4xx_HAL_Driver/Src/stm32f4xx_ll_sdmmc.c.obj
 .debug_aranges
                0x00000830      0x168 cmake/stm32cubemx/CMakeFiles/STM32_Drivers.dir/__/__/Drivers/STM32F4xx_HAL_Driver/Src/stm32f4xx_hal_sd.c.obj
 .debug_aranges
                0x00000998      0x128 cmake/stm32cubemx/CMakeFiles/STM32_Drivers.dir/__/__/Drivers/STM32F4xx_HAL_Driver/Src/stm32f4xx_ll_tim.c.obj
 .debug_aranges
                0x00000ac0       0x70 cmake/stm32cubemx/CMakeFiles/STM32_Drivers.dir/__/__/Drivers/STM32F4xx_HAL_Driver/Src/stm32f4xx_ll_gpio.c.obj
 .debug_aranges
                0x00000b30       0x88 cmake/stm32cubemx/CMakeFiles/STM32_Drivers.dir/__/__/Drivers/STM32F4xx_HAL_Driver/Src/stm32f4xx_ll_usart.c.obj
 .debug_aranges
                0x00000bb8       0xc8 CMakeFiles/OpenMp3Trigger.dir/Core/Src/main.c.obj
 .debug_aranges
                0x00000c80       0x90 CMakeFiles/OpenMp3Trigger.dir/Core/Src/stm32f4xx_it.c.obj
 .debug_aranges
                0x00000d10       0x40 CMakeFiles/OpenMp3Trigger.dir/Core/Src/stm32f4xx_hal_msp.c.obj
 .debug_aranges
                0x00000d50       0x28 CMakeFiles/OpenMp3Trigger.dir/startup_stm32f405xx.s.obj
 .debug_aranges
                0x00000d78       0x18 CMakeFiles/OpenMp3Trigger.dir/App/Src/memory.c.obj
 .debug_aranges
                0x00000d90       0xe8 CMakeFiles/OpenMp3Trigger.dir/App/Src/bios.c.obj
 .debug_aranges
                0x00000e78       0x50 CMakeFiles/OpenMp3Trigger.dir/App/Src/player.c.obj
 .debug_aranges
                0x00000ec8       0x30 CMakeFiles/OpenMp3Trigger.dir/App/Src/mp3decode.c.obj
 .debug_aranges
                0x00000ef8       0xa0 CMakeFiles/OpenMp3Trigger.dir/App/Src/mp3.c.obj
 .debug_aranges
                0x00000f98       0x20 C:/ST/STM32CubeCLT_1.18.0/GNU-tools-for-STM32/bin/../lib/gcc/arm-none-eabi/13.3.1/../../../../arm-none-eabi/lib/thumb/v7e-m+fp/softfp\libg_nano.a(libc_a-memcpy-stub.o)

.debug_rnglists
                0x00000000      0xbab
 .debug_rnglists
                0x00000000       0x1a cmake/stm32cubemx/CMakeFiles/STM32_Drivers.dir/__/__/Core/Src/system_stm32f4xx.c.obj
 .debug_rnglists
                0x0000001a       0xcc cmake/stm32cubemx/CMakeFiles/STM32_Drivers.dir/__/__/Drivers/STM32F4xx_HAL_Driver/Src/stm32f4xx_hal_i2s.c.obj
 .debug_rnglists
                0x000000e6       0x6a cmake/stm32cubemx/CMakeFiles/STM32_Drivers.dir/__/__/Drivers/STM32F4xx_HAL_Driver/Src/stm32f4xx_hal_i2s_ex.c.obj
 .debug_rnglists
                0x00000150       0x66 cmake/stm32cubemx/CMakeFiles/STM32_Drivers.dir/__/__/Drivers/STM32F4xx_HAL_Driver/Src/stm32f4xx_hal_rcc.c.obj
 .debug_rnglists
                0x000001b6       0x35 cmake/stm32cubemx/CMakeFiles/STM32_Drivers.dir/__/__/Drivers/STM32F4xx_HAL_Driver/Src/stm32f4xx_hal_rcc_ex.c.obj
 .debug_rnglists
                0x000001eb       0x3f cmake/stm32cubemx/CMakeFiles/STM32_Drivers.dir/__/__/Drivers/STM32F4xx_HAL_Driver/Src/stm32f4xx_hal_gpio.c.obj
 .debug_rnglists
                0x0000022a       0x70 cmake/stm32cubemx/CMakeFiles/STM32_Drivers.dir/__/__/Drivers/STM32F4xx_HAL_Driver/Src/stm32f4xx_hal_dma.c.obj
 .debug_rnglists