Archive member included to satisfy reference by file (symbol)

C:/ST/STM32CubeCLT_1.18.0/GNU-tools-for-STM32/bin/../lib/gcc/arm-none-eabi/13.3.1/../../../../arm-none-eabi/lib/thumb/v7e-m+fp/softfp\libc_nano.a(libc_a-exit.o)
                              C:/ST/STM32CubeCLT_1.18.0/GNU-tools-for-STM32/bin/../lib/gcc/arm-none-eabi/13.3.1/../../../../arm-none-eabi/lib/thumb/v7e-m+fp/softfp/crt0.o (exit)
C:/ST/STM32CubeCLT_1.18.0/GNU-tools-for-STM32/bin/../lib/gcc/arm-none-eabi/13.3.1/../../../../arm-none-eabi/lib/thumb/v7e-m+fp/softfp\libc_nano.a(libc_a-findfp.o)
                              C:/ST/STM32CubeCLT_1.18.0/GNU-tools-for-STM32/bin/../lib/gcc/arm-none-eabi/13.3.1/../../../../arm-none-eabi/lib/thumb/v7e-m+fp/softfp\libc_nano.a(libc_a-exit.o) (__stdio_exit_handler)
C:/ST/STM32CubeCLT_1.18.0/GNU-tools-for-STM32/bin/../lib/gcc/arm-none-eabi/13.3.1/../../../../arm-none-eabi/lib/thumb/v7e-m+fp/softfp\libc_nano.a(libc_a-fwalk.o)
                              C:/ST/STM32CubeCLT_1.18.0/GNU-tools-for-STM32/bin/../lib/gcc/arm-none-eabi/13.3.1/../../../../arm-none-eabi/lib/thumb/v7e-m+fp/softfp\libc_nano.a(libc_a-findfp.o) (_fwalk_sglue)
C:/ST/STM32CubeCLT_1.18.0/GNU-tools-for-STM32/bin/../lib/gcc/arm-none-eabi/13.3.1/../../../../arm-none-eabi/lib/thumb/v7e-m+fp/softfp\libc_nano.a(libc_a-stdio.o)
                              C:/ST/STM32CubeCLT_1.18.0/GNU-tools-for-STM32/bin/../lib/gcc/arm-none-eabi/13.3.1/../../../../arm-none-eabi/lib/thumb/v7e-m+fp/softfp\libc_nano.a(libc_a-findfp.o) (__sread)
C:/ST/STM32CubeCLT_1.18.0/GNU-tools-for-STM32/bin/../lib/gcc/arm-none-eabi/13.3.1/../../../../arm-none-eabi/lib/thumb/v7e-m+fp/softfp\libc_nano.a(libc_a-memset.o)
                              C:/ST/STM32CubeCLT_1.18.0/GNU-tools-for-STM32/bin/../lib/gcc/arm-none-eabi/13.3.1/../../../../arm-none-eabi/lib/thumb/v7e-m+fp/softfp/crt0.o (memset)
C:/ST/STM32CubeCLT_1.18.0/GNU-tools-for-STM32/bin/../lib/gcc/arm-none-eabi/13.3.1/../../../../arm-none-eabi/lib/thumb/v7e-m+fp/softfp\libc_nano.a(libc_a-closer.o)
                              C:/ST/STM32CubeCLT_1.18.0/GNU-tools-for-STM32/bin/../lib/gcc/arm-none-eabi/13.3.1/../../../../arm-none-eabi/lib/thumb/v7e-m+fp/softfp\libc_nano.a(libc_a-stdio.o) (_close_r)
C:/ST/STM32CubeCLT_1.18.0/GNU-tools-for-STM32/bin/../lib/gcc/arm-none-eabi/13.3.1/../../../../arm-none-eabi/lib/thumb/v7e-m+fp/softfp\libc_nano.a(libc_a-reent.o)
                              C:/ST/STM32CubeCLT_1.18.0/GNU-tools-for-STM32/bin/../lib/gcc/arm-none-eabi/13.3.1/../../../../arm-none-eabi/lib/thumb/v7e-m+fp/softfp\libc_nano.a(libc_a-closer.o) (errno)
C:/ST/STM32CubeCLT_1.18.0/GNU-tools-for-STM32/bin/../lib/gcc/arm-none-eabi/13.3.1/../../../../arm-none-eabi/lib/thumb/v7e-m+fp/softfp\libc_nano.a(libc_a-impure.o)
                              C:/ST/STM32CubeCLT_1.18.0/GNU-tools-for-STM32/bin/../lib/gcc/arm-none-eabi/13.3.1/../../../../arm-none-eabi/lib/thumb/v7e-m+fp/softfp\libc_nano.a(libc_a-reent.o) (_impure_ptr)
C:/ST/STM32CubeCLT_1.18.0/GNU-tools-for-STM32/bin/../lib/gcc/arm-none-eabi/13.3.1/../../../../arm-none-eabi/lib/thumb/v7e-m+fp/softfp\libc_nano.a(libc_a-lseekr.o)
                              C:/ST/STM32CubeCLT_1.18.0/GNU-tools-for-STM32/bin/../lib/gcc/arm-none-eabi/13.3.1/../../../../arm-none-eabi/lib/thumb/v7e-m+fp/softfp\libc_nano.a(libc_a-stdio.o) (_lseek_r)
C:/ST/STM32CubeCLT_1.18.0/GNU-tools-for-STM32/bin/../lib/gcc/arm-none-eabi/13.3.1/../../../../arm-none-eabi/lib/thumb/v7e-m+fp/softfp\libc_nano.a(libc_a-readr.o)
                              C:/ST/STM32CubeCLT_1.18.0/GNU-tools-for-STM32/bin/../lib/gcc/arm-none-eabi/13.3.1/../../../../arm-none-eabi/lib/thumb/v7e-m+fp/softfp\libc_nano.a(libc_a-stdio.o) (_read_r)
C:/ST/STM32CubeCLT_1.18.0/GNU-tools-for-STM32/bin/../lib/gcc/arm-none-eabi/13.3.1/../../../../arm-none-eabi/lib/thumb/v7e-m+fp/softfp\libc_nano.a(libc_a-writer.o)
                              C:/ST/STM32CubeCLT_1.18.0/GNU-tools-for-STM32/bin/../lib/gcc/arm-none-eabi/13.3.1/../../../../arm-none-eabi/lib/thumb/v7e-m+fp/softfp\libc_nano.a(libc_a-stdio.o) (_write_r)
C:/ST/STM32CubeCLT_1.18.0/GNU-tools-for-STM32/bin/../lib/gcc/arm-none-eabi/13.3.1/../../../../arm-none-eabi/lib/thumb/v7e-m+fp/softfp\libc_nano.a(libc_a-init.o)
                              C:/ST/STM32CubeCLT_1.18.0/GNU-tools-for-STM32/bin/../lib/gcc/arm-none-eabi/13.3.1/../../../../arm-none-eabi/lib/thumb/v7e-m+fp/softfp/crt0.o (__libc_init_array)
C:/ST/STM32CubeCLT_1.18.0/GNU-tools-for-STM32/bin/../lib/gcc/arm-none-eabi/13.3.1/../../../../arm-none-eabi/lib/thumb/v7e-m+fp/softfp\libc_nano.a(libc_a-lock.o)
                              C:/ST/STM32CubeCLT_1.18.0/GNU-tools-for-STM32/bin/../lib/gcc/arm-none-eabi/13.3.1/../../../../arm-none-eabi/lib/thumb/v7e-m+fp/softfp\libc_nano.a(libc_a-findfp.o) (__retarget_lock_init_recursive)
C:/ST/STM32CubeCLT_1.18.0/GNU-tools-for-STM32/bin/../lib/gcc/arm-none-eabi/13.3.1/../../../../arm-none-eabi/lib/thumb/v7e-m+fp/softfp\libc_nano.a(libc_a-freer.o)
[...]
Memory Configuration

Name             Origin             Length             Attributes
RAM              0x20000000         0x00020000         xrw
CCMRAM           0x10000000         0x00010000         xrw
FLASH            0x08000000         0x00100000         xr
*default*        0x00000000         0xffffffff

Linker script and memory map

LOAD C:/ST/STM32CubeCLT_1.18.0/GNU-tools-for-STM32/bin/../lib/gcc/arm-none-eabi/13.3.1/thumb/v7e-m+fp/softfp/crti.o
LOAD C:/ST/STM32CubeCLT_1.18.0/GNU-tools-for-STM32/bin/../lib/gcc/arm-none-eabi/13.3.1/thumb/v7e-m+fp/softfp/crtbegin.o
LOAD C:/ST/STM32CubeCLT_1.18.0/GNU-tools-for-STM32/bin/../lib/gcc/arm-none-eabi/13.3.1/../../../../arm-none-eabi/lib/thumb/v7e-m+fp/softfp/crt0.o
START GROUP
LOAD C:/ST/STM32CubeCLT_1.18.0/GNU-tools-for-STM32/bin/../lib/gcc/arm-none-eabi/13.3.1/../../../../arm-none-eabi/lib/thumb/v7e-m+fp/softfp\libc_nano.a
LOAD C:/ST/STM32CubeCLT_1.18.0/GNU-tools-for-STM32/bin/../lib/gcc/arm-none-eabi/13.3.1/../../../../arm-none-eabi/lib/thumb/v7e-m+fp/softfp\libm.a
END GROUP
LOAD cmake/stm32cubemx/CMakeFiles/STM32_Drivers.dir/__/__/Core/Src/system_stm32f4xx.c.obj
LOAD cmake/stm32cubemx/CMakeFiles/STM32_Drivers.dir/__/__/Drivers/STM32F4xx_HAL_Driver/Src/stm32f4xx_hal_i2s.c.obj
LOAD cmake/stm32cubemx/CMakeFiles/STM32_Drivers.dir/__/__/Drivers/STM32F4xx_HAL_Driver/Src/stm32f4xx_hal_i2s_ex.c.obj
LOAD cmake/stm32cubemx/CMakeFiles/STM32_Drivers.dir/__/__/Drivers/STM32F4xx_HAL_Driver/Src/stm32f4xx_hal_rcc.c.obj
LOAD cmake/stm32cubemx/CMakeFiles/STM32_Drivers.dir/__/__/Drivers/STM32F4xx_HAL_Driver/Src/stm32f4xx_hal_rcc_ex.c.obj
LOAD cmake/stm32cubemx/CMakeFiles/STM32_Drivers.dir/__/__/Drivers/STM32F4xx_HAL_Driver/Src/stm32f4xx_hal_flash.c.obj
LOAD cmake/stm32cubemx/CMakeFiles/STM32_Drivers.dir/__/__/Drivers/STM32F4xx_HAL_Driver/Src/stm32f4xx_hal_flash_ex.c.obj
LOAD cmake/stm32cubemx/CMakeFiles/STM32_Drivers.dir/__/__/Drivers/STM32F4xx_HAL_Driver/Src/stm32f4xx_hal_flash_ramfunc.c.obj
LOAD cmake/stm32cubemx/CMakeFiles/STM32_Drivers.dir/__/__/Drivers/STM32F4xx_HAL_Driver/Src/stm32f4xx_hal_gpio.c.obj
LOAD cmake/stm32cubemx/CMakeFiles/STM32_Drivers.dir/__/__/Drivers/STM32F4xx_HAL_Driver/Src/stm32f4xx_hal_dma_ex.c.obj
LOAD cmake/stm32cubemx/CMakeFiles/STM32_Drivers.dir/__/__/Drivers/STM32F4xx_HAL_Driver/Src/stm32f4xx_hal_dma.c.obj
LOAD cmake/stm32cubemx/CMakeFiles/STM32_Drivers.dir/__/__/Drivers/STM32F4xx_HAL_Driver/Src/stm32f4xx_hal_pwr.c.obj
LOAD cmake/stm32cubemx/CMakeFiles/STM32_Drivers.dir/__/__/Drivers/STM32F4xx_HAL_Driver/Src/stm32f4xx_hal_pwr_ex.c.obj
LOAD cmake/stm32cubemx/CMakeFiles/STM32_Drivers.dir/__/__/Drivers/STM32F4xx_HAL_Driver/Src/stm32f4xx_hal_cortex.c.obj
LOAD cmake/stm32cubemx/CMakeFiles/STM32_Drivers.dir/__/__/Drivers/STM32F4xx_HAL_Driver/Src/stm32f4xx_hal.c.obj
LOAD cmake/stm32cubemx/CMakeFiles/STM32_Drivers.dir/__/__/Drivers/STM32F4xx_HAL_Driver/Src/stm32f4xx_hal_exti.c.obj
LOAD cmake/stm32cubemx/CMakeFiles/STM32_Drivers.dir/__/__/Drivers/STM32F4xx_HAL_Driver/Src/stm32f4xx_ll_rcc.c.obj
LOAD cmake/stm32cubemx/CMakeFiles/STM32_Drivers.dir/__/__/Drivers/STM32F4xx_HAL_Driver/Src/stm32f4xx_ll_utils.c.obj
LOAD cmake/stm32cubemx/CMakeFiles/STM32_Drivers.dir/__/__/Drivers/STM32F4xx_HAL_Driver/Src/stm32f4xx_ll_exti.c.obj
LOAD cmake/stm32cubemx/CMakeFiles/STM32_Drivers.dir/__/__/Drivers/STM32F4xx_HAL_Driver/Src/stm32f4xx_ll_sdmmc.c.obj
LOAD cmake/stm32cubemx/CMakeFiles/STM32_Drivers.dir/__/__/Drivers/STM32F4xx_HAL_Driver/Src/stm32f4xx_hal_sd.c.obj
LOAD cmake/stm32cubemx/CMakeFiles/STM32_Drivers.dir/__/__/Drivers/STM32F4xx_HAL_Driver/Src/stm32f4xx_hal_mmc.c.obj
LOAD cmake/stm32cubemx/CMakeFiles/STM32_Drivers.dir/__/__/Drivers/STM32F4xx_HAL_Driver/Src/stm32f4xx_ll_tim.c.obj
LOAD cmake/stm32cubemx/CMakeFiles/STM32_Drivers.dir/__/__/Drivers/STM32F4xx_HAL_Driver/Src/stm32f4xx_ll_gpio.c.obj
LOAD cmake/stm32cubemx/CMakeFiles/STM32_Drivers.dir/__/__/Drivers/STM32F4xx_HAL_Driver/Src/stm32f4xx_ll_dma.c.obj
LOAD cmake/stm32cubemx/CMakeFiles/STM32_Drivers.dir/__/__/Drivers/STM32F4xx_HAL_Driver/Src/stm32f4xx_ll_usart.c.obj
LOAD CMakeFiles/OpenMp3Trigger.dir/Core/Src/main.c.obj
LOAD CMakeFiles/OpenMp3Trigger.dir/Core/Src/stm32f4xx_it.c.obj
LOAD CMakeFiles/OpenMp3Trigger.dir/Core/Src/stm32f4xx_hal_msp.c.obj
LOAD CMakeFiles/OpenMp3Trigger.dir/Core/Src/sysmem.c.obj
LOAD CMakeFiles/OpenMp3Trigger.dir/Core/Src/syscalls.c.obj
LOAD CMakeFiles/OpenMp3Trigger.dir/startup_stm32f405xx.s.obj
LOAD CMakeFiles/OpenMp3Trigger.dir/App/Src/memory.c.obj
LOAD CMakeFiles/OpenMp3Trigger.dir/App/Src/bios.c.obj
LOAD CMakeFiles/OpenMp3Trigger.dir/App/Src/player.c.obj
LOAD CMakeFiles/OpenMp3Trigger.dir/App/Src/console.c.obj
LOAD CMakeFiles/OpenMp3Trigger.dir/App/Src/mp3decode.c.obj
LOAD CMakeFiles/OpenMp3Trigger.dir/App/Src/dsp.c.obj
LOAD CMakeFiles/OpenMp3Trigger.dir/App/Src/track.c.obj
LOAD CMakeFiles/OpenMp3Trigger.dir/App/Src/mp3.c.obj
LOAD CMakeFiles/OpenMp3Trigger.dir/App/Src/ffdisk.c.obj
LOAD CMakeFiles/OpenMp3Trigger.dir/App/FatFs/ff.c.obj
LOAD C:/Projects/STM32-VSC/OpenMP3Trigger/App/Lib\lib_mp3decoder_cortex_m4_v2.2.0.a
START GROUP
LOAD C:/ST/STM32CubeCLT_1.18.0/GNU-tools-for-STM32/bin/../lib/gcc/arm-none-eabi/13.3.1/thumb/v7e-m+fp/softfp\libgcc.a
LOAD C:/ST/STM32CubeCLT_1.18.0/GNU-tools-for-STM32/bin/../lib/gcc/arm-none-eabi/13.3.1/../../../../arm-none-eabi/lib/thumb/v7e-m+fp/softfp\libg_nano.a
LOAD C:/ST/STM32CubeCLT_1.18.0/GNU-tools-for-STM32/bin/../lib/gcc/arm-none-eabi/13.3.1/../../../../arm-none-eabi/lib/thumb/v7e-m+fp/softfp\libc_nano.a
END GROUP
START GROUP
LOAD C:/ST/STM32CubeCLT_1.18.0/GNU-tools-for-STM32/bin/../lib/gcc/arm-none-eabi/13.3.1/thumb/v7e-m+fp/softfp\libgcc.a
LOAD C:/ST/STM32CubeCLT_1.18.0/GNU-tools-for-STM32/bin/../lib/gcc/arm-none-eabi/13.3.1/../../../../arm-none-eabi/lib/thumb/v7e-m+fp/softfp\libc_nano.a
END GROUP
LOAD C:/ST/STM32CubeCLT_1.18.0/GNU-tools-for-STM32/bin/../lib/gcc/arm-none-eabi/13.3.1/thumb/v7e-m+fp/softfp/crtend.o
LOAD C:/ST/STM32CubeCLT_1.18.0/GNU-tools-for-STM32/bin/../lib/gcc/arm-none-eabi/13.3.1/thumb/v7e-m+fp/softfp/crtn.o
                0x20020000                        _estack = (ORIGIN (RAM) + LENGTH (RAM))
                0x00000200                        _Min_Heap_Size = 0x200
                0x00000800                        _Min_Stack_Size = 0x800

.isr_vector     0x08000000      0x188
                0x08000000                        . = ALIGN (0x4)
 *(.isr_vector)
 .isr_vector    0x08000000      0x188 CMakeFiles/OpenMp3Trigger.dir/startup_stm32f405xx.s.obj
                0x08000000                g_pfnVectors
                0x08000188                        . = ALIGN (0x4)

.text           0x08000188     0xc41c
                0x08000188                        . = ALIGN (0x4)
 *(.text)
 .text          0x08000188       0x40 C:/ST/STM32CubeCLT_1.18.0/GNU-tools-for-STM32/bin/../lib/gcc/arm-none-eabi/13.3.1/thumb/v7e-m+fp/softfp/crtbegin.o
 .text          0x080001c8     0x11e8 C:/Projects/STM32-VSC/OpenMP3Trigger/App/Lib\lib_mp3decoder_cortex_m4_v2.2.0.a(mp3d_htab_armv4.o)
                0x080001c8                MP3D_SPCORP_Symbol_007
                0x080001dc                MP3D_SPCORP_Symbol_011
                0x0800020e                MP3D_SPCORP_Symbol_019
                0x0800023c                MP3D_SPCORP_Symbol_021
                0x08000260                MP3D_SPCORP_Symbol_018
                0x080002be                MP3D_SPCORP_Symbol_022
                0x080002d6                MP3D_SPCORP_Symbol_023
                0x080002f8                MP3D_SPCORP_Symbol_002
                0x08000370                MP3D_SPCORP_Symbol_003
                0x08000374                MP3D_SPCORP_Symbol_017
                0x080003a0                MP3D_SPCORP_Symbol_016
                0x080003e0                MP3D_SPCORP_Symbol_004
                0x08000490                MP3D_SPCORP_Symbol_005
                0x0800049e                MP3D_SPCORP_Symbol_010
                0x08000642                MP3D_SPCORP_Symbol_008
                0x08000652                MP3D_SPCORP_Symbol_009
                0x0800065e                MP3D_SPCORP_Symbol_020
                0x08000734                MP3D_SPCORP_Symbol_025
                0x080008a0                MP3D_SPCORP_Symbol_026
                0x08000a1a                MP3D_SPCORP_Symbol_015
                0x08000d9a                MP3D_SPCORP_Symbol_014
                0x08000e68                MP3D_SPCORP_Symbol_034
                0x08000eba                SpiritMP3DecoderInit
                0x08000f04                SpiritMP3Decode
                0x08001022                SpiritMP3DecoderGetPersistentSize
 .text          0x080013b0      0x168 C:/Projects/STM32-VSC/OpenMP3Trigger/App/Lib\lib_mp3decoder_cortex_m4_v2.2.0.a(mp3d_bitio_armv4.o)
                0x080013b0                MP3D_SPCORP_Symbol_006
                0x0800146c                MP3D_SPCORP_Symbol_012
 .text          0x08001518      0x19a C:/Projects/STM32-VSC/OpenMP3Trigger/App/Lib\lib_mp3decoder_cortex_m4_v2.2.0.a(mp3d_copypcmsamples_armv4.o)
                0x08001518                MP3D_SPCORP_Symbol_013
 *fill*         0x080016b2        0x2 
 .text          0x080016b4       0xc0 C:/Projects/STM32-VSC/OpenMP3Trigger/App/Lib\lib_mp3decoder_cortex_m4_v2.2.0.a(mp3d_dealias_armv5e.o)
                0x080016b4                MP3D_SPCORP_Symbol_001
 .text          0x08001774      0x578 C:/Projects/STM32-VSC/OpenMP3Trigger/App/Lib\lib_mp3decoder_cortex_m4_v2.2.0.a(mp3d_huffdec_armv7e-m.o)
                0x0800189c                MP3D_SPCORP_Symbol_027
                0x08001b68                MP3D_SPCORP_Symbol_000
 .text          0x08001cec      0x708 C:/Projects/STM32-VSC/OpenMP3Trigger/App/Lib\lib_mp3decoder_cortex_m4_v2.2.0.a(mp3d_imdct3612_armv5e.o)
                0x08002394                MP3D_SPCORP_Symbol_028
 .text          0x080023f4       0xb4 C:/Projects/STM32-VSC/OpenMP3Trigger/App/Lib\lib_mp3decoder_cortex_m4_v2.2.0.a(mp3d_reorder_armv4.o)
                0x080023f4                MP3D_SPCORP_Symbol_032
 .text          0x080024a8      0x234 C:/Projects/STM32-VSC/OpenMP3Trigger/App/Lib\lib_mp3decoder_cortex_m4_v2.2.0.a(mp3d_stereo_armv4.o)
                0x080024a8                MP3D_SPCORP_Symbol_031
                0x08002544                MP3D_SPCORP_Symbol_029
 .text          0x080026dc      0xd5c C:/Projects/STM32-VSC/OpenMP3Trigger/App/Lib\lib_mp3decoder_cortex_m4_v2.2.0.a(mp3d_synfilt_armv7e-m.o)
                0x080033f8                MP3D_SPCORP_Symbol_033
 .text          0x08003438       0x30 C:/ST/STM32CubeCLT_1.18.0/GNU-tools-for-STM32/bin/../lib/gcc/arm-none-eabi/13.3.1/thumb/v7e-m+fp/softfp\libgcc.a(_aeabi_uldivmod.o)
                0x08003438                __aeabi_uldivmod
 .text          0x08003468      0x2f8 C:/ST/STM32CubeCLT_1.18.0/GNU-tools-for-STM32/bin/../lib/gcc/arm-none-eabi/13.3.1/thumb/v7e-m+fp/softfp\libgcc.a(_udivmoddi4.o)
                0x08003468                __udivmoddi4
 .text          0x08003760        0x4 C:/ST/STM32CubeCLT_1.18.0/GNU-tools-for-STM32/bin/../lib/gcc/arm-none-eabi/13.3.1/thumb/v7e-m+fp/softfp\libgcc.a(_dvmd_tls.o)
                0x08003760                __aeabi_idiv0
                0x08003760                __aeabi_ldiv0
 .text          0x08003764       0x14 C:/ST/STM32CubeCLT_1.18.0/GNU-tools-for-STM32/bin/../lib/gcc/arm-none-eabi/13.3.1/../../../../arm-none-eabi/lib/thumb/v7e-m+fp/softfp\libg_nano.a(libc_a-strcmp.o)
                0x08003764                strcmp
 .text          0x08003778       0x10 C:/ST/STM32CubeCLT_1.18.0/GNU-tools-for-STM32/bin/../lib/gcc/arm-none-eabi/13.3.1/../../../../arm-none-eabi/lib/thumb/v7e-m+fp/softfp\libg_nano.a(libc_a-strlen.o)
                0x08003778                strlen
 *(.text*)
 .text.memset   0x08003788       0x10 C:/ST/STM32CubeCLT_1.18.0/GNU-tools-for-STM32/bin/../lib/gcc/arm-none-eabi/13.3.1/../../../../arm-none-eabi/lib/thumb/v7e-m+fp/softfp\libc_nano.a(libc_a-memset.o)
                0x08003788                memset
 .text.__libc_init_array
                0x08003798       0x48 C:/ST/STM32CubeCLT_1.18.0/GNU-tools-for-STM32/bin/../lib/gcc/arm-none-eabi/13.3.1/../../../../arm-none-eabi/lib/thumb/v7e-m+fp/softfp\libc_nano.a(libc_a-init.o)
                0x08003798                __libc_init_array
 .text.SystemInit
                0x080037e0       0x24 cmake/stm32cubemx/CMakeFiles/STM32_Drivers.dir/__/__/Core/Src/system_stm32f4xx.c.obj
                0x080037e0                SystemInit
 .text.HAL_I2S_Init
                0x08003804      0x280 cmake/stm32cubemx/CMakeFiles/STM32_Drivers.dir/__/__/Drivers/STM32F4xx_HAL_Driver/Src/stm32f4xx_hal_i2s.c.obj
                0x08003804                HAL_I2S_Init
 .text.HAL_I2S_IRQHandler
                0x08003a84       0x18 cmake/stm32cubemx/CMakeFiles/STM32_Drivers.dir/__/__/Drivers/STM32F4xx_HAL_Driver/Src/stm32f4xx_hal_i2s.c.obj
                0x08003a84                HAL_I2S_IRQHandler
 .text.HAL_I2S_TxCpltCallback
                0x08003a9c       0x14 cmake/stm32cubemx/CMakeFiles/STM32_Drivers.dir/__/__/Drivers/STM32F4xx_HAL_Driver/Src/stm32f4xx_hal_i2s.c.obj
                0x08003a9c                HAL_I2S_TxCpltCallback
 .text.HAL_I2S_RxCpltCallback
                0x08003ab0       0x14 cmake/stm32cubemx/CMakeFiles/STM32_Drivers.dir/__/__/Drivers/STM32F4xx_HAL_Driver/Src/stm32f4xx_hal_i2s.c.obj
                0x08003ab0                HAL_I2S_RxCpltCallback
 .text.HAL_I2S_ErrorCallback
                0x08003ac4       0x14 cmake/stm32cubemx/CMakeFiles/STM32_Drivers.dir/__/__/Drivers/STM32F4xx_HAL_Driver/Src/stm32f4xx_hal_i2s.c.obj
                0x08003ac4                HAL_I2S_ErrorCallback
 .text.I2S_Transmit_IT
                0x08003ad8       0x5c cmake/stm32cubemx/CMakeFiles/STM32_Drivers.dir/__/__/Drivers/STM32F4xx_HAL_Driver/Src/stm32f4xx_hal_i2s.c.obj
 .text.I2S_Receive_IT
                0x08003b34       0x5e cmake/stm32cubemx/CMakeFiles/STM32_Drivers.dir/__/__/Drivers/STM32F4xx_HAL_Driver/Src/stm32f4xx_hal_i2s.c.obj
 .text.I2S_IRQHandler
                0x08003b92      0x114 cmake/stm32cubemx/CMakeFiles/STM32_Drivers.dir/__/__/Drivers/STM32F4xx_HAL_Driver/Src/stm32f4xx_hal_i2s.c.obj
 *fill*         0x08003ca6        0x2 
 .text.HAL_I2SEx_FullDuplex_IRQHandler
                0x08003ca8      0x2a8 cmake/stm32cubemx/CMakeFiles/STM32_Drivers.dir/__/__/Drivers/STM32F4xx_HAL_Driver/Src/stm32f4xx_hal_i2s_ex.c.obj
                0x08003ca8                HAL_I2SEx_FullDuplex_IRQHandler
 .text.HAL_I2SEx_TxRxCpltCallback
                0x08003f50       0x14 cmake/stm32cubemx/CMakeFiles/STM32_Drivers.dir/__/__/Drivers/STM32F4xx_HAL_Driver/Src/stm32f4xx_hal_i2s_ex.c.obj
                0x08003f50                HAL_I2SEx_TxRxCpltCallback
 .text.I2SEx_TxISR_I2S
                0x08003f64       0x62 cmake/stm32cubemx/CMakeFiles/STM32_Drivers.dir/__/__/Drivers/STM32F4xx_HAL_Driver/Src/stm32f4xx_hal_i2s_ex.c.obj
 *fill*         0x08003fc6        0x2 
 .text.I2SEx_TxISR_I2SExt
                0x08003fc8       0x98 cmake/stm32cubemx/CMakeFiles/STM32_Drivers.dir/__/__/Drivers/STM32F4xx_HAL_Driver/Src/stm32f4xx_hal_i2s_ex.c.obj
 .text.I2SEx_RxISR_I2S
                0x08004060       0x64 cmake/stm32cubemx/CMakeFiles/STM32_Drivers.dir/__/__/Drivers/STM32F4xx_HAL_Driver/Src/stm32f4xx_hal_i2s_ex.c.obj
 .text.I2SEx_RxISR_I2SExt
                0x080040c4       0x98 cmake/stm32cubemx/CMakeFiles/STM32_Drivers.dir/__/__/Drivers/STM32F4xx_HAL_Driver/Src/stm32f4xx_hal_i2s_ex.c.obj
 .text.HAL_RCC_OscConfig
                0x0800415c      0x4f0 cmake/stm32cubemx/CMakeFiles/STM32_Drivers.dir/__/__/Drivers/STM32F4xx_HAL_Driver/Src/stm32f4xx_hal_rcc.c.obj
                0x0800415c                HAL_RCC_OscConfig
 .text.HAL_RCC_ClockConfig
                0x0800464c      0x1cc cmake/stm32cubemx/CMakeFiles/STM32_Drivers.dir/__/__/Drivers/STM32F4xx_HAL_Driver/Src/stm32f4xx_hal_rcc.c.obj
                0x0800464c                HAL_RCC_ClockConfig
 .text.HAL_RCC_GetSysClockFreq
                0x08004818      0x20c cmake/stm32cubemx/CMakeFiles/STM32_Drivers.dir/__/__/Drivers/STM32F4xx_HAL_Driver/Src/stm32f4xx_hal_rcc.c.obj
                0x08004818                HAL_RCC_GetSysClockFreq
 .text.HAL_RCCEx_PeriphCLKConfig
                0x08004a24      0x1c4 cmake/stm32cubemx/CMakeFiles/STM32_Drivers.dir/__/__/Drivers/STM32F4xx_HAL_Driver/Src/stm32f4xx_hal_rcc_ex.c.obj
                0x08004a24                HAL_RCCEx_PeriphCLKConfig
 .text.HAL_RCCEx_GetPeriphCLKFreq
                0x08004be8       0xc0 cmake/stm32cubemx/CMakeFiles/STM32_Drivers.dir/__/__/Drivers/STM32F4xx_HAL_Driver/Src/stm32f4xx_hal_rcc_ex.c.obj
                0x08004be8                HAL_RCCEx_GetPeriphCLKFreq
 .text.HAL_GPIO_Init
                0x08004ca8      0x338 cmake/stm32cubemx/CMakeFiles/STM32_Drivers.dir/__/__/Drivers/STM32F4xx_HAL_Driver/Src/stm32f4xx_hal_gpio.c.obj
                0x08004ca8                HAL_GPIO_Init
 .text.HAL_GPIO_ReadPin
                0x08004fe0       0x30 cmake/stm32cubemx/CMakeFiles/STM32_Drivers.dir/__/__/Drivers/STM32F4xx_HAL_Driver/Src/stm32f4xx_hal_gpio.c.obj
                0x08004fe0                HAL_GPIO_ReadPin
 .text.HAL_GPIO_WritePin
                0x08005010       0x32 cmake/stm32cubemx/CMakeFiles/STM32_Drivers.dir/__/__/Drivers/STM32F4xx_HAL_Driver/Src/stm32f4xx_hal_gpio.c.obj
                0x08005010                HAL_GPIO_WritePin
 *fill*         0x08005042        0x2 
 .text.HAL_DMA_Init
                0x08005044      0x15c cmake/stm32cubemx/CMakeFiles/STM32_Drivers.dir/__/__/Drivers/STM32F4xx_HAL_Driver/Src/stm32f4xx_hal_dma.c.obj
                0x08005044                HAL_DMA_Init
 .text.HAL_DMA_Start_IT
                0x080051a0       0xb0 cmake/stm32cubemx/CMakeFiles/STM32_Drivers.dir/__/__/Drivers/STM32F4xx_HAL_Driver/Src/stm32f4xx_hal_dma.c.obj
                0x080051a0                HAL_DMA_Start_IT
 .text.HAL_DMA_Abort_IT
                0x08005250       0x44 cmake/stm32cubemx/CMakeFiles/STM32_Drivers.dir/__/__/Drivers/STM32F4xx_HAL_Driver/Src/stm32f4xx_hal_dma.c.obj
                0x08005250                HAL_DMA_Abort_IT
 .text.HAL_DMA_IRQHandler
                0x08005294      0x314 cmake/stm32cubemx/CMakeFiles/STM32_Drivers.dir/__/__/Drivers/STM32F4xx_HAL_Driver/Src/stm32f4xx_hal_dma.c.obj
                0x08005294                HAL_DMA_IRQHandler
 .text.HAL_DMA_GetError
                0x080055a8       0x18 cmake/stm32cubemx/CMakeFiles/STM32_Drivers.dir/__/__/Drivers/STM32F4xx_HAL_Driver/Src/stm32f4xx_hal_dma.c.obj
                0x080055a8                HAL_DMA_GetError
 .text.DMA_SetConfig
                0x080055c0       0x5c cmake/stm32cubemx/CMakeFiles/STM32_Drivers.dir/__/__/Drivers/STM32F4xx_HAL_Driver/Src/stm32f4xx_hal_dma.c.obj
 .text.DMA_CalcBaseAndBitshift
                0x0800561c       0x6c cmake/stm32cubemx/CMakeFiles/STM32_Drivers.dir/__/__/Drivers/STM32F4xx_HAL_Driver/Src/stm32f4xx_hal_dma.c.obj
 .text.DMA_CheckFifoParam
                0x08005688       0xf8 cmake/stm32cubemx/CMakeFiles/STM32_Drivers.dir/__/__/Drivers/STM32F4xx_HAL_Driver/Src/stm32f4xx_hal_dma.c.obj
 .text.__NVIC_SetPriorityGrouping
                0x08005780       0x48 cmake/stm32cubemx/CMakeFiles/STM32_Drivers.dir/__/__/Drivers/STM32F4xx_HAL_Driver/Src/stm32f4xx_hal_cortex.c.obj
 .text.__NVIC_GetPriorityGrouping
                0x080057c8       0x1c cmake/stm32cubemx/CMakeFiles/STM32_Drivers.dir/__/__/Drivers/STM32F4xx_HAL_Driver/Src/stm32f4xx_hal_cortex.c.obj
 .text.__NVIC_EnableIRQ
                0x080057e4       0x3c cmake/stm32cubemx/CMakeFiles/STM32_Drivers.dir/__/__/Drivers/STM32F4xx_HAL_Driver/Src/stm32f4xx_hal_cortex.c.obj
 .text.__NVIC_SetPriority
                0x08005820       0x54 cmake/stm32cubemx/CMakeFiles/STM32_Drivers.dir/__/__/Drivers/STM32F4xx_HAL_Driver/Src/stm32f4xx_hal_cortex.c.obj
 .text.NVIC_EncodePriority
                0x08005874       0x66 cmake/stm32cubemx/CMakeFiles/STM32_Drivers.dir/__/__/Drivers/STM32F4xx_HAL_Driver/Src/stm32f4xx_hal_cortex.c.obj
 *fill*         0x080058da        0x2 
 .text.SysTick_Config
                0x080058dc       0x44 cmake/stm32cubemx/CMakeFiles/STM32_Drivers.dir/__/__/Drivers/STM32F4xx_HAL_Driver/Src/stm32f4xx_hal_cortex.c.obj
 .text.HAL_NVIC_SetPriorityGrouping
                0x08005920       0x16 cmake/stm32cubemx/CMakeFiles/STM32_Drivers.dir/__/__/Drivers/STM32F4xx_HAL_Driver/Src/stm32f4xx_hal_cortex.c.obj
                0x08005920                HAL_NVIC_SetPriorityGrouping
 .text.HAL_NVIC_SetPriority
                0x08005936       0x38 cmake/stm32cubemx/CMakeFiles/STM32_Drivers.dir/__/__/Drivers/STM32F4xx_HAL_Driver/Src/stm32f4xx_hal_cortex.c.obj
                0x08005936                HAL_NVIC_SetPriority
 .text.HAL_NVIC_EnableIRQ
                0x0800596e       0x1c cmake/stm32cubemx/CMakeFiles/STM32_Drivers.dir/__/__/Drivers/STM32F4xx_HAL_Driver/Src/stm32f4xx_hal_cortex.c.obj
                0x0800596e                HAL_NVIC_EnableIRQ
 .text.HAL_SYSTICK_Config
                0x0800598a       0x18 cmake/stm32cubemx/CMakeFiles/STM32_Drivers.dir/__/__/Drivers/STM32F4xx_HAL_Driver/Src/stm32f4xx_hal_cortex.c.obj
                0x0800598a                HAL_SYSTICK_Config
 *fill*         0x080059a2        0x2 
 .text.HAL_Init
                0x080059a4       0x44 cmake/stm32cubemx/CMakeFiles/STM32_Drivers.dir/__/__/Drivers/STM32F4xx_HAL_Driver/Src/stm32f4xx_hal.c.obj
                0x080059a4                HAL_Init
 .text.HAL_InitTick
                0x080059e8       0x60 cmake/stm32cubemx/CMakeFiles/STM32_Drivers.dir/__/__/Drivers/STM32F4xx_HAL_Driver/Src/stm32f4xx_hal.c.obj
                0x080059e8                HAL_InitTick
 .text.HAL_IncTick
                0x08005a48       0x28 cmake/stm32cubemx/CMakeFiles/STM32_Drivers.dir/__/__/Drivers/STM32F4xx_HAL_Driver/Src/stm32f4xx_hal.c.obj
                0x08005a48                HAL_IncTick
 .text.HAL_GetTick
                0x08005a70       0x18 cmake/stm32cubemx/CMakeFiles/STM32_Drivers.dir/__/__/Drivers/STM32F4xx_HAL_Driver/Src/stm32f4xx_hal.c.obj
                0x08005a70                HAL_GetTick
 .text.HAL_Delay
                0x08005a88       0x48 cmake/stm32cubemx/CMakeFiles/STM32_Drivers.dir/__/__/Drivers/STM32F4xx_HAL_Driver/Src/stm32f4xx_hal.c.obj
                0x08005a88                HAL_Delay
 .text.LL_RCC_GetSysClkSource
                0x08005ad0       0x1c cmake/stm32cubemx/CMakeFiles/STM32_Drivers.dir/__/__/Drivers/STM32F4xx_HAL_Driver/Src/stm32f4xx_ll_rcc.c.obj
 .text.LL_RCC_GetAHBPrescaler
                0x08005aec       0x1c cmake/stm32cubemx/CMakeFiles/STM32_Drivers.dir/__/__/Drivers/STM32F4xx_HAL_Driver/Src/stm32f4xx_ll_rcc.c.obj
 .text.LL_RCC_GetAPB1Prescaler
                0x08005b08       0x1c cmake/stm32cubemx/CMakeFiles/STM32_Drivers.dir/__/__/Drivers/STM32F4xx_HAL_Driver/Src/stm32f4xx_ll_rcc.c.obj
 .text.LL_RCC_GetAPB2Prescaler
                0x08005b24       0x1c cmake/stm32cubemx/CMakeFiles/STM32_Drivers.dir/__/__/Drivers/STM32F4xx_HAL_Driver/Src/stm32f4xx_ll_rcc.c.obj
 .text.LL_RCC_PLL_GetMainSource
                0x08005b40       0x1c cmake/stm32cubemx/CMakeFiles/STM32_Drivers.dir/__/__/Drivers/STM32F4xx_HAL_Driver/Src/stm32f4xx_ll_rcc.c.obj
 .text.LL_RCC_PLL_GetN
                0x08005b5c       0x1c cmake/stm32cubemx/CMakeFiles/STM32_Drivers.dir/__/__/Drivers/STM32F4xx_HAL_Driver/Src/stm32f4xx_ll_rcc.c.obj
 .text.LL_RCC_PLL_GetP
                0x08005b78       0x1c cmake/stm32cubemx/CMakeFiles/STM32_Drivers.dir/__/__/Drivers/STM32F4xx_HAL_Driver/Src/stm32f4xx_ll_rcc.c.obj
 .text.LL_RCC_PLL_GetDivider
                0x08005b94       0x1c cmake/stm32cubemx/CMakeFiles/STM32_Drivers.dir/__/__/Drivers/STM32F4xx_HAL_Driver/Src/stm32f4xx_ll_rcc.c.obj
 .text.LL_RCC_GetSystemClocksFreq
                0x08005bb0       0x4a cmake/stm32cubemx/CMakeFiles/STM32_Drivers.dir/__/__/Drivers/STM32F4xx_HAL_Driver/Src/stm32f4xx_ll_rcc.c.obj
                0x08005bb0                LL_RCC_GetSystemClocksFreq
 *fill*         0x08005bfa        0x2 
 .text.RCC_GetSystemClockFreq
                0x08005bfc       0x50 cmake/stm32cubemx/CMakeFiles/STM32_Drivers.dir/__/__/Drivers/STM32F4xx_HAL_Driver/Src/stm32f4xx_ll_rcc.c.obj
                0x08005bfc                RCC_GetSystemClockFreq
 .text.RCC_GetHCLKClockFreq
                0x08005c4c       0x2c cmake/stm32cubemx/CMakeFiles/STM32_Drivers.dir/__/__/Drivers/STM32F4xx_HAL_Driver/Src/stm32f4xx_ll_rcc.c.obj
                0x08005c4c                RCC_GetHCLKClockFreq
 .text.RCC_GetPCLK1ClockFreq
                0x08005c78       0x28 cmake/stm32cubemx/CMakeFiles/STM32_Drivers.dir/__/__/Drivers/STM32F4xx_HAL_Driver/Src/stm32f4xx_ll_rcc.c.obj
                0x08005c78                RCC_GetPCLK1ClockFreq
 .text.RCC_GetPCLK2ClockFreq
                0x08005ca0       0x28 cmake/stm32cubemx/CMakeFiles/STM32_Drivers.dir/__/__/Drivers/STM32F4xx_HAL_Driver/Src/stm32f4xx_ll_rcc.c.obj
                0x08005ca0                RCC_GetPCLK2ClockFreq
 .text.RCC_PLL_GetFreqDomain_SYS
                0x08005cc8       0x7c cmake/stm32cubemx/CMakeFiles/STM32_Drivers.dir/__/__/Drivers/STM32F4xx_HAL_Driver/Src/stm32f4xx_ll_rcc.c.obj
                0x08005cc8                RCC_PLL_GetFreqDomain_SYS
 .text.SDIO_Init
                0x08005d44       0x56 cmake/stm32cubemx/CMakeFiles/STM32_Drivers.dir/__/__/Drivers/STM32F4xx_HAL_Driver/Src/stm32f4xx_ll_sdmmc.c.obj
                0x08005d44                SDIO_Init
 .text.SDIO_ReadFIFO
                0x08005d9a       0x1a cmake/stm32cubemx/CMakeFiles/STM32_Drivers.dir/__/__/Drivers/STM32F4xx_HAL_Driver/Src/stm32f4xx_ll_sdmmc.c.obj
                0x08005d9a                SDIO_ReadFIFO
 .text.SDIO_WriteFIFO
                0x08005db4       0x22 cmake/stm32cubemx/CMakeFiles/STM32_Drivers.dir/__/__/Drivers/STM32F4xx_HAL_Driver/Src/stm32f4xx_ll_sdmmc.c.obj
                0x08005db4                SDIO_WriteFIFO
 .text.SDIO_PowerState_ON
                0x08005dd6       0x1c cmake/stm32cubemx/CMakeFiles/STM32_Drivers.dir/__/__/Drivers/STM32F4xx_HAL_Driver/Src/stm32f4xx_ll_sdmmc.c.obj
                0x08005dd6                SDIO_PowerState_ON
 .text.SDIO_GetPowerState
                0x08005df2       0x1c cmake/stm32cubemx/CMakeFiles/STM32_Drivers.dir/__/__/Drivers/STM32F4xx_HAL_Driver/Src/stm32f4xx_ll_sdmmc.c.obj
                0x08005df2                SDIO_GetPowerState
 .text.SDIO_SendCommand
                0x08005e0e       0x54 cmake/stm32cubemx/CMakeFiles/STM32_Drivers.dir/__/__/Drivers/STM32F4xx_HAL_Driver/Src/stm32f4xx_ll_sdmmc.c.obj
                0x08005e0e                SDIO_SendCommand
 .text.SDIO_GetCommandResponse
                0x08005e62       0x1a cmake/stm32cubemx/CMakeFiles/STM32_Drivers.dir/__/__/Drivers/STM32F4xx_HAL_Driver/Src/stm32f4xx_ll_sdmmc.c.obj
                0x08005e62                SDIO_GetCommandResponse
 .text.SDIO_GetResponse
                0x08005e7c       0x26 cmake/stm32cubemx/CMakeFiles/STM32_Drivers.dir/__/__/Drivers/STM32F4xx_HAL_Driver/Src/stm32f4xx_ll_sdmmc.c.obj
                0x08005e7c                SDIO_GetResponse
 .text.SDIO_ConfigData
                0x08005ea2       0x58 cmake/stm32cubemx/CMakeFiles/STM32_Drivers.dir/__/__/Drivers/STM32F4xx_HAL_Driver/Src/stm32f4xx_ll_sdmmc.c.obj
                0x08005ea2                SDIO_ConfigData
 .text.SDMMC_CmdBlockLength
                0x08005efa       0x44 cmake/stm32cubemx/CMakeFiles/STM32_Drivers.dir/__/__/Drivers/STM32F4xx_HAL_Driver/Src/stm32f4xx_ll_sdmmc.c.obj
                0x08005efa                SDMMC_CmdBlockLength
 .text.SDMMC_CmdReadSingleBlock
                0x08005f3e       0x44 cmake/stm32cubemx/CMakeFiles/STM32_Drivers.dir/__/__/Drivers/STM32F4xx_HAL_Driver/Src/stm32f4xx_ll_sdmmc.c.obj
                0x08005f3e                SDMMC_CmdReadSingleBlock
 .text.SDMMC_CmdReadMultiBlock
                0x08005f82       0x44 cmake/stm32cubemx/CMakeFiles/STM32_Drivers.dir/__/__/Drivers/STM32F4xx_HAL_Driver/Src/stm32f4xx_ll_sdmmc.c.obj
                0x08005f82                SDMMC_CmdReadMultiBlock
 .text.SDMMC_CmdWriteSingleBlock
                0x08005fc6       0x44 cmake/stm32cubemx/CMakeFiles/STM32_Drivers.dir/__/__/Drivers/STM32F4xx_HAL_Driver/Src/stm32f4xx_ll_sdmmc.c.obj
                0x08005fc6                SDMMC_CmdWriteSingleBlock
 .text.SDMMC_CmdWriteMultiBlock
                0x0800600a       0x44 cmake/stm32cubemx/CMakeFiles/STM32_Drivers.dir/__/__/Drivers/STM32F4xx_HAL_Driver/Src/stm32f4xx_ll_sdmmc.c.obj
                0x0800600a                SDMMC_CmdWriteMultiBlock
 *fill*         0x0800604e        0x2 
 .text.SDMMC_CmdStopTransfer
                0x08006050       0x44 cmake/stm32cubemx/CMakeFiles/STM32_Drivers.dir/__/__/Drivers/STM32F4xx_HAL_Driver/Src/stm32f4xx_ll_sdmmc.c.obj
                0x08006050                SDMMC_CmdStopTransfer
 .text.SDMMC_CmdSelDesel
                0x08006094       0x46 cmake/stm32cubemx/CMakeFiles/STM32_Drivers.dir/__/__/Drivers/STM32F4xx_HAL_Driver/Src/stm32f4xx_ll_sdmmc.c.obj
                0x08006094                SDMMC_CmdSelDesel
 .text.SDMMC_CmdGoIdleState
                0x080060da       0x3c cmake/stm32cubemx/CMakeFiles/STM32_Drivers.dir/__/__/Drivers/STM32F4xx_HAL_Driver/Src/stm32f4xx_ll_sdmmc.c.obj
                0x080060da                SDMMC_CmdGoIdleState
 .text.SDMMC_CmdOperCond
                0x08006116       0x3e cmake/stm32cubemx/CMakeFiles/STM32_Drivers.dir/__/__/Drivers/STM32F4xx_HAL_Driver/Src/stm32f4xx_ll_sdmmc.c.obj
                0x08006116                SDMMC_CmdOperCond
 .text.SDMMC_CmdAppCommand
                0x08006154       0x44 cmake/stm32cubemx/CMakeFiles/STM32_Drivers.dir/__/__/Drivers/STM32F4xx_HAL_Driver/Src/stm32f4xx_ll_sdmmc.c.obj
                0x08006154                SDMMC_CmdAppCommand
 .text.SDMMC_CmdAppOperCommand
                0x08006198       0x46 cmake/stm32cubemx/CMakeFiles/STM32_Drivers.dir/__/__/Drivers/STM32F4xx_HAL_Driver/Src/stm32f4xx_ll_sdmmc.c.obj
                0x08006198                SDMMC_CmdAppOperCommand
 .text.SDMMC_CmdBusWidth
                0x080061de       0x44 cmake/stm32cubemx/CMakeFiles/STM32_Drivers.dir/__/__/Drivers/STM32F4xx_HAL_Driver/Src/stm32f4xx_ll_sdmmc.c.obj
                0x080061de                SDMMC_CmdBusWidth
 .text.SDMMC_CmdSendSCR
                0x08006222       0x42 cmake/stm32cubemx/CMakeFiles/STM32_Drivers.dir/__/__/Drivers/STM32F4xx_HAL_Driver/Src/stm32f4xx_ll_sdmmc.c.obj
                0x08006222                SDMMC_CmdSendSCR
 .text.SDMMC_CmdSendCID
                0x08006264       0x3c cmake/stm32cubemx/CMakeFiles/STM32_Drivers.dir/__/__/Drivers/STM32F4xx_HAL_Driver/Src/stm32f4xx_ll_sdmmc.c.obj
                0x08006264                SDMMC_CmdSendCID
 .text.SDMMC_CmdSendCSD
                0x080062a0       0x3e cmake/stm32cubemx/CMakeFiles/STM32_Drivers.dir/__/__/Drivers/STM32F4xx_HAL_Driver/Src/stm32f4xx_ll_sdmmc.c.obj
                0x080062a0                SDMMC_CmdSendCSD
 .text.SDMMC_CmdSetRelAdd
                0x080062de       0x42 cmake/stm32cubemx/CMakeFiles/STM32_Drivers.dir/__/__/Drivers/STM32F4xx_HAL_Driver/Src/stm32f4xx_ll_sdmmc.c.obj
                0x080062de                SDMMC_CmdSetRelAdd
 .text.SDMMC_CmdSendStatus
                0x08006320       0x44 cmake/stm32cubemx/CMakeFiles/STM32_Drivers.dir/__/__/Drivers/STM32F4xx_HAL_Driver/Src/stm32f4xx_ll_sdmmc.c.obj
                0x08006320                SDMMC_CmdSendStatus
 .text.SDMMC_GetCmdResp1
                0x08006364      0x1dc cmake/stm32cubemx/CMakeFiles/STM32_Drivers.dir/__/__/Drivers/STM32F4xx_HAL_Driver/Src/stm32f4xx_ll_sdmmc.c.obj
                0x08006364                SDMMC_GetCmdResp1
 .text.SDMMC_GetCmdResp2
                0x08006540       0x90 cmake/stm32cubemx/CMakeFiles/STM32_Drivers.dir/__/__/Drivers/STM32F4xx_HAL_Driver/Src/stm32f4xx_ll_sdmmc.c.obj
                0x08006540                SDMMC_GetCmdResp2
 .text.SDMMC_GetCmdResp3
                0x080065d0       0x7c cmake/stm32cubemx/CMakeFiles/STM32_Drivers.dir/__/__/Drivers/STM32F4xx_HAL_Driver/Src/stm32f4xx_ll_sdmmc.c.obj
                0x080065d0                SDMMC_GetCmdResp3
 .text.SDMMC_GetCmdResp6
                0x0800664c       0xec cmake/stm32cubemx/CMakeFiles/STM32_Drivers.dir/__/__/Drivers/STM32F4xx_HAL_Driver/Src/stm32f4xx_ll_sdmmc.c.obj
                0x0800664c                SDMMC_GetCmdResp6
 .text.SDMMC_GetCmdResp7
                0x08006738       0x9c cmake/stm32cubemx/CMakeFiles/STM32_Drivers.dir/__/__/Drivers/STM32F4xx_HAL_Driver/Src/stm32f4xx_ll_sdmmc.c.obj
                0x08006738                SDMMC_GetCmdResp7
 .text.SDMMC_GetCmdError
                0x080067d4       0x58 cmake/stm32cubemx/CMakeFiles/STM32_Drivers.dir/__/__/Drivers/STM32F4xx_HAL_Driver/Src/stm32f4xx_ll_sdmmc.c.obj
 .text.HAL_SD_Init
                0x0800682c       0x60 cmake/stm32cubemx/CMakeFiles/STM32_Drivers.dir/__/__/Drivers/STM32F4xx_HAL_Driver/Src/stm32f4xx_hal_sd.c.obj
                0x0800682c                HAL_SD_Init
 .text.HAL_SD_InitCard
                0x0800688c      0x100 cmake/stm32cubemx/CMakeFiles/STM32_Drivers.dir/__/__/Drivers/STM32F4xx_HAL_Driver/Src/stm32f4xx_hal_sd.c.obj
                0x0800688c                HAL_SD_InitCard
 .text.HAL_SD_ReadBlocks_DMA
                0x0800698c      0x1c4 cmake/stm32cubemx/CMakeFiles/STM32_Drivers.dir/__/__/Drivers/STM32F4xx_HAL_Driver/Src/stm32f4xx_hal_sd.c.obj
                0x0800698c                HAL_SD_ReadBlocks_DMA
 .text.HAL_SD_WriteBlocks_DMA
                0x08006b50      0x1cc cmake/stm32cubemx/CMakeFiles/STM32_Drivers.dir/__/__/Drivers/STM32F4xx_HAL_Driver/Src/stm32f4xx_hal_sd.c.obj
                0x08006b50                HAL_SD_WriteBlocks_DMA
 .text.HAL_SD_IRQHandler
                0x08006d1c      0x30c cmake/stm32cubemx/CMakeFiles/STM32_Drivers.dir/__/__/Drivers/STM32F4xx_HAL_Driver/Src/stm32f4xx_hal_sd.c.obj
                0x08006d1c                HAL_SD_IRQHandler
 .text.HAL_SD_ErrorCallback
                0x08007028       0x14 cmake/stm32cubemx/CMakeFiles/STM32_Drivers.dir/__/__/Drivers/STM32F4xx_HAL_Driver/Src/stm32f4xx_hal_sd.c.obj
                0x08007028                HAL_SD_ErrorCallback
 .text.HAL_SD_AbortCallback
                0x0800703c       0x14 cmake/stm32cubemx/CMakeFiles/STM32_Drivers.dir/__/__/Drivers/STM32F4xx_HAL_Driver/Src/stm32f4xx_hal_sd.c.obj
                0x0800703c                HAL_SD_AbortCallback
 .text.HAL_SD_GetCardCID
                0x08007050       0xae cmake/stm32cubemx/CMakeFiles/STM32_Drivers.dir/__/__/Drivers/STM32F4xx_HAL_Driver/Src/stm32f4xx_hal_sd.c.obj
                0x08007050                HAL_SD_GetCardCID
 *fill*         0x080070fe        0x2 
 .text.HAL_SD_GetCardCSD
                0x08007100      0x348 cmake/stm32cubemx/CMakeFiles/STM32_Drivers.dir/__/__/Drivers/STM32F4xx_HAL_Driver/Src/stm32f4xx_hal_sd.c.obj
                0x08007100                HAL_SD_GetCardCSD
 .text.HAL_SD_GetCardInfo
                0x08007448       0x58 cmake/stm32cubemx/CMakeFiles/STM32_Drivers.dir/__/__/Drivers/STM32F4xx_HAL_Driver/Src/stm32f4xx_hal_sd.c.obj
                0x08007448                HAL_SD_GetCardInfo
 .text.HAL_SD_ConfigWideBusOperation
                0x080074a0      0x134 cmake/stm32cubemx/CMakeFiles/STM32_Drivers.dir/__/__/Drivers/STM32F4xx_HAL_Driver/Src/stm32f4xx_hal_sd.c.obj
                0x080074a0                HAL_SD_ConfigWideBusOperation
 .text.HAL_SD_GetCardState
                0x080075d4       0x40 cmake/stm32cubemx/CMakeFiles/STM32_Drivers.dir/__/__/Drivers/STM32F4xx_HAL_Driver/Src/stm32f4xx_hal_sd.c.obj
                0x080075d4                HAL_SD_GetCardState
 .text.SD_DMATransmitCplt
                0x08007614       0x2a cmake/stm32cubemx/CMakeFiles/STM32_Drivers.dir/__/__/Drivers/STM32F4xx_HAL_Driver/Src/stm32f4xx_hal_sd.c.obj
 .text.SD_DMAReceiveCplt
                0x0800763e       0x70 cmake/stm32cubemx/CMakeFiles/STM32_Drivers.dir/__/__/Drivers/STM32F4xx_HAL_Driver/Src/stm32f4xx_hal_sd.c.obj
 *fill*         0x080076ae        0x2 
 .text.SD_DMAError
                0x080076b0       0xa4 cmake/stm32cubemx/CMakeFiles/STM32_Drivers.dir/__/__/Drivers/STM32F4xx_HAL_Driver/Src/stm32f4xx_hal_sd.c.obj
 .text.SD_DMATxAbort
                0x08007754       0x6e cmake/stm32cubemx/CMakeFiles/STM32_Drivers.dir/__/__/Drivers/STM32F4xx_HAL_Driver/Src/stm32f4xx_hal_sd.c.obj
 .text.SD_DMARxAbort
                0x080077c2       0x6e cmake/stm32cubemx/CMakeFiles/STM32_Drivers.dir/__/__/Drivers/STM32F4xx_HAL_Driver/Src/stm32f4xx_hal_sd.c.obj
 .text.SD_InitCard
                0x08007830      0x19c cmake/stm32cubemx/CMakeFiles/STM32_Drivers.dir/__/__/Drivers/STM32F4xx_HAL_Driver/Src/stm32f4xx_hal_sd.c.obj
 .text.SD_PowerON
                0x080079cc      0x11c cmake/stm32cubemx/CMakeFiles/STM32_Drivers.dir/__/__/Drivers/STM32F4xx_HAL_Driver/Src/stm32f4xx_hal_sd.c.obj
 .text.SD_SendStatus
                0x08007ae8       0x50 cmake/stm32cubemx/CMakeFiles/STM32_Drivers.dir/__/__/Drivers/STM32F4xx_HAL_Driver/Src/stm32f4xx_hal_sd.c.obj
 .text.SD_WideBus_Enable
                0x08007b38       0x96 cmake/stm32cubemx/CMakeFiles/STM32_Drivers.dir/__/__/Drivers/STM32F4xx_HAL_Driver/Src/stm32f4xx_hal_sd.c.obj
 .text.SD_WideBus_Disable
                0x08007bce       0x96 cmake/stm32cubemx/CMakeFiles/STM32_Drivers.dir/__/__/Drivers/STM32F4xx_HAL_Driver/Src/stm32f4xx_hal_sd.c.obj
 .text.SD_FindSCR
                0x08007c64      0x1b4 cmake/stm32cubemx/CMakeFiles/STM32_Drivers.dir/__/__/Drivers/STM32F4xx_HAL_Driver/Src/stm32f4xx_hal_sd.c.obj
 .text.SD_Read_IT
                0x08007e18       0xa2 cmake/stm32cubemx/CMakeFiles/STM32_Drivers.dir/__/__/Drivers/STM32F4xx_HAL_Driver/Src/stm32f4xx_hal_sd.c.obj
 .text.SD_Write_IT
                0x08007eba       0xaa cmake/stm32cubemx/CMakeFiles/STM32_Drivers.dir/__/__/Drivers/STM32F4xx_HAL_Driver/Src/stm32f4xx_hal_sd.c.obj
 .text.LL_TIM_SetPrescaler
                0x08007f64       0x1c cmake/stm32cubemx/CMakeFiles/STM32_Drivers.dir/__/__/Drivers/STM32F4xx_HAL_Driver/Src/stm32f4xx_ll_tim.c.obj
 .text.LL_TIM_SetAutoReload
                0x08007f80       0x1c cmake/stm32cubemx/CMakeFiles/STM32_Drivers.dir/__/__/Drivers/STM32F4xx_HAL_Driver/Src/stm32f4xx_ll_tim.c.obj
 .text.LL_TIM_SetRepetitionCounter
                0x08007f9c       0x1c cmake/stm32cubemx/CMakeFiles/STM32_Drivers.dir/__/__/Drivers/STM32F4xx_HAL_Driver/Src/stm32f4xx_ll_tim.c.obj
 .text.LL_TIM_GenerateEvent_UPDATE
                0x08007fb8       0x20 cmake/stm32cubemx/CMakeFiles/STM32_Drivers.dir/__/__/Drivers/STM32F4xx_HAL_Driver/Src/stm32f4xx_ll_tim.c.obj
 .text.LL_TIM_Init
                0x08007fd8      0x134 cmake/stm32cubemx/CMakeFiles/STM32_Drivers.dir/__/__/Drivers/STM32F4xx_HAL_Driver/Src/stm32f4xx_ll_tim.c.obj
                0x08007fd8                LL_TIM_Init
 .text.LL_GPIO_SetPinMode
                0x0800810c       0x7a cmake/stm32cubemx/CMakeFiles/STM32_Drivers.dir/__/__/Drivers/STM32F4xx_HAL_Driver/Src/stm32f4xx_ll_gpio.c.obj
 .text.LL_GPIO_SetPinOutputType
                0x08008186       0x30 cmake/stm32cubemx/CMakeFiles/STM32_Drivers.dir/__/__/Drivers/STM32F4xx_HAL_Driver/Src/stm32f4xx_ll_gpio.c.obj
 .text.LL_GPIO_SetPinSpeed
                0x080081b6       0x7a cmake/stm32cubemx/CMakeFiles/STM32_Drivers.dir/__/__/Drivers/STM32F4xx_HAL_Driver/Src/stm32f4xx_ll_gpio.c.obj
 .text.LL_GPIO_SetPinPull
                0x08008230       0x7a cmake/stm32cubemx/CMakeFiles/STM32_Drivers.dir/__/__/Drivers/STM32F4xx_HAL_Driver/Src/stm32f4xx_ll_gpio.c.obj
 .text.LL_GPIO_SetAFPin_0_7
                0x080082aa       0x7a cmake/stm32cubemx/CMakeFiles/STM32_Drivers.dir/__/__/Drivers/STM32F4xx_HAL_Driver/Src/stm32f4xx_ll_gpio.c.obj
 .text.LL_GPIO_SetAFPin_8_15
                0x08008324       0x7e cmake/stm32cubemx/CMakeFiles/STM32_Drivers.dir/__/__/Drivers/STM32F4xx_HAL_Driver/Src/stm32f4xx_ll_gpio.c.obj
 .text.LL_GPIO_Init
                0x080083a2      0x102 cmake/stm32cubemx/CMakeFiles/STM32_Drivers.dir/__/__/Drivers/STM32F4xx_HAL_Driver/Src/stm32f4xx_ll_gpio.c.obj
                0x080083a2                LL_GPIO_Init
 .text.LL_USART_IsEnabled
                0x080084a4       0x28 cmake/stm32cubemx/CMakeFiles/STM32_Drivers.dir/__/__/Drivers/STM32F4xx_HAL_Driver/Src/stm32f4xx_ll_usart.c.obj
 .text.LL_USART_SetStopBitsLength
                0x080084cc       0x26 cmake/stm32cubemx/CMakeFiles/STM32_Drivers.dir/__/__/Drivers/STM32F4xx_HAL_Driver/Src/stm32f4xx_ll_usart.c.obj
 .text.LL_USART_SetHWFlowCtrl
                0x080084f2       0x26 cmake/stm32cubemx/CMakeFiles/STM32_Drivers.dir/__/__/Drivers/STM32F4xx_HAL_Driver/Src/stm32f4xx_ll_usart.c.obj
 .text.LL_USART_SetBaudRate
                0x08008518      0x45c cmake/stm32cubemx/CMakeFiles/STM32_Drivers.dir/__/__/Drivers/STM32F4xx_HAL_Driver/Src/stm32f4xx_ll_usart.c.obj
 .text.LL_USART_Init
                0x08008974      0x100 cmake/stm32cubemx/CMakeFiles/STM32_Drivers.dir/__/__/Drivers/STM32F4xx_HAL_Driver/Src/stm32f4xx_ll_usart.c.obj
                0x08008974                LL_USART_Init
 .text.__NVIC_GetPriorityGrouping
                0x08008a74       0x1c CMakeFiles/OpenMp3Trigger.dir/Core/Src/main.c.obj
 .text.__NVIC_EnableIRQ
                0x08008a90       0x3c CMakeFiles/OpenMp3Trigger.dir/Core/Src/main.c.obj
 .text.__NVIC_SetPriority
                0x08008acc       0x54 CMakeFiles/OpenMp3Trigger.dir/Core/Src/main.c.obj
 .text.NVIC_EncodePriority
                0x08008b20       0x66 CMakeFiles/OpenMp3Trigger.dir/Core/Src/main.c.obj
 .text.LL_TIM_DisableARRPreload
                0x08008b86       0x20 CMakeFiles/OpenMp3Trigger.dir/Core/Src/main.c.obj
 .text.LL_TIM_SetClockSource
                0x08008ba6       0x2a CMakeFiles/OpenMp3Trigger.dir/Core/Src/main.c.obj
 .text.LL_TIM_SetTriggerOutput
                0x08008bd0       0x26 CMakeFiles/OpenMp3Trigger.dir/Core/Src/main.c.obj
 .text.LL_TIM_DisableMasterSlaveMode
                0x08008bf6       0x20 CMakeFiles/OpenMp3Trigger.dir/Core/Src/main.c.obj
 .text.LL_USART_Enable
                0x08008c16       0x20 CMakeFiles/OpenMp3Trigger.dir/Core/Src/main.c.obj
 .text.LL_USART_ConfigAsyncMode
                0x08008c36       0x2c CMakeFiles/OpenMp3Trigger.dir/Core/Src/main.c.obj
 *fill*         0x08008c62        0x2 
 .text.LL_AHB1_GRP1_EnableClock
                0x08008c64       0x30 CMakeFiles/OpenMp3Trigger.dir/Core/Src/main.c.obj
 .text.LL_APB1_GRP1_EnableClock
                0x08008c94       0x30 CMakeFiles/OpenMp3Trigger.dir/Core/Src/main.c.obj
 .text.LL_APB2_GRP1_EnableClock
                0x08008cc4       0x30 CMakeFiles/OpenMp3Trigger.dir/Core/Src/main.c.obj
 .text.main     0x08008cf4       0x2e CMakeFiles/OpenMp3Trigger.dir/Core/Src/main.c.obj
                0x08008cf4                main
 *fill*         0x08008d22        0x2 
 .text.SystemClock_Config
                0x08008d24       0xd4 CMakeFiles/OpenMp3Trigger.dir/Core/Src/main.c.obj
                0x08008d24                SystemClock_Config
 .text.MX_I2S2_Init
                0x08008df8       0x5c CMakeFiles/OpenMp3Trigger.dir/Core/Src/main.c.obj
 .text.MX_SDIO_SD_Init
                0x08008e54       0x80 CMakeFiles/OpenMp3Trigger.dir/Core/Src/main.c.obj
 .text.MX_TIM2_Init
                0x08008ed4       0x64 CMakeFiles/OpenMp3Trigger.dir/Core/Src/main.c.obj
 .text.MX_USART1_UART_Init
                0x08008f38       0xc0 CMakeFiles/OpenMp3Trigger.dir/Core/Src/main.c.obj
 .text.MX_DMA_Init
                0x08008ff8       0x7c CMakeFiles/OpenMp3Trigger.dir/Core/Src/main.c.obj
 .text.MX_GPIO_Init
                0x08009074       0xf4 CMakeFiles/OpenMp3Trigger.dir/Core/Src/main.c.obj
 .text.Error_Handler
                0x08009168        0xc CMakeFiles/OpenMp3Trigger.dir/Core/Src/main.c.obj
                0x08009168                Error_Handler
 .text.NMI_Handler
                0x08009174        0x8 CMakeFiles/OpenMp3Trigger.dir/Core/Src/stm32f4xx_it.c.obj
                0x08009174                NMI_Handler
 .text.HardFault_Handler
                0x0800917c        0x8 CMakeFiles/OpenMp3Trigger.dir/Core/Src/stm32f4xx_it.c.obj
                0x0800917c                HardFault_Handler
 .text.MemManage_Handler
                0x08009184        0x8 CMakeFiles/OpenMp3Trigger.dir/Core/Src/stm32f4xx_it.c.obj
                0x08009184                MemManage_Handler
 .text.BusFault_Handler
                0x0800918c        0x8 CMakeFiles/OpenMp3Trigger.dir/Core/Src/stm32f4xx_it.c.obj
                0x0800918c                BusFault_Handler
 .text.UsageFault_Handler
                0x08009194        0x8 CMakeFiles/OpenMp3Trigger.dir/Core/Src/stm32f4xx_it.c.obj
                0x08009194                UsageFault_Handler
 .text.SVC_Handler
                0x0800919c        0xe CMakeFiles/OpenMp3Trigger.dir/Core/Src/stm32f4xx_it.c.obj
                0x0800919c                SVC_Handler
 .text.DebugMon_Handler
                0x080091aa        0xe CMakeFiles/OpenMp3Trigger.dir/Core/Src/stm32f4xx_it.c.obj
                0x080091aa                DebugMon_Handler
 .text.PendSV_Handler
                0x080091b8        0xe CMakeFiles/OpenMp3Trigger.dir/Core/Src/stm32f4xx_it.c.obj
                0x080091b8                PendSV_Handler
 .text.SysTick_Handler
                0x080091c6       0x10 CMakeFiles/OpenMp3Trigger.dir/Core/Src/stm32f4xx_it.c.obj
                0x080091c6                SysTick_Handler
 *fill*         0x080091d6        0x2 
 .text.DMA1_Stream4_IRQHandler
                0x080091d8       0x14 CMakeFiles/OpenMp3Trigger.dir/Core/Src/stm32f4xx_it.c.obj
                0x080091d8                DMA1_Stream4_IRQHandler
 .text.SPI2_IRQHandler
                0x080091ec       0x14 CMakeFiles/OpenMp3Trigger.dir/Core/Src/stm32f4xx_it.c.obj
                0x080091ec                SPI2_IRQHandler
 .text.USART1_IRQHandler
                0x08009200        0xc CMakeFiles/OpenMp3Trigger.dir/Core/Src/stm32f4xx_it.c.obj
                0x08009200                USART1_IRQHandler
 .text.SDIO_IRQHandler
                0x0800920c       0x14 CMakeFiles/OpenMp3Trigger.dir/Core/Src/stm32f4xx_it.c.obj
                0x0800920c                SDIO_IRQHandler
 .text.DMA2_Stream3_IRQHandler
                0x08009220       0x14 CMakeFiles/OpenMp3Trigger.dir/Core/Src/stm32f4xx_it.c.obj
                0x08009220                DMA2_Stream3_IRQHandler
 .text.DMA2_Stream6_IRQHandler
                0x08009234       0x14 CMakeFiles/OpenMp3Trigger.dir/Core/Src/stm32f4xx_it.c.obj
                0x08009234                DMA2_Stream6_IRQHandler
 .text.HAL_MspInit
                0x08009248       0x50 CMakeFiles/OpenMp3Trigger.dir/Core/Src/stm32f4xx_hal_msp.c.obj
                0x08009248                HAL_MspInit
 .text.HAL_I2S_MspInit
                0x08009298      0x138 CMakeFiles/OpenMp3Trigger.dir/Core/Src/stm32f4xx_hal_msp.c.obj
                0x08009298                HAL_I2S_MspInit
 .text.HAL_SD_MspInit
                0x080093d0      0x1e0 CMakeFiles/OpenMp3Trigger.dir/Core/Src/stm32f4xx_hal_msp.c.obj
                0x080093d0                HAL_SD_MspInit
 .text.Reset_Handler
                0x080095b0       0x50 CMakeFiles/OpenMp3Trigger.dir/startup_stm32f405xx.s.obj
                0x080095b0                Reset_Handler
 .text.Default_Handler
                0x08009600        0x2 CMakeFiles/OpenMp3Trigger.dir/startup_stm32f405xx.s.obj
                0x08009600                RTC_Alarm_IRQHandler
                0x08009600                HASH_RNG_IRQHandler
                0x08009600                EXTI2_IRQHandler
                0x08009600                TIM8_CC_IRQHandler
                0x08009600                TIM1_CC_IRQHandler
                0x08009600                DMA2_Stream5_IRQHandler
                0x08009600                DMA1_Stream5_IRQHandler
                0x08009600                PVD_IRQHandler
                0x08009600                TAMP_STAMP_IRQHandler
                0x08009600                CAN2_RX1_IRQHandler
                0x08009600                EXTI3_IRQHandler
                0x08009600                TIM8_TRG_COM_TIM14_IRQHandler
                0x08009600                TIM1_UP_TIM10_IRQHandler
                0x08009600                TIM8_UP_TIM13_IRQHandler
                0x08009600                I2C3_ER_IRQHandler
                0x08009600                EXTI0_IRQHandler
                0x08009600                I2C2_EV_IRQHandler
                0x08009600                DMA1_Stream2_IRQHandler
                0x08009600                CAN1_RX0_IRQHandler
                0x08009600                FPU_IRQHandler
                0x08009600                OTG_HS_WKUP_IRQHandler
                0x08009600                CAN2_SCE_IRQHandler
                0x08009600                DMA2_Stream2_IRQHandler
                0x08009600                SPI1_IRQHandler
                0x08009600                TIM6_DAC_IRQHandler
                0x08009600                TIM1_BRK_TIM9_IRQHandler
                0x08009600                CAN2_RX0_IRQHandler
                0x08009600                USART6_IRQHandler
                0x08009600                USART3_IRQHandler
                0x08009600                CAN1_RX1_IRQHandler
                0x08009600                UART5_IRQHandler
                0x08009600                DMA2_Stream0_IRQHandler
                0x08009600                TIM4_IRQHandler
                0x08009600                I2C1_EV_IRQHandler
                0x08009600                DMA1_Stream6_IRQHandler
                0x08009600                DMA1_Stream1_IRQHandler
                0x08009600                UART4_IRQHandler
                0x08009600                TIM3_IRQHandler
                0x08009600                RCC_IRQHandler
                0x08009600                TIM8_BRK_TIM12_IRQHandler
                0x08009600                Default_Handler
                0x08009600                EXTI15_10_IRQHandler
                0x08009600                ADC_IRQHandler
                0x08009600                DMA1_Stream7_IRQHandler
                0x08009600                TIM7_IRQHandler
                0x08009600                CAN2_TX_IRQHandler
                0x08009600                TIM5_IRQHandler
                0x08009600                DMA2_Stream7_IRQHandler
                0x08009600                I2C3_EV_IRQHandler
                0x08009600                EXTI9_5_IRQHandler
                0x08009600                RTC_WKUP_IRQHandler
                0x08009600                OTG_HS_EP1_IN_IRQHandler
                0x08009600                DMA1_Stream0_IRQHandler
                0x08009600                CAN1_TX_IRQHandler
                0x08009600                EXTI4_IRQHandler
                0x08009600                FSMC_IRQHandler
                0x08009600                OTG_HS_EP1_OUT_IRQHandler
                0x08009600                WWDG_IRQHandler
                0x08009600                TIM2_IRQHandler
                0x08009600                OTG_FS_WKUP_IRQHandler
                0x08009600                TIM1_TRG_COM_TIM11_IRQHandler
                0x08009600                OTG_HS_IRQHandler
                0x08009600                EXTI1_IRQHandler
                0x08009600                USART2_IRQHandler
                0x08009600                I2C2_ER_IRQHandler
                0x08009600                DMA2_Stream1_IRQHandler
                0x08009600                CAN1_SCE_IRQHandler
                0x08009600                FLASH_IRQHandler
                0x08009600                DMA2_Stream4_IRQHandler
                0x08009600                OTG_FS_IRQHandler
                0x08009600                SPI3_IRQHandler
                0x08009600                I2C1_ER_IRQHandler
                0x08009600                DMA1_Stream3_IRQHandler
 .text.LL_TIM_EnableCounter
                0x08009602       0x20 CMakeFiles/OpenMp3Trigger.dir/App/Src/bios.c.obj
 .text.LL_USART_IsActiveFlag_ORE
                0x08009622       0x26 CMakeFiles/OpenMp3Trigger.dir/App/Src/bios.c.obj
 .text.LL_USART_IsActiveFlag_RXNE
                0x08009648       0x26 CMakeFiles/OpenMp3Trigger.dir/App/Src/bios.c.obj
 .text.LL_USART_IsActiveFlag_TXE
                0x0800966e       0x26 CMakeFiles/OpenMp3Trigger.dir/App/Src/bios.c.obj
 .text.LL_USART_ClearFlag_ORE
                0x08009694       0x24 CMakeFiles/OpenMp3Trigger.dir/App/Src/bios.c.obj
 .text.LL_USART_EnableIT_RXNE
                0x080096b8       0x46 CMakeFiles/OpenMp3Trigger.dir/App/Src/bios.c.obj
 .text.LL_USART_EnableIT_TXE
                0x080096fe       0x46 CMakeFiles/OpenMp3Trigger.dir/App/Src/bios.c.obj
 .text.LL_USART_DisableIT_TXE
                0x08009744       0x46 CMakeFiles/OpenMp3Trigger.dir/App/Src/bios.c.obj
 .text.LL_USART_ReceiveData8
                0x0800978a       0x1a CMakeFiles/OpenMp3Trigger.dir/App/Src/bios.c.obj
 .text.LL_USART_TransmitData8
                0x080097a4       0x1e CMakeFiles/OpenMp3Trigger.dir/App/Src/bios.c.obj
 *fill*         0x080097c2        0x2 
 .text.biosSystemInit
                0x080097c4       0x48 CMakeFiles/OpenMp3Trigger.dir/App/Src/bios.c.obj
                0x080097c4                biosSystemInit
 .text.biosSdInit
                0x0800980c       0x34 CMakeFiles/OpenMp3Trigger.dir/App/Src/bios.c.obj
                0x0800980c                biosSdInit
 .text.biosIsSdCardInstalled
                0x08009840       0x20 CMakeFiles/OpenMp3Trigger.dir/App/Src/bios.c.obj
                0x08009840                biosIsSdCardInstalled
 .text.biosLED  0x08009860       0x34 CMakeFiles/OpenMp3Trigger.dir/App/Src/bios.c.obj
                0x08009860                biosLED
 .text.biosSdReadSectors
                0x08009894       0x58 CMakeFiles/OpenMp3Trigger.dir/App/Src/bios.c.obj
                0x08009894                biosSdReadSectors
 .text.biosSdWriteSectors
                0x080098ec       0x58 CMakeFiles/OpenMp3Trigger.dir/App/Src/bios.c.obj
                0x080098ec                biosSdWriteSectors
 .text.biosSerialInit
                0x08009944       0x84 CMakeFiles/OpenMp3Trigger.dir/App/Src/bios.c.obj
                0x08009944                biosSerialInit
 .text.biosStartSerialXmt
                0x080099c8       0x5c CMakeFiles/OpenMp3Trigger.dir/App/Src/bios.c.obj
                0x080099c8                biosStartSerialXmt
 .text.HAL_SD_RxCpltCallback
                0x08009a24       0x20 CMakeFiles/OpenMp3Trigger.dir/App/Src/bios.c.obj
                0x08009a24                HAL_SD_RxCpltCallback
 .text.HAL_SD_TxCpltCallback
                0x08009a44       0x20 CMakeFiles/OpenMp3Trigger.dir/App/Src/bios.c.obj
                0x08009a44                HAL_SD_TxCpltCallback
 .text.biosUSART1_IRQHandler
                0x08009a64       0xe0 CMakeFiles/OpenMp3Trigger.dir/App/Src/bios.c.obj
                0x08009a64                biosUSART1_IRQHandler
 .text.sdTestInit
                0x08009b44      0x104 CMakeFiles/OpenMp3Trigger.dir/App/Src/player.c.obj
                0x08009b44                sdTestInit
 .text.sdTestProcess
                0x08009c48       0x90 CMakeFiles/OpenMp3Trigger.dir/App/Src/player.c.obj
                0x08009c48                sdTestProcess
 .text.delayMs  0x08009cd8       0x30 CMakeFiles/OpenMp3Trigger.dir/App/Src/player.c.obj
                0x08009cd8                delayMs
 .text.doBlink  0x08009d08       0x76 CMakeFiles/OpenMp3Trigger.dir/App/Src/player.c.obj
                0x08009d08                doBlink
 .text.doFlash  0x08009d7e       0x46 CMakeFiles/OpenMp3Trigger.dir/App/Src/player.c.obj
                0x08009d7e                doFlash
 .text.rogueTrap
                0x08009dc4       0x2a CMakeFiles/OpenMp3Trigger.dir/App/Src/player.c.obj
                0x08009dc4                rogueTrap
 *fill*         0x08009dee        0x2 
 .text.mySysTick_Handler
                0x08009df0       0x40 CMakeFiles/OpenMp3Trigger.dir/App/Src/player.c.obj
                0x08009df0                mySysTick_Handler
 .text.consoleInit
                0x08009e30       0x18 CMakeFiles/OpenMp3Trigger.dir/App/Src/console.c.obj
                0x08009e30                consoleInit
 .text.consoleService
                0x08009e48       0x90 CMakeFiles/OpenMp3Trigger.dir/App/Src/console.c.obj
                0x08009e48                consoleService
 .text.consoleDoCommand
                0x08009ed8       0x9c CMakeFiles/OpenMp3Trigger.dir/App/Src/console.c.obj
                0x08009ed8                consoleDoCommand
 .text.consoleParseLine
                0x08009f74       0xa8 CMakeFiles/OpenMp3Trigger.dir/App/Src/console.c.obj
                0x08009f74                consoleParseLine
 .text.consoleGetCommand
                0x0800a01c       0xc0 CMakeFiles/OpenMp3Trigger.dir/App/Src/console.c.obj
                0x0800a01c                consoleGetCommand
 .text.consoleGetValue
                0x0800a0dc      0x128 CMakeFiles/OpenMp3Trigger.dir/App/Src/console.c.obj
                0x0800a0dc                consoleGetValue
 .text.consoleSignOn
                0x0800a204       0x70 CMakeFiles/OpenMp3Trigger.dir/App/Src/console.c.obj
                0x0800a204                consoleSignOn
 .text.consoleNewLine
                0x0800a274       0x9c CMakeFiles/OpenMp3Trigger.dir/App/Src/console.c.obj
                0x0800a274                consoleNewLine
 .text.consoleSendString
                0x0800a310       0x84 CMakeFiles/OpenMp3Trigger.dir/App/Src/console.c.obj
                0x0800a310                consoleSendString
 .text.consoleSendBytes
                0x0800a394       0x80 CMakeFiles/OpenMp3Trigger.dir/App/Src/console.c.obj
                0x0800a394                consoleSendBytes
 .text.mp3DecodeCallback
                0x0800a414       0x46 CMakeFiles/OpenMp3Trigger.dir/App/Src/mp3decode.c.obj
                0x0800a414                mp3DecodeCallback
 *fill*         0x0800a45a        0x2 
 .text.mp3DecodeInit
                0x0800a45c       0x5c CMakeFiles/OpenMp3Trigger.dir/App/Src/mp3decode.c.obj
                0x0800a45c                mp3DecodeInit
 .text.trackInit
                0x0800a4b8       0xe4 CMakeFiles/OpenMp3Trigger.dir/App/Src/track.c.obj
                0x0800a4b8                trackInit
 .text.mp3CheckSdMp3Space
                0x0800a59c       0xb0 CMakeFiles/OpenMp3Trigger.dir/App/Src/mp3.c.obj
                0x0800a59c                mp3CheckSdMp3Space
 .text.mp3ReadSdMp3Data
                0x0800a64c      0x2f8 CMakeFiles/OpenMp3Trigger.dir/App/Src/mp3.c.obj
                0x0800a64c                mp3ReadSdMp3Data
 .text.mp3FetchMp3Data
                0x0800a944      0x1fc CMakeFiles/OpenMp3Trigger.dir/App/Src/mp3.c.obj
                0x0800a944                mp3FetchMp3Data
 .text.disk_initialize
                0x0800ab40       0x18 CMakeFiles/OpenMp3Trigger.dir/App/Src/ffdisk.c.obj
                0x0800ab40                disk_initialize
 .text.disk_status
                0x0800ab58       0x18 CMakeFiles/OpenMp3Trigger.dir/App/Src/ffdisk.c.obj
                0x0800ab58                disk_status
 .text.disk_read
                0x0800ab70       0x32 CMakeFiles/OpenMp3Trigger.dir/App/Src/ffdisk.c.obj
                0x0800ab70                disk_read
 .text.disk_write
                0x0800aba2       0x32 CMakeFiles/OpenMp3Trigger.dir/App/Src/ffdisk.c.obj
                0x0800aba2                disk_write
 .text.ld_word  0x0800abd4       0x32 CMakeFiles/OpenMp3Trigger.dir/App/FatFs/ff.c.obj
 .text.ld_dword
                0x0800ac06       0x46 CMakeFiles/OpenMp3Trigger.dir/App/FatFs/ff.c.obj
 .text.st_word  0x0800ac4c       0x36 CMakeFiles/OpenMp3Trigger.dir/App/FatFs/ff.c.obj
 .text.st_dword
                0x0800ac82       0x58 CMakeFiles/OpenMp3Trigger.dir/App/FatFs/ff.c.obj
 .text.dbc_1st  0x0800acda       0x22 CMakeFiles/OpenMp3Trigger.dir/App/FatFs/ff.c.obj
 .text.dbc_2nd  0x0800acfc       0x22 CMakeFiles/OpenMp3Trigger.dir/App/FatFs/ff.c.obj
 .text.sync_window
                0x0800ad1e       0x78 CMakeFiles/OpenMp3Trigger.dir/App/FatFs/ff.c.obj
 .text.move_window
                0x0800ad96       0x5a CMakeFiles/OpenMp3Trigger.dir/App/FatFs/ff.c.obj
 .text.clst2sect
                0x0800adf0       0x3e CMakeFiles/OpenMp3Trigger.dir/App/FatFs/ff.c.obj
 .text.get_fat  0x0800ae2e      0x14e CMakeFiles/OpenMp3Trigger.dir/App/FatFs/ff.c.obj
 .text.put_fat  0x0800af7c      0x1d4 CMakeFiles/OpenMp3Trigger.dir/App/FatFs/ff.c.obj
 .text.create_chain
                0x0800b150      0x1a2 CMakeFiles/OpenMp3Trigger.dir/App/FatFs/ff.c.obj
 .text.dir_clear
                0x0800b2f2       0x90 CMakeFiles/OpenMp3Trigger.dir/App/FatFs/ff.c.obj
 .text.dir_sdi  0x0800b382       0xf6 CMakeFiles/OpenMp3Trigger.dir/App/FatFs/ff.c.obj
 .text.dir_next
                0x0800b478      0x12c CMakeFiles/OpenMp3Trigger.dir/App/FatFs/ff.c.obj
 .text.ld_clust
                0x0800b5a4       0x3e CMakeFiles/OpenMp3Trigger.dir/App/FatFs/ff.c.obj
 .text.dir_read
                0x0800b5e2       0xba CMakeFiles/OpenMp3Trigger.dir/App/FatFs/ff.c.obj
 .text.dir_find
                0x0800b69c       0xaa CMakeFiles/OpenMp3Trigger.dir/App/FatFs/ff.c.obj
 .text.get_fileinfo
                0x0800b746       0xd0 CMakeFiles/OpenMp3Trigger.dir/App/FatFs/ff.c.obj
 *fill*         0x0800b816        0x2 
 .text.get_achar
                0x0800b818       0x4c CMakeFiles/OpenMp3Trigger.dir/App/FatFs/ff.c.obj
 .text.pattern_match
                0x0800b864      0x102 CMakeFiles/OpenMp3Trigger.dir/App/FatFs/ff.c.obj
 *fill*         0x0800b966        0x2 
 .text.create_name
                0x0800b968      0x1b0 CMakeFiles/OpenMp3Trigger.dir/App/FatFs/ff.c.obj
 .text.follow_path
                0x0800bb18       0xde CMakeFiles/OpenMp3Trigger.dir/App/FatFs/ff.c.obj
 .text.get_ldnumber
                0x0800bbf6       0x8a CMakeFiles/OpenMp3Trigger.dir/App/FatFs/ff.c.obj
 .text.check_fs
                0x0800bc80      0x148 CMakeFiles/OpenMp3Trigger.dir/App/FatFs/ff.c.obj
 .text.find_volume
                0x0800bdc8       0xbe CMakeFiles/OpenMp3Trigger.dir/App/FatFs/ff.c.obj
 *fill*         0x0800be86        0x2 
 .text.mount_volume
                0x0800be88      0x3f4 CMakeFiles/OpenMp3Trigger.dir/App/FatFs/ff.c.obj
 .text.validate
                0x0800c27c       0x6a CMakeFiles/OpenMp3Trigger.dir/App/FatFs/ff.c.obj
 *fill*         0x0800c2e6        0x2 
 .text.f_mount  0x0800c2e8       0x94 CMakeFiles/OpenMp3Trigger.dir/App/FatFs/ff.c.obj
                0x0800c2e8                f_mount
 .text.f_opendir
                0x0800c37c       0xb2 CMakeFiles/OpenMp3Trigger.dir/App/FatFs/ff.c.obj
                0x0800c37c                f_opendir
 .text.f_readdir
                0x0800c42e       0x7a CMakeFiles/OpenMp3Trigger.dir/App/FatFs/ff.c.obj
                0x0800c42e                f_readdir
 .text.f_findnext
                0x0800c4a8       0x50 CMakeFiles/OpenMp3Trigger.dir/App/FatFs/ff.c.obj
                0x0800c4a8                f_findnext
 .text.f_findfirst
                0x0800c4f8       0x3c CMakeFiles/OpenMp3Trigger.dir/App/FatFs/ff.c.obj
                0x0800c4f8                f_findfirst
 .text.memcmp   0x0800c534       0x20 C:/ST/STM32CubeCLT_1.18.0/GNU-tools-for-STM32/bin/../lib/gcc/arm-none-eabi/13.3.1/../../../../arm-none-eabi/lib/thumb/v7e-m+fp/softfp\libg_nano.a(libc_a-memcmp.o)
                0x0800c534                memcmp
 .text.strchr   0x0800c554       0x1a C:/ST/STM32CubeCLT_1.18.0/GNU-tools-for-STM32/bin/../lib/gcc/arm-none-eabi/13.3.1/../../../../arm-none-eabi/lib/thumb/v7e-m+fp/softfp\libg_nano.a(libc_a-strchr.o)
                0x0800c554                strchr
 .text.memcpy   0x0800c56e       0x1c C:/ST/STM32CubeCLT_1.18.0/GNU-tools-for-STM32/bin/../lib/gcc/arm-none-eabi/13.3.1/../../../../arm-none-eabi/lib/thumb/v7e-m+fp/softfp\libg_nano.a(libc_a-memcpy-stub.o)
                0x0800c56e                memcpy
 *(.glue_7)
 .glue_7        0x0800c58a        0x0 linker stubs
 *(.glue_7t)
 .glue_7t       0x0800c58a        0x0 linker stubs
 *(.eh_frame)
 *fill*         0x0800c58a        0x2 
 .eh_frame      0x0800c58c        0x0 C:/ST/STM32CubeCLT_1.18.0/GNU-tools-for-STM32/bin/../lib/gcc/arm-none-eabi/13.3.1/thumb/v7e-m+fp/softfp/crtbegin.o
 *(.init)
 .init          0x0800c58c        0x4 C:/ST/STM32CubeCLT_1.18.0/GNU-tools-for-STM32/bin/../lib/gcc/arm-none-eabi/13.3.1/thumb/v7e-m+fp/softfp/crti.o
                0x0800c58c                _init
 .init          0x0800c590        0x8 C:/ST/STM32CubeCLT_1.18.0/GNU-tools-for-STM32/bin/../lib/gcc/arm-none-eabi/13.3.1/thumb/v7e-m+fp/softfp/crtn.o
 *(.fini)
 .fini          0x0800c598        0x4 C:/ST/STM32CubeCLT_1.18.0/GNU-tools-for-STM32/bin/../lib/gcc/arm-none-eabi/13.3.1/thumb/v7e-m+fp/softfp/crti.o
                0x0800c598                _fini
 .fini          0x0800c59c        0x8 C:/ST/STM32CubeCLT_1.18.0/GNU-tools-for-STM32/bin/../lib/gcc/arm-none-eabi/13.3.1/thumb/v7e-m+fp/softfp/crtn.o
                0x0800c5a4                        . = ALIGN (0x4)
                0x0800c5a4                        _etext = .

.vfp11_veneer   0x0800c5a4        0x0
 .vfp11_veneer  0x0800c5a4        0x0 linker stubs

.v4_bx          0x0800c5a4        0x0
 .v4_bx         0x0800c5a4        0x0 linker stubs

.iplt           0x0800c5a4        0x0
 .iplt          0x0800c5a4        0x0 C:/ST/STM32CubeCLT_1.18.0/GNU-tools-for-STM32/bin/../lib/gcc/arm-none-eabi/13.3.1/thumb/v7e-m+fp/softfp/crtbegin.o

.rodata         0x0800c5a4      0x2a4
                0x0800c5a4                        . = ALIGN (0x4)
 *(.rodata)
 .rodata        0x0800c5a4      0x1d2 CMakeFiles/OpenMp3Trigger.dir/App/Src/console.c.obj
 *fill*         0x0800c776        0x2 
 .rodata        0x0800c778       0x13 CMakeFiles/OpenMp3Trigger.dir/App/Src/track.c.obj
 *fill*         0x0800c78b        0x1 
 .rodata        0x0800c78c       0x19 CMakeFiles/OpenMp3Trigger.dir/App/FatFs/ff.c.obj
 *(.rodata*)
 *fill*         0x0800c7a5        0x3 
 .rodata.AHBPrescTable
                0x0800c7a8       0x10 cmake/stm32cubemx/CMakeFiles/STM32_Drivers.dir/__/__/Core/Src/system_stm32f4xx.c.obj
                0x0800c7a8                AHBPrescTable
 .rodata.APBPrescTable
                0x0800c7b8        0x8 cmake/stm32cubemx/CMakeFiles/STM32_Drivers.dir/__/__/Core/Src/system_stm32f4xx.c.obj
                0x0800c7b8                APBPrescTable
 .rodata.flagBitshiftOffset.0
                0x0800c7c0        0x8 cmake/stm32cubemx/CMakeFiles/STM32_Drivers.dir/__/__/Drivers/STM32F4xx_HAL_Driver/Src/stm32f4xx_hal_dma.c.obj
 .rodata.ExCvt  0x0800c7c8       0x80 CMakeFiles/OpenMp3Trigger.dir/App/FatFs/ff.c.obj
                0x0800c848                        . = ALIGN (0x4)

.constdata      0x0800c850     0x1a48
 .constdata     0x0800c850     0x10ec C:/Projects/STM32-VSC/OpenMP3Trigger/App/Lib\lib_mp3decoder_cortex_m4_v2.2.0.a(mp3d_htab_armv4.o)
                0x0800c850                MP3D_SPCORP_Symbol_024
 .constdata     0x0800d93c      0x310 C:/Projects/STM32-VSC/OpenMP3Trigger/App/Lib\lib_mp3decoder_cortex_m4_v2.2.0.a(mp3d_htab_armv4.o)
 *fill*         0x0800dc4c        0x4 
 .constdata     0x0800dc50       0x20 C:/Projects/STM32-VSC/OpenMP3Trigger/App/Lib\lib_mp3decoder_cortex_m4_v2.2.0.a(mp3d_dealias_armv5e.o)
 .constdata     0x0800dc70      0x2d0 C:/Projects/STM32-VSC/OpenMP3Trigger/App/Lib\lib_mp3decoder_cortex_m4_v2.2.0.a(mp3d_huffdec_armv7e-m.o)
 .constdata     0x0800df40       0x24 C:/Projects/STM32-VSC/OpenMP3Trigger/App/Lib\lib_mp3decoder_cortex_m4_v2.2.0.a(mp3d_imdct3612_armv5e.o)
 .constdata     0x0800df64       0x50 C:/Projects/STM32-VSC/OpenMP3Trigger/App/Lib\lib_mp3decoder_cortex_m4_v2.2.0.a(mp3d_reorder_armv4.o)
 .constdata     0x0800dfb4       0x44 C:/Projects/STM32-VSC/OpenMP3Trigger/App/Lib\lib_mp3decoder_cortex_m4_v2.2.0.a(mp3d_stereo_armv4.o)
 .constdata     0x0800dff8      0x2a0 C:/Projects/STM32-VSC/OpenMP3Trigger/App/Lib\lib_mp3decoder_cortex_m4_v2.2.0.a(mp3d_synfilt_armv7e-m.o)

.ARM.extab      0x0800e298        0x0
                0x0800e298                        . = ALIGN (0x4)
 *(.ARM.extab* .gnu.linkonce.armextab.*)
                0x0800e298                        . = ALIGN (0x4)

.ARM            0x0800e298        0x8
                0x0800e298                        . = ALIGN (0x4)
                0x0800e298                        __exidx_start = .
 *(.ARM.exidx*)
 .ARM.exidx     0x0800e298        0x8 C:/ST/STM32CubeCLT_1.18.0/GNU-tools-for-STM32/bin/../lib/gcc/arm-none-eabi/13.3.1/thumb/v7e-m+fp/softfp\libgcc.a(_udivmoddi4.o)
 .ARM.exidx     0x0800e2a0        0x0 C:/ST/STM32CubeCLT_1.18.0/GNU-tools-for-STM32/bin/../lib/gcc/arm-none-eabi/13.3.1/../../../../arm-none-eabi/lib/thumb/v7e-m+fp/softfp\libg_nano.a(libc_a-strcmp.o)
                                  0x8 (size before relaxing)
 .ARM.exidx     0x0800e2a0        0x0 C:/ST/STM32CubeCLT_1.18.0/GNU-tools-for-STM32/bin/../lib/gcc/arm-none-eabi/13.3.1/../../../../arm-none-eabi/lib/thumb/v7e-m+fp/softfp\libg_nano.a(libc_a-strlen.o)
                                  0x8 (size before relaxing)
                0x0800e2a0                        __exidx_end = .
                0x0800e2a0                        . = ALIGN (0x4)

.preinit_array  0x0800e2a0        0x0
                0x0800e2a0                        . = ALIGN (0x4)
                0x0800e2a0                        PROVIDE (__preinit_array_start = .)
 *(.preinit_array*)
                0x0800e2a0                        PROVIDE (__preinit_array_end = .)
                0x0800e2a0                        . = ALIGN (0x4)

.init_array     0x0800e2a0        0x4
                0x0800e2a0                        . = ALIGN (0x4)
                0x0800e2a0                        PROVIDE (__init_array_start = .)
 *(SORT_BY_NAME(.init_array.*))
 *(.init_array*)
 .init_array    0x0800e2a0        0x4 C:/ST/STM32CubeCLT_1.18.0/GNU-tools-for-STM32/bin/../lib/gcc/arm-none-eabi/13.3.1/thumb/v7e-m+fp/softfp/crtbegin.o
                0x0800e2a4                        PROVIDE (__init_array_end = .)
                0x0800e2a4                        . = ALIGN (0x4)

.fini_array     0x0800e2a4        0x4
                0x0800e2a4                        . = ALIGN (0x4)
                [!provide]                        PROVIDE (__fini_array_start = .)
 *(SORT_BY_NAME(.fini_array.*))
 *(.fini_array*)
 .fini_array    0x0800e2a4        0x4 C:/ST/STM32CubeCLT_1.18.0/GNU-tools-for-STM32/bin/../lib/gcc/arm-none-eabi/13.3.1/thumb/v7e-m+fp/softfp/crtbegin.o
                [!provide]                        PROVIDE (__fini_array_end = .)
                0x0800e2a8                        . = ALIGN (0x4)
                0x0800e2a8                        _sidata = LOADADDR (.data)

.rel.dyn        0x0800e2a8        0x0
 .rel.iplt      0x0800e2a8        0x0 C:/ST/STM32CubeCLT_1.18.0/GNU-tools-for-STM32/bin/../lib/gcc/arm-none-eabi/13.3.1/thumb/v7e-m+fp/softfp/crtbegin.o

.data           0x20000000       0x1c load address 0x0800e2a8
                0x20000000                        . = ALIGN (0x4)
                0x20000000                        _sdata = .
 *(.data)
 *(.data*)
 .data.SystemCoreClock
                0x20000000        0x4 cmake/stm32cubemx/CMakeFiles/STM32_Drivers.dir/__/__/Core/Src/system_stm32f4xx.c.obj
                0x20000000                SystemCoreClock
 .data.uwTickPrio
                0x20000004        0x4 cmake/stm32cubemx/CMakeFiles/STM32_Drivers.dir/__/__/Drivers/STM32F4xx_HAL_Driver/Src/stm32f4xx_hal.c.obj
                0x20000004                uwTickPrio
 .data.uwTickFreq
                0x20000008        0x1 cmake/stm32cubemx/CMakeFiles/STM32_Drivers.dir/__/__/Drivers/STM32F4xx_HAL_Driver/Src/stm32f4xx_hal.c.obj
                0x20000008                uwTickFreq
 *fill*         0x20000009        0x3 
 .data.gVersion
                0x2000000c        0xd CMakeFiles/OpenMp3Trigger.dir/App/Src/player.c.obj
                0x2000000c                gVersion
 *(.RamFunc)
 *(.RamFunc*)
                0x2000001c                        . = ALIGN (0x4)
 *fill*         0x20000019        0x3 
                0x2000001c                        _edata = .
                0x0800e2c4                        _siccmram = LOADADDR (.ccmram)

.igot.plt       0x2000001c        0x0 load address 0x0800e2c4
 .igot.plt      0x2000001c        0x0 C:/ST/STM32CubeCLT_1.18.0/GNU-tools-for-STM32/bin/../lib/gcc/arm-none-eabi/13.3.1/thumb/v7e-m+fp/softfp/crtbegin.o

.ccmram         0x10000000        0x0 load address 0x0800e2c4
                0x10000000                        . = ALIGN (0x4)
                0x10000000                        _sccmram = .
 *(.ccmram)
 *(.ccmram*)
                0x10000000                        . = ALIGN (0x4)
                0x10000000                        _eccmram = .
                0x10000000                        . = ALIGN (0x4)

.bss            0x20000020    0x14c90
                0x20000020                        _sbss = .
                0x20000020                        __bss_start__ = _sbss
 *(.bss)
 .bss           0x20000020       0x1c C:/ST/STM32CubeCLT_1.18.0/GNU-tools-for-STM32/bin/../lib/gcc/arm-none-eabi/13.3.1/thumb/v7e-m+fp/softfp/crtbegin.o
 *(.bss*)
 .bss.uwTick    0x2000003c        0x4 cmake/stm32cubemx/CMakeFiles/STM32_Drivers.dir/__/__/Drivers/STM32F4xx_HAL_Driver/Src/stm32f4xx_hal.c.obj
                0x2000003c                uwTick
 .bss.hi2s2     0x20000040       0x48 CMakeFiles/OpenMp3Trigger.dir/Core/Src/main.c.obj
                0x20000040                hi2s2
 .bss.hdma_spi2_tx
                0x20000088       0x60 CMakeFiles/OpenMp3Trigger.dir/Core/Src/main.c.obj
                0x20000088                hdma_spi2_tx
 .bss.hsd       0x200000e8       0x84 CMakeFiles/OpenMp3Trigger.dir/Core/Src/main.c.obj
                0x200000e8                hsd
 .bss.hdma_sdio_rx
                0x2000016c       0x60 CMakeFiles/OpenMp3Trigger.dir/Core/Src/main.c.obj
                0x2000016c                hdma_sdio_rx
 .bss.hdma_sdio_tx
                0x200001cc       0x60 CMakeFiles/OpenMp3Trigger.dir/Core/Src/main.c.obj
                0x200001cc                hdma_sdio_tx
 *fill*         0x2000022c       0x14 
 .bss.fatFs     0x20000240      0x240 CMakeFiles/OpenMp3Trigger.dir/App/Src/memory.c.obj
                0x20000240                fatFs
 .bss.mp3       0x20000480     0x7972 CMakeFiles/OpenMp3Trigger.dir/App/Src/memory.c.obj
                0x20000480                mp3
 *fill*         0x20007df2        0x2 
 .bss.track     0x20007df4     0x6000 CMakeFiles/OpenMp3Trigger.dir/App/Src/memory.c.obj
                0x20007df4                track
 *fill*         0x2000ddf4        0xc 
 .bss.gVoiceSdBuff
                0x2000de00      0x800 CMakeFiles/OpenMp3Trigger.dir/App/Src/memory.c.obj
                0x2000de00                gVoiceSdBuff
 .bss.gMmcDoneFlag
                0x2000e600        0x1 CMakeFiles/OpenMp3Trigger.dir/App/Src/bios.c.obj
                0x2000e600                gMmcDoneFlag
 *fill*         0x2000e601        0x3 
 .bss.pCID      0x2000e604       0x18 CMakeFiles/OpenMp3Trigger.dir/App/Src/bios.c.obj
                0x2000e604                pCID
 .bss.pCSD      0x2000e61c       0x2c CMakeFiles/OpenMp3Trigger.dir/App/Src/bios.c.obj
                0x2000e61c                pCSD
 .bss.pCardInfo
                0x2000e648       0x20 CMakeFiles/OpenMp3Trigger.dir/App/Src/bios.c.obj
                0x2000e648                pCardInfo
 .bss.gTxBuffer
                0x2000e668      0x400 CMakeFiles/OpenMp3Trigger.dir/App/Src/bios.c.obj
                0x2000e668                gTxBuffer
 .bss.gTxInPtr  0x2000ea68        0x2 CMakeFiles/OpenMp3Trigger.dir/App/Src/bios.c.obj
                0x2000ea68                gTxInPtr
 .bss.gTxOutPtr
                0x2000ea6a        0x2 CMakeFiles/OpenMp3Trigger.dir/App/Src/bios.c.obj
                0x2000ea6a                gTxOutPtr
 .bss.gTxIpFlag
                0x2000ea6c        0x1 CMakeFiles/OpenMp3Trigger.dir/App/Src/bios.c.obj
                0x2000ea6c                gTxIpFlag
 *fill*         0x2000ea6d        0x3 
 .bss.gRxBuffer
                0x2000ea70      0x100 CMakeFiles/OpenMp3Trigger.dir/App/Src/bios.c.obj
                0x2000ea70                gRxBuffer
 .bss.gRxInPtr  0x2000eb70        0x2 CMakeFiles/OpenMp3Trigger.dir/App/Src/bios.c.obj
                0x2000eb70                gRxInPtr
 .bss.gRxOutPtr
                0x2000eb72        0x2 CMakeFiles/OpenMp3Trigger.dir/App/Src/bios.c.obj
                0x2000eb72                gRxOutPtr
 .bss.gCardInstalledFlag
                0x2000eb74        0x1 CMakeFiles/OpenMp3Trigger.dir/App/Src/player.c.obj
                0x2000eb74                gCardInstalledFlag
 .bss.gSysFlags
                0x2000eb75        0x1 CMakeFiles/OpenMp3Trigger.dir/App/Src/player.c.obj
                0x2000eb75                gSysFlags
 .bss.gNumMP3Voices
                0x2000eb76        0x1 CMakeFiles/OpenMp3Trigger.dir/App/Src/player.c.obj
                0x2000eb76                gNumMP3Voices
 *fill*         0x2000eb77        0x1 
 .bss.gNumMp3Tracks
                0x2000eb78        0x2 CMakeFiles/OpenMp3Trigger.dir/App/Src/player.c.obj
                0x2000eb78                gNumMp3Tracks
 *fill*         0x2000eb7a        0x2 
 .bss.gMsTicks  0x2000eb7c        0x4 CMakeFiles/OpenMp3Trigger.dir/App/Src/player.c.obj
                0x2000eb7c                gMsTicks
 .bss.gLED0_timeout
                0x2000eb80        0x2 CMakeFiles/OpenMp3Trigger.dir/App/Src/player.c.obj
                0x2000eb80                gLED0_timeout
 *fill*         0x2000eb82        0x2 
 .bss.lastHeartBeatTicks
                0x2000eb84        0x4 CMakeFiles/OpenMp3Trigger.dir/App/Src/player.c.obj
                0x2000eb84                lastHeartBeatTicks
 .bss.lastSdCardCheckTicks
                0x2000eb88        0x4 CMakeFiles/OpenMp3Trigger.dir/App/Src/player.c.obj
                0x2000eb88                lastSdCardCheckTicks
 .bss.conLine   0x2000eb8c       0x40 CMakeFiles/OpenMp3Trigger.dir/App/Src/console.c.obj
                0x2000eb8c                conLine
 .bss.conCount  0x2000ebcc        0x1 CMakeFiles/OpenMp3Trigger.dir/App/Src/console.c.obj
                0x2000ebcc                conCount
 .bss.conPtr    0x2000ebcd        0x1 CMakeFiles/OpenMp3Trigger.dir/App/Src/console.c.obj
                0x2000ebcd                conPtr
 *fill*         0x2000ebce        0x2 
 .bss.conCmd    0x2000ebd0       0x40 CMakeFiles/OpenMp3Trigger.dir/App/Src/console.c.obj
                0x2000ebd0                conCmd
 .bss.conNumParams
                0x2000ec10        0x1 CMakeFiles/OpenMp3Trigger.dir/App/Src/console.c.obj
                0x2000ec10                conNumParams
 *fill*         0x2000ec11        0x3 
 .bss.conParam  0x2000ec14       0x20 CMakeFiles/OpenMp3Trigger.dir/App/Src/console.c.obj
                0x2000ec14                conParam
 .bss.gMP3VoiceNum
                0x2000ec34        0x2 CMakeFiles/OpenMp3Trigger.dir/App/Src/mp3decode.c.obj
                0x2000ec34                gMP3VoiceNum
 .bss.mp3StreamErrorFlag
                0x2000ec36        0x1 CMakeFiles/OpenMp3Trigger.dir/App/Src/mp3decode.c.obj
                0x2000ec36                mp3StreamErrorFlag
 *fill*         0x2000ec37        0x1 
 .bss.g_MP3Decoder
                0x2000ec38     0x6070 CMakeFiles/OpenMp3Trigger.dir/App/Src/mp3decode.c.obj
                0x2000ec38                g_MP3Decoder
 .bss.FatFs     0x20014ca8        0x4 CMakeFiles/OpenMp3Trigger.dir/App/FatFs/ff.c.obj
 .bss.Fsid      0x20014cac        0x2 CMakeFiles/OpenMp3Trigger.dir/App/FatFs/ff.c.obj
 *(COMMON)
                0x20014cb0                        . = ALIGN (0x4)
 *fill*         0x20014cae        0x2 
                0x20014cb0                        _ebss = .
                0x20014cb0                        __bss_end__ = _ebss

._user_heap_stack
                0x20014cb0      0xa00
                0x20014cb0                        . = ALIGN (0x8)
                [!provide]                        PROVIDE (end = .)
                0x20014cb0                        PROVIDE (_end = .)
                0x20014eb0                        . = (. + _Min_Heap_Size)
 *fill*         0x20014cb0      0x200 
                0x200156b0                        . = (. + _Min_Stack_Size)
 *fill*         0x20014eb0      0x800 
                0x200156b0                        . = ALIGN (0x8)

/DISCARD/
 libc.a(*)
 libm.a(*)
 libgcc.a(*)
OUTPUT(OpenMp3Trigger.elf elf32-littlearm)
LOAD linker stubs
LOAD C:/ST/STM32CubeCLT_1.18.0/GNU-tools-for-STM32/bin/../lib/gcc/arm-none-eabi/13.3.1/../../../../arm-none-eabi/lib/thumb/v7e-m+fp/softfp\libc.a
LOAD C:/ST/STM32CubeCLT_1.18.0/GNU-tools-for-STM32/bin/../lib/gcc/arm-none-eabi/13.3.1/../../../../arm-none-eabi/lib/thumb/v7e-m+fp/softfp\libm.a
LOAD C:/ST/STM32CubeCLT_1.18.0/GNU-tools-for-STM32/bin/../lib/gcc/arm-none-eabi/13.3.1/thumb/v7e-m+fp/softfp\libgcc.a

.ARM.attributes
                0x00000000       0x30
 .ARM.attributes
                0x00000000       0x22 C:/ST/STM32CubeCLT_1.18.0/GNU-tools-for-STM32/bin/../lib/gcc/arm-none-eabi/13.3.1/thumb/v7e-m+fp/softfp/crti.o
 .ARM.attributes
                0x00000022       0x32 C:/ST/STM32CubeCLT_1.18.0/GNU-tools-for-STM32/bin/../lib/gcc/arm-none-eabi/13.3.1/thumb/v7e-m+fp/softfp/crtbegin.o
 .ARM.attributes
                0x00000054       0x32 C:/ST/STM32CubeCLT_1.18.0/GNU-tools-for-STM32/bin/../lib/gcc/arm-none-eabi/13.3.1/../../../../arm-none-eabi/lib/thumb/v7e-m+fp/softfp\libc_nano.a(libc_a-memset.o)
 .ARM.attributes
                0x00000086       0x32 C:/ST/STM32CubeCLT_1.18.0/GNU-tools-for-STM32/bin/../lib/gcc/arm-none-eabi/13.3.1/../../../../arm-none-eabi/lib/thumb/v7e-m+fp/softfp\libc_nano.a(libc_a-init.o)
 .ARM.attributes
                0x000000b8       0x32 cmake/stm32cubemx/CMakeFiles/STM32_Drivers.dir/__/__/Core/Src/system_stm32f4xx.c.obj
 .ARM.attributes
                0x000000ea       0x32 cmake/stm32cubemx/CMakeFiles/STM32_Drivers.dir/__/__/Drivers/STM32F4xx_HAL_Driver/Src/stm32f4xx_hal_i2s.c.obj
 .ARM.attributes
                0x0000011c       0x32 cmake/stm32cubemx/CMakeFiles/STM32_Drivers.dir/__/__/Drivers/STM32F4xx_HAL_Driver/Src/stm32f4xx_hal_i2s_ex.c.obj
 .ARM.attributes
                0x0000014e       0x32 cmake/stm32cubemx/CMakeFiles/STM32_Drivers.dir/__/__/Drivers/STM32F4xx_HAL_Driver/Src/stm32f4xx_hal_rcc.c.obj
 .ARM.attributes
                0x00000180       0x32 cmake/stm32cubemx/CMakeFiles/STM32_Drivers.dir/__/__/Drivers/STM32F4xx_HAL_Driver/Src/stm32f4xx_hal_rcc_ex.c.obj
 .ARM.attributes
                0x000001b2       0x32 cmake/stm32cubemx/CMakeFiles/STM32_Drivers.dir/__/__/Drivers/STM32F4xx_HAL_Driver/Src/stm32f4xx_hal_gpio.c.obj
 .ARM.attributes
                0x000001e4       0x32 cmake/stm32cubemx/CMakeFiles/STM32_Drivers.dir/__/__/Drivers/STM32F4xx_HAL_Driver/Src/stm32f4xx_hal_dma.c.obj
 .ARM.attributes
                0x00000216       0x32 cmake/stm32cubemx/CMakeFiles/STM32_Drivers.dir/__/__/Drivers/STM32F4xx_HAL_Driver/Src/stm32f4xx_hal_cortex.c.obj
 .ARM.attributes
                0x00000248       0x32 cmake/stm32cubemx/CMakeFiles/STM32_Drivers.dir/__/__/Drivers/STM32F4xx_HAL_Driver/Src/stm32f4xx_hal.c.obj
 .ARM.attributes
                0x0000027a       0x32 cmake/stm32cubemx/CMakeFiles/STM32_Drivers.dir/__/__/Drivers/STM32F4xx_HAL_Driver/Src/stm32f4xx_ll_rcc.c.obj
 .ARM.attributes
                0x000002ac       0x32 cmake/stm32cubemx/CMakeFiles/STM32_Drivers.dir/__/__/Drivers/STM32F4xx_HAL_Driver/Src/stm32f4xx_ll_sdmmc.c.obj
 .ARM.attributes
                0x000002de       0x32 cmake/stm32cubemx/CMakeFiles/STM32_Drivers.dir/__/__/Drivers/STM32F4xx_HAL_Driver/Src/stm32f4xx_hal_sd.c.obj
 .ARM.attributes
                0x00000310       0x32 cmake/stm32cubemx/CMakeFiles/STM32_Drivers.dir/__/__/Drivers/STM32F4xx_HAL_Driver/Src/stm32f4xx_ll_tim.c.obj
 .ARM.attributes
                0x00000342       0x32 cmake/stm32cubemx/CMakeFiles/STM32_Drivers.dir/__/__/Drivers/STM32F4xx_HAL_Driver/Src/stm32f4xx_ll_gpio.c.obj
 .ARM.attributes
                0x00000374       0x32 cmake/stm32cubemx/CMakeFiles/STM32_Drivers.dir/__/__/Drivers/STM32F4xx_HAL_Driver/Src/stm32f4xx_ll_usart.c.obj
 .ARM.attributes
                0x000003a6       0x32 CMakeFiles/OpenMp3Trigger.dir/Core/Src/main.c.obj
 .ARM.attributes
                0x000003d8       0x32 CMakeFiles/OpenMp3Trigger.dir/Core/Src/stm32f4xx_it.c.obj
 .ARM.attributes
                0x0000040a       0x32 CMakeFiles/OpenMp3Trigger.dir/Core/Src/stm32f4xx_hal_msp.c.obj
 .ARM.attributes
                0x0000043c       0x21 CMakeFiles/OpenMp3Trigger.dir/startup_stm32f405xx.s.obj
 .ARM.attributes
                0x0000045d       0x32 CMakeFiles/OpenMp3Trigger.dir/App/Src/memory.c.obj
 .ARM.attributes
                0x0000048f       0x32 CMakeFiles/OpenMp3Trigger.dir/App/Src/bios.c.obj
 .ARM.attributes
                0x000004c1       0x32 CMakeFiles/OpenMp3Trigger.dir/App/Src/player.c.obj
 .ARM.attributes
                0x000004f3       0x32 CMakeFiles/OpenMp3Trigger.dir/App/Src/console.c.obj
 .ARM.attributes
                0x00000525       0x32 CMakeFiles/OpenMp3Trigger.dir/App/Src/mp3decode.c.obj
 .ARM.attributes
                0x00000557       0x32 CMakeFiles/OpenMp3Trigger.dir/App/Src/track.c.obj
 .ARM.attributes
                0x00000589       0x32 CMakeFiles/OpenMp3Trigger.dir/App/Src/mp3.c.obj
 .ARM.attributes
                0x000005bb       0x32 CMakeFiles/OpenMp3Trigger.dir/App/Src/ffdisk.c.obj
 .ARM.attributes
                0x000005ed       0x32 CMakeFiles/OpenMp3Trigger.dir/App/FatFs/ff.c.obj
 .ARM.attributes
                0x0000061f       0x43 C:/Projects/STM32-VSC/OpenMP3Trigger/App/Lib\lib_mp3decoder_cortex_m4_v2.2.0.a(mp3d_htab_armv4.o)
 .ARM.attributes
                0x00000662       0x39 C:/Projects/STM32-VSC/OpenMP3Trigger/App/Lib\lib_mp3decoder_cortex_m4_v2.2.0.a(mp3d_bitio_armv4.o)
 .ARM.attributes
                0x0000069b       0x39 C:/Projects/STM32-VSC/OpenMP3Trigger/App/Lib\lib_mp3decoder_cortex_m4_v2.2.0.a(mp3d_copypcmsamples_armv4.o)
 .ARM.attributes
                0x000006d4       0x39 C:/Projects/STM32-VSC/OpenMP3Trigger/App/Lib\lib_mp3decoder_cortex_m4_v2.2.0.a(mp3d_dealias_armv5e.o)
 .ARM.attributes
                0x0000070d       0x39 C:/Projects/STM32-VSC/OpenMP3Trigger/App/Lib\lib_mp3decoder_cortex_m4_v2.2.0.a(mp3d_huffdec_armv7e-m.o)
 .ARM.attributes
                0x00000746       0x39 C:/Projects/STM32-VSC/OpenMP3Trigger/App/Lib\lib_mp3decoder_cortex_m4_v2.2.0.a(mp3d_imdct3612_armv5e.o)
 .ARM.attributes
                0x0000077f       0x39 C:/Projects/STM32-VSC/OpenMP3Trigger/App/Lib\lib_mp3decoder_cortex_m4_v2.2.0.a(mp3d_reorder_armv4.o)
 .ARM.attributes
                0x000007b8       0x39 C:/Projects/STM32-VSC/OpenMP3Trigger/App/Lib\lib_mp3decoder_cortex_m4_v2.2.0.a(mp3d_stereo_armv4.o)
 .ARM.attributes
                0x000007f1       0x39 C:/Projects/STM32-VSC/OpenMP3Trigger/App/Lib\lib_mp3decoder_cortex_m4_v2.2.0.a(mp3d_synfilt_armv7e-m.o)
 .ARM.attributes
                0x0000082a       0x22 C:/ST/STM32CubeCLT_1.18.0/GNU-tools-for-STM32/bin/../lib/gcc/arm-none-eabi/13.3.1/thumb/v7e-m+fp/softfp\libgcc.a(_aeabi_uldivmod.o)
 .ARM.attributes
                0x0000084c       0x32 C:/ST/STM32CubeCLT_1.18.0/GNU-tools-for-STM32/bin/../lib/gcc/arm-none-eabi/13.3.1/thumb/v7e-m+fp/softfp\libgcc.a(_udivmoddi4.o)
 .ARM.attributes
                0x0000087e       0x22 C:/ST/STM32CubeCLT_1.18.0/GNU-tools-for-STM32/bin/../lib/gcc/arm-none-eabi/13.3.1/thumb/v7e-m+fp/softfp\libgcc.a(_dvmd_tls.o)
 .ARM.attributes
                0x000008a0       0x32 C:/ST/STM32CubeCLT_1.18.0/GNU-tools-for-STM32/bin/../lib/gcc/arm-none-eabi/13.3.1/../../../../arm-none-eabi/lib/thumb/v7e-m+fp/softfp\libg_nano.a(libc_a-memcmp.o)
 .ARM.attributes
                0x000008d2       0x32 C:/ST/STM32CubeCLT_1.18.0/GNU-tools-for-STM32/bin/../lib/gcc/arm-none-eabi/13.3.1/../../../../arm-none-eabi/lib/thumb/v7e-m+fp/softfp\libg_nano.a(libc_a-strchr.o)
 .ARM.attributes
                0x00000904       0x20 C:/ST/STM32CubeCLT_1.18.0/GNU-tools-for-STM32/bin/../lib/gcc/arm-none-eabi/13.3.1/../../../../arm-none-eabi/lib/thumb/v7e-m+fp/softfp\libg_nano.a(libc_a-strcmp.o)
 .ARM.attributes
                0x00000924       0x32 C:/ST/STM32CubeCLT_1.18.0/GNU-tools-for-STM32/bin/../lib/gcc/arm-none-eabi/13.3.1/../../../../arm-none-eabi/lib/thumb/v7e-m+fp/softfp\libg_nano.a(libc_a-memcpy-stub.o)
 .ARM.attributes
                0x00000956       0x17 C:/ST/STM32CubeCLT_1.18.0/GNU-tools-for-STM32/bin/../lib/gcc/arm-none-eabi/13.3.1/../../../../arm-none-eabi/lib/thumb/v7e-m+fp/softfp\libg_nano.a(libc_a-strlen.o)
 .ARM.attributes
                0x0000096d       0x22 C:/ST/STM32CubeCLT_1.18.0/GNU-tools-for-STM32/bin/../lib/gcc/arm-none-eabi/13.3.1/thumb/v7e-m+fp/softfp/crtn.o

.comment        0x00000000      0xb53
 .comment       0x00000000       0x43 cmake/stm32cubemx/CMakeFiles/STM32_Drivers.dir/__/__/Core/Src/system_stm32f4xx.c.obj
                                 0x44 (size before relaxing)
 .comment       0x00000043       0x44 cmake/stm32cubemx/CMakeFiles/STM32_Drivers.dir/__/__/Drivers/STM32F4xx_HAL_Driver/Src/stm32f4xx_hal_i2s.c.obj
 .comment       0x00000043       0x44 cmake/stm32cubemx/CMakeFiles/STM32_Drivers.dir/__/__/Drivers/STM32F4xx_HAL_Driver/Src/stm32f4xx_hal_i2s_ex.c.obj
 .comment       0x00000043       0x44 cmake/stm32cubemx/CMakeFiles/STM32_Drivers.dir/__/__/Drivers/STM32F4xx_HAL_Driver/Src/stm32f4xx_hal_rcc.c.obj
 .comment       0x00000043       0x44 cmake/stm32cubemx/CMakeFiles/STM32_Drivers.dir/__/__/Drivers/STM32F4xx_HAL_Driver/Src/stm32f4xx_hal_rcc_ex.c.obj
 .comment       0x00000043       0x44 cmake/stm32cubemx/CMakeFiles/STM32_Drivers.dir/__/__/Drivers/STM32F4xx_HAL_Driver/Src/stm32f4xx_hal_gpio.c.obj
 .comment       0x00000043       0x44 cmake/stm32cubemx/CMakeFiles/STM32_Drivers.dir/__/__/Drivers/STM32F4xx_HAL_Driver/Src/stm32f4xx_hal_dma.c.obj
 .comment       0x00000043       0x44 cmake/stm32cubemx/CMakeFiles/STM32_Drivers.dir/__/__/Drivers/STM32F4xx_HAL_Driver/Src/stm32f4xx_hal_cortex.c.obj
 .comment       0x00000043       0x44 cmake/stm32cubemx/CMakeFiles/STM32_Drivers.dir/__/__/Drivers/STM32F4xx_HAL_Driver/Src/stm32f4xx_hal.c.obj
 .comment       0x00000043       0x44 cmake/stm32cubemx/CMakeFiles/STM32_Drivers.dir/__/__/Drivers/STM32F4xx_HAL_Driver/Src/stm32f4xx_ll_rcc.c.obj
 .comment       0x00000043       0x44 cmake/stm32cubemx/CMakeFiles/STM32_Drivers.dir/__/__/Drivers/STM32F4xx_HAL_Driver/Src/stm32f4xx_ll_sdmmc.c.obj
 .comment       0x00000043       0x44 cmake/stm32cubemx/CMakeFiles/STM32_Drivers.dir/__/__/Drivers/STM32F4xx_HAL_Driver/Src/stm32f4xx_hal_sd.c.obj
 .comment       0x00000043       0x44 cmake/stm32cubemx/CMakeFiles/STM32_Drivers.dir/__/__/Drivers/STM32F4xx_HAL_Driver/Src/stm32f4xx_ll_tim.c.obj
 .comment       0x00000043       0x44 cmake/stm32cubemx/CMakeFiles/STM32_Drivers.dir/__/__/Drivers/STM32F4xx_HAL_Driver/Src/stm32f4xx_ll_gpio.c.obj
 .comment       0x00000043       0x44 cmake/stm32cubemx/CMakeFiles/STM32_Drivers.dir/__/__/Drivers/STM32F4xx_HAL_Driver/Src/stm32f4xx_ll_usart.c.obj
 .comment       0x00000043       0x44 CMakeFiles/OpenMp3Trigger.dir/Core/Src/main.c.obj
 .comment       0x00000043       0x44 CMakeFiles/OpenMp3Trigger.dir/Core/Src/stm32f4xx_it.c.obj
 .comment       0x00000043       0x44 CMakeFiles/OpenMp3Trigger.dir/Core/Src/stm32f4xx_hal_msp.c.obj
 .comment       0x00000043       0x44 CMakeFiles/OpenMp3Trigger.dir/App/Src/memory.c.obj
 .comment       0x00000043       0x44 CMakeFiles/OpenMp3Trigger.dir/App/Src/bios.c.obj
 .comment       0x00000043       0x44 CMakeFiles/OpenMp3Trigger.dir/App/Src/player.c.obj
 .comment       0x00000043       0x44 CMakeFiles/OpenMp3Trigger.dir/App/Src/console.c.obj
 .comment       0x00000043       0x44 CMakeFiles/OpenMp3Trigger.dir/App/Src/mp3decode.c.obj
 .comment       0x00000043       0x44 CMakeFiles/OpenMp3Trigger.dir/App/Src/track.c.obj
 .comment       0x00000043       0x44 CMakeFiles/OpenMp3Trigger.dir/App/Src/mp3.c.obj
 .comment       0x00000043       0x44 CMakeFiles/OpenMp3Trigger.dir/App/Src/ffdisk.c.obj
 .comment       0x00000043       0x44 CMakeFiles/OpenMp3Trigger.dir/App/FatFs/ff.c.obj
 .comment       0x00000043      0x21c C:/Projects/STM32-VSC/OpenMP3Trigger/App/Lib\lib_mp3decoder_cortex_m4_v2.2.0.a(mp3d_htab_armv4.o)
 .comment       0x0000025f      0x114 C:/Projects/STM32-VSC/OpenMP3Trigger/App/Lib\lib_mp3decoder_cortex_m4_v2.2.0.a(mp3d_bitio_armv4.o)
 .comment       0x00000373      0x128 C:/Projects/STM32-VSC/OpenMP3Trigger/App/Lib\lib_mp3decoder_cortex_m4_v2.2.0.a(mp3d_copypcmsamples_armv4.o)
 .comment       0x0000049b      0x11c C:/Projects/STM32-VSC/OpenMP3Trigger/App/Lib\lib_mp3decoder_cortex_m4_v2.2.0.a(mp3d_dealias_armv5e.o)
 .comment       0x000005b7      0x124 C:/Projects/STM32-VSC/OpenMP3Trigger/App/Lib\lib_mp3decoder_cortex_m4_v2.2.0.a(mp3d_huffdec_armv7e-m.o)
 .comment       0x000006db      0x124 C:/Projects/STM32-VSC/OpenMP3Trigger/App/Lib\lib_mp3decoder_cortex_m4_v2.2.0.a(mp3d_imdct3612_armv5e.o)
 .comment       0x000007ff      0x118 C:/Projects/STM32-VSC/OpenMP3Trigger/App/Lib\lib_mp3decoder_cortex_m4_v2.2.0.a(mp3d_reorder_armv4.o)
 .comment       0x00000917      0x118 C:/Projects/STM32-VSC/OpenMP3Trigger/App/Lib\lib_mp3decoder_cortex_m4_v2.2.0.a(mp3d_stereo_armv4.o)
 .comment       0x00000a2f      0x124 C:/Projects/STM32-VSC/OpenMP3Trigger/App/Lib\lib_mp3decoder_cortex_m4_v2.2.0.a(mp3d_synfilt_armv7e-m.o)
 .comment       0x00000b53       0x44 C:/ST/STM32CubeCLT_1.18.0/GNU-tools-for-STM32/bin/../lib/gcc/arm-none-eabi/13.3.1/../../../../arm-none-eabi/lib/thumb/v7e-m+fp/softfp\libg_nano.a(libc_a-memcmp.o)
 .comment       0x00000b53       0x44 C:/ST/STM32CubeCLT_1.18.0/GNU-tools-for-STM32/bin/../lib/gcc/arm-none-eabi/13.3.1/../../../../arm-none-eabi/lib/thumb/v7e-m+fp/softfp\libg_nano.a(libc_a-strchr.o)
 .comment       0x00000b53       0x44 C:/ST/STM32CubeCLT_1.18.0/GNU-tools-for-STM32/bin/../lib/gcc/arm-none-eabi/13.3.1/../../../../arm-none-eabi/lib/thumb/v7e-m+fp/softfp\libg_nano.a(libc_a-memcpy-stub.o)

.arm_vfe_header
                0x00000000        0x4
 .arm_vfe_header
                0x00000000        0x4 C:/Projects/STM32-VSC/OpenMP3Trigger/App/Lib\lib_mp3decoder_cortex_m4_v2.2.0.a(mp3d_htab_armv4.o)

.debug_frame    0x00000000     0x5190
 .debug_frame   0x00000000       0x20 C:/ST/STM32CubeCLT_1.18.0/GNU-tools-for-STM32/bin/../lib/gcc/arm-none-eabi/13.3.1/../../../../arm-none-eabi/lib/thumb/v7e-m+fp/softfp\libc_nano.a(libc_a-memset.o)
 .debug_frame   0x00000020       0x2c C:/ST/STM32CubeCLT_1.18.0/GNU-tools-for-STM32/bin/../lib/gcc/arm-none-eabi/13.3.1/../../../../arm-none-eabi/lib/thumb/v7e-m+fp/softfp\libc_nano.a(libc_a-init.o)
 .debug_frame   0x0000004c       0x58 cmake/stm32cubemx/CMakeFiles/STM32_Drivers.dir/__/__/Core/Src/system_stm32f4xx.c.obj